Component: ARM Compiler 5.06 update 7 (build 960) Tool: armlink [4d3601]

==============================================================================

Section Cross References

    main.o(.text) refers to misc.o(.text) for NVIC_PriorityGroupConfig
    main.o(.text) refers to bsp.o(.text) for BSP_Init
    main.o(.text) refers to led_task.o(.text) for Led_Tast_Creat
    main.o(.text) refers to remoter_task.o(.text) for RemoteControl_Task_Creat
    main.o(.text) refers to tasks.o(.text) for vTaskStartScheduler
    system_stm32f10x.o(.text) refers to system_stm32f10x.o(.data) for .data
    led_task.o(.text) refers to bsp_can.o(.text) for Can_Send_Msg_TEXT
    led_task.o(.text) refers to tasks.o(.text) for vTaskDelay
    led_task.o(.text) refers to led_task.o(.data) for .data
    zlac8015d_motor_task.o(.text) refers to bsp_can.o(.text) for Can_Send_Msg_TEXT
    zlac8015d_motor_task.o(.text) refers to bsp_delay.o(.text) for delay_ms
    remoter_task.o(.text) refers to bsp_can.o(.text) for Can_Send_Msg_TEXT
    remoter_task.o(.text) refers to bsp_delay.o(.text) for delay_ms
    remoter_task.o(.text) refers to zlac8015d_motor_task.o(.text) for ZLAC8015D_Test
    remoter_task.o(.text) refers to tasks.o(.text) for vTaskDelay
    remoter_task.o(.text) refers to remoter_task.o(.data) for .data
    remoter_task.o(.text) refers to remoter_task.o(.bss) for .bss
    bsp.o(.text) refers to bsp_nrf.o(.text) for NRF24L01_Init
    bsp.o(.text) refers to bsp_delay.o(.text) for delay_init
    bsp.o(.text) refers to bsp_usart.o(.text) for uart_init
    bsp.o(.text) refers to bsp_led.o(.text) for LED_Initializes
    bsp.o(.text) refers to bsp_can.o(.text) for CAN1_Init
    bsp_delay.o(.text) refers to tasks.o(.text) for xTaskGetSchedulerState
    bsp_delay.o(.text) refers to port.o(.text) for xPortSysTickHandler
    bsp_delay.o(.text) refers to misc.o(.text) for SysTick_CLKSourceConfig
    bsp_delay.o(.text) refers to system_stm32f10x.o(.data) for SystemCoreClock
    bsp_delay.o(.text) refers to bsp_delay.o(.data) for .data
    bsp_led.o(.text) refers to stm32f10x_rcc.o(.text) for RCC_APB2PeriphClockCmd
    bsp_led.o(.text) refers to stm32f10x_gpio.o(.text) for GPIO_Init
    bsp_timer.o(.text) refers to stm32f10x_rcc.o(.text) for RCC_APB1PeriphClockCmd
    bsp_timer.o(.text) refers to stm32f10x_tim.o(.text) for TIM_TimeBaseInit
    bsp_timer.o(.text) refers to misc.o(.text) for NVIC_Init
    bsp_timer.o(.text) refers to noretval__2printf.o(.text) for __2printf
    bsp_usart.o(.text) refers (Special) to use_no_semi_2.o(.text) for __use_no_semihosting
    bsp_usart.o(.text) refers to stm32f10x_rcc.o(.text) for RCC_APB2PeriphClockCmd
    bsp_usart.o(.text) refers to stm32f10x_gpio.o(.text) for GPIO_Init
    bsp_usart.o(.text) refers to misc.o(.text) for NVIC_Init
    bsp_usart.o(.text) refers to stm32f10x_usart.o(.text) for USART_Init
    bsp_usart.o(.text) refers to remoter_task.o(.text) for SBUS_Process
    bsp_usart.o(.text) refers to bsp_usart.o(.data) for .data
    bsp_usart.o(.bss) refers (Special) to use_no_semi_2.o(.text) for __use_no_semihosting
    bsp_usart.o(.data) refers (Special) to use_no_semi_2.o(.text) for __use_no_semihosting
    bsp_usart.o(.data) refers (Special) to use_no_semi_2.o(.text) for __use_no_semihosting
    bsp_usart.o(.data) refers (Special) to use_no_semi_2.o(.text) for __use_no_semihosting
    bsp_nrf.o(.text) refers to stm32f10x_rcc.o(.text) for RCC_APB2PeriphClockCmd
    bsp_nrf.o(.text) refers to stm32f10x_gpio.o(.text) for GPIO_Init
    bsp_nrf.o(.text) refers to bsp_spi.o(.text) for SPI1_Init
    bsp_nrf.o(.text) refers to stm32f10x_spi.o(.text) for SPI_Cmd
    bsp_nrf.o(.text) refers to bsp_nrf.o(.constdata) for .constdata
    bsp_can.o(.text) refers to stm32f10x_rcc.o(.text) for RCC_APB2PeriphClockCmd
    bsp_can.o(.text) refers to stm32f10x_gpio.o(.text) for GPIO_Init
    bsp_can.o(.text) refers to stm32f10x_can.o(.text) for CAN_Init
    bsp_can.o(.text) refers to misc.o(.text) for NVIC_Init
    bsp_spi.o(.text) refers to stm32f10x_spi.o(.text) for SPI_I2S_GetFlagStatus
    bsp_spi.o(.text) refers to stm32f10x_rcc.o(.text) for RCC_APB2PeriphClockCmd
    bsp_spi.o(.text) refers to stm32f10x_gpio.o(.text) for GPIO_Init
    bsp_spi.o(.text) refers to bsp_spi.o(.bss) for .bss
    startup_stm32f10x_hd.o(STACK) refers (Special) to heapauxi.o(.text) for __use_two_region_memory
    startup_stm32f10x_hd.o(HEAP) refers (Special) to heapauxi.o(.text) for __use_two_region_memory
    startup_stm32f10x_hd.o(RESET) refers (Special) to heapauxi.o(.text) for __use_two_region_memory
    startup_stm32f10x_hd.o(RESET) refers to startup_stm32f10x_hd.o(STACK) for __initial_sp
    startup_stm32f10x_hd.o(RESET) refers to startup_stm32f10x_hd.o(.text) for Reset_Handler
    startup_stm32f10x_hd.o(RESET) refers to stm32f10x_it.o(.text) for NMI_Handler
    startup_stm32f10x_hd.o(RESET) refers to port.o(.emb_text) for SVC_Handler
    startup_stm32f10x_hd.o(RESET) refers to bsp_delay.o(.text) for SysTick_Handler
[...]
    prvUnlockQueue                           0x08003899   Thumb Code   118  queue.o(.text)
    prvCopyDataFromQueue                     0x08003e7d   Thumb Code    38  queue.o(.text)
    prvIsQueueEmpty                          0x08004411   Thumb Code    26  queue.o(.text)
    .text                                    0x08004434   Section        0  tasks.o(.text)
    prvAddNewTaskToReadyList                 0x08004435   Thumb Code   192  tasks.o(.text)
    prvAddCurrentTaskToDelayedList           0x08004761   Thumb Code   102  tasks.o(.text)
    prvTaskIsTaskSuspended                   0x08004b17   Thumb Code    48  tasks.o(.text)
    prvIdleTask                              0x08004c4d   Thumb Code    80  tasks.o(.text)
    prvListTasksWithinSingleList             0x08004dbf   Thumb Code    84  tasks.o(.text)
    prvInitialiseNewTask                     0x080057f1   Thumb Code   188  tasks.o(.text)
    prvResetNextTaskUnblockTime              0x080058ad   Thumb Code    24  tasks.o(.text)
    prvDeleteTCB                             0x080058c5   Thumb Code    20  tasks.o(.text)
    .text                                    0x080058dc   Section        0  timers.o(.text)
    prvInsertTimerInActiveList               0x080058dd   Thumb Code    52  timers.o(.text)
    prvProcessReceivedCommands               0x0800596f   Thumb Code   248  timers.o(.text)
    prvTimerTask                             0x08005a67   Thumb Code    34  timers.o(.text)
    prvCheckForValidListAndQueue             0x08005a89   Thumb Code    62  timers.o(.text)
    prvSampleTimeNow                         0x08005d19   Thumb Code    36  timers.o(.text)
    prvProcessTimerOrBlockTask               0x08005d3d   Thumb Code   182  timers.o(.text)
    prvSwitchTimerLists                      0x08005df3   Thumb Code   104  timers.o(.text)
    .text                                    0x08005e64   Section        0  heap_4.o(.text)
    prvInsertBlockIntoFreeList               0x08005e65   Thumb Code    72  heap_4.o(.text)
    prvHeapInit                              0x08006069   Thumb Code    66  heap_4.o(.text)
    .text                                    0x080060b4   Section        0  port.o(.text)
    prvTaskExitError                         0x080060b5   Thumb Code    36  port.o(.text)
    .text                                    0x080062b4   Section        2  use_no_semi_2.o(.text)
    .text                                    0x080062b8   Section        0  noretval__2printf.o(.text)
    .text                                    0x080062d0   Section        0  noretval__2sprintf.o(.text)
    .text                                    0x080062f8   Section        0  __printf.o(.text)
    .text                                    0x08006360   Section        0  _printf_str.o(.text)
    .text                                    0x080063b4   Section        0  _printf_dec.o(.text)
    .text                                    0x0800642c   Section        0  strcpy.o(.text)
    .text                                    0x08006474   Section        0  strlen.o(.text)
    .text                                    0x080064b2   Section      138  rt_memcpy_v6.o(.text)
    .text                                    0x0800653c   Section       16  aeabi_memset.o(.text)
    .text                                    0x0800654c   Section       78  rt_memclr_w.o(.text)
    .text                                    0x0800659a   Section        0  heapauxi.o(.text)
    .text                                    0x080065a0   Section        2  use_no_semi.o(.text)
    .text                                    0x080065a2   Section        0  _printf_intcommon.o(.text)
    .text                                    0x08006654   Section        0  _printf_char_common.o(.text)
    _printf_input_char                       0x08006655   Thumb Code    10  _printf_char_common.o(.text)
    .text                                    0x08006684   Section        0  _sputc.o(.text)
    .text                                    0x0800668e   Section        0  _printf_char.o(.text)
    .text                                    0x080066bc   Section        0  _printf_char_file.o(.text)
    .text                                    0x080066e0   Section      100  rt_memcpy_w.o(.text)
    .text                                    0x08006744   Section       68  rt_memclr.o(.text)
    .text                                    0x08006788   Section        0  ferror.o(.text)
    .text                                    0x08006790   Section       74  sys_stackheap_outer.o(.text)
    .text                                    0x080067da   Section        0  exit.o(.text)
    .text                                    0x080067ec   Section        8  libspace.o(.text)
    .constdata                               0x080067f4   Section       10  bsp_nrf.o(.constdata)
    .data                                    0x20000000   Section       20  system_stm32f10x.o(.data)
    .data                                    0x20000014   Section        8  led_task.o(.data)
    .data                                    0x2000001c   Section        3  remoter_task.o(.data)
    sbus_rx_index                            0x2000001c   Data           1  remoter_task.o(.data)
    sbus_frame_started                       0x2000001d   Data           1  remoter_task.o(.data)
    last_ch6_state                           0x2000001e   Data           1  remoter_task.o(.data)
    .data                                    0x20000020   Section        4  bsp_delay.o(.data)
    fac_us                                   0x20000020   Data           1  bsp_delay.o(.data)
    fac_ms                                   0x20000022   Data           2  bsp_delay.o(.data)
    .data                                    0x20000024   Section        4  bsp_usart.o(.data)
    .data                                    0x20000028   Section        1  bsp_usart.o(.data)
    .data                                    0x20000029   Section       20  stm32f10x_rcc.o(.data)
    ADCPrescTable                            0x20000029   Data           4  stm32f10x_rcc.o(.data)
    APBAHBPrescTable                         0x2000002d   Data          16  stm32f10x_rcc.o(.data)
    .data                                    0x20000040   Section       64  tasks.o(.data)
    uxDeletedTasksWaitingCleanUp             0x20000044   Data           4  tasks.o(.data)
    uxCurrentNumberOfTasks                   0x20000048   Data           4  tasks.o(.data)
    xTickCount                               0x2000004c   Data           4  tasks.o(.data)
    uxTopReadyPriority                       0x20000050   Data           4  tasks.o(.data)
    xSchedulerRunning                        0x20000054   Data           4  tasks.o(.data)
    xPendedTicks                             0x20000058   Data           4  tasks.o(.data)
    xYieldPending                            0x2000005c   Data           4  tasks.o(.data)
    xNumOfOverflows                          0x20000060   Data           4  tasks.o(.data)
    uxTaskNumber                             0x20000064   Data           4  tasks.o(.data)
    xNextTaskUnblockTime                     0x20000068   Data           4  tasks.o(.data)
    xIdleTaskHandle                          0x2000006c   Data           4  tasks.o(.data)
    uxSchedulerSuspended                     0x20000074   Data           4  tasks.o(.data)
    pxDelayedTaskList                        0x20000078   Data           4  tasks.o(.data)
    pxOverflowDelayedTaskList                0x2000007c   Data           4  tasks.o(.data)
    .data                                    0x20000080   Section       20  timers.o(.data)
    xTimerQueue                              0x20000080   Data           4  timers.o(.data)
    xTimerTaskHandle                         0x20000084   Data           4  timers.o(.data)
    xLastTime                                0x20000088   Data           4  timers.o(.data)
    pxCurrentTimerList                       0x2000008c   Data           4  timers.o(.data)
    pxOverflowTimerList                      0x20000090   Data           4  timers.o(.data)
    .data                                    0x20000094   Section       32  heap_4.o(.data)
    pxEnd                                    0x20000094   Data           4  heap_4.o(.data)
    xFreeBytesRemaining                      0x20000098   Data           4  heap_4.o(.data)
    xMinimumEverFreeBytesRemaining           0x2000009c   Data           4  heap_4.o(.data)
    xNumberOfSuccessfulAllocations           0x200000a0   Data           4  heap_4.o(.data)
    xNumberOfSuccessfulFrees                 0x200000a4   Data           4  heap_4.o(.data)
    xBlockAllocatedBit                       0x200000a8   Data           4  heap_4.o(.data)
    xStart                                   0x200000ac   Data           8  heap_4.o(.data)
    .data                                    0x200000b4   Section       12  port.o(.data)
    ucMaxSysCallPriority                     0x200000b4   Data           1  port.o(.data)
    uxCriticalNesting                        0x200000b8   Data           4  port.o(.data)
    ulMaxPRIGROUPValue                       0x200000bc   Data           4  port.o(.data)
    .bss                                     0x200000c0   Section       59  remoter_task.o(.bss)
    sbus_rx_buffer                           0x200000e2   Data          25  remoter_task.o(.bss)
    .bss                                     0x200000fc   Section       18  bsp_spi.o(.bss)
    .bss                                     0x20000110   Section       64  queue.o(.bss)
    .bss                                     0x20000150   Section      740  tasks.o(.bss)
    pxReadyTasksLists                        0x20000150   Data         640  tasks.o(.bss)
    xDelayedTaskList1                        0x200003d0   Data          20  tasks.o(.bss)
    xDelayedTaskList2                        0x200003e4   Data          20  tasks.o(.bss)
    xPendingReadyList                        0x200003f8   Data          20  tasks.o(.bss)
    xTasksWaitingTermination                 0x2000040c   Data          20  tasks.o(.bss)
    xSuspendedTaskList                       0x20000420   Data          20  tasks.o(.bss)
    .bss                                     0x20000434   Section       40  timers.o(.bss)
    xActiveTimerList1                        0x20000434   Data          20  timers.o(.bss)
    xActiveTimerList2                        0x20000448   Data          20  timers.o(.bss)
    .bss                                     0x2000045c   Section    10240  heap_4.o(.bss)
    ucHeap                                   0x2000045c   Data       10240  heap_4.o(.bss)
    .bss                                     0x20002c5c   Section       96  libspace.o(.bss)
    HEAP                                     0x20002cc0   Section      512  startup_stm32f10x_hd.o(HEAP)
    Heap_Mem                                 0x20002cc0   Data         512  startup_stm32f10x_hd.o(HEAP)
    STACK                                    0x20002ec0   Section     1024  startup_stm32f10x_hd.o(STACK)
    Stack_Mem                                0x20002ec0   Data        1024  startup_stm32f10x_hd.o(STACK)
    __initial_sp                             0x200032c0   Data           0  startup_stm32f10x_hd.o(STACK)

    Global Symbols

    Symbol Name                              Value     Ov Type        Size  Object(Section)

    BuildAttributes$$THM_ISAv4$P$D$K$B$S$PE$A:L22UL41UL21$X:L11$S22US41US21$IEEE1$IW$USESV6$~STKCKD$USESV7$~SHL$OSPACE$ROPI$EBA8$UX$STANDARDLIB$REQ8$PRES8$EABIv2 0x00000000   Number         0  anon$$obj.o ABSOLUTE
    __ARM_use_no_argv                        0x00000000   Number         0  main.o ABSOLUTE
    __ARM_exceptions_init                     - Undefined Weak Reference
    __alloca_initialize                       - Undefined Weak Reference
    __arm_fini_                               - Undefined Weak Reference
    __arm_preinit_                            - Undefined Weak Reference
    __cpp_initialize__aeabi_                  - Undefined Weak Reference
    __cxa_finalize                            - Undefined Weak Reference
    __rt_locale                               - Undefined Weak Reference
    __sigvec_lookup                           - Undefined Weak Reference
    _atexit_init                              - Undefined Weak Reference
    _call_atexit_fns                          - Undefined Weak Reference
    _clock_init                               - Undefined Weak Reference
    _fp_trap_init                             - Undefined Weak Reference
    _fp_trap_shutdown                         - Undefined Weak Reference
    _get_lc_collate                           - Undefined Weak Reference
    _get_lc_ctype                             - Undefined Weak Reference
    _get_lc_monetary                          - Undefined Weak Reference
    _get_lc_numeric                           - Undefined Weak Reference
    _get_lc_time                              - Undefined Weak Reference
    _getenv_init                              - Undefined Weak Reference
    _handle_redirection                       - Undefined Weak Reference
    _init_alloc                               - Undefined Weak Reference
    _init_user_alloc                          - Undefined Weak Reference
    _initio                                   - Undefined Weak Reference
    _mutex_acquire                            - Undefined Weak Reference
    _mutex_release                            - Undefined Weak Reference
    _printf_mbtowc                            - Undefined Weak Reference
    _printf_post_padding                      - Undefined Weak Reference
    _printf_pre_padding                       - Undefined Weak Reference
    _printf_truncate_signed                   - Undefined Weak Reference
    _printf_truncate_unsigned                 - Undefined Weak Reference
    _rand_init                                - Undefined Weak Reference
    _signal_finish                            - Undefined Weak Reference
    _signal_init                              - Undefined Weak Reference
    _terminate_alloc                          - Undefined Weak Reference
    _terminate_user_alloc                     - Undefined Weak Reference
    _terminateio                              - Undefined Weak Reference
    __Vectors_Size                           0x00000130   Number         0  startup_stm32f10x_hd.o ABSOLUTE
    __Vectors                                0x08000000   Data           4  startup_stm32f10x_hd.o(RESET)
    __Vectors_End                            0x08000130   Data           0  startup_stm32f10x_hd.o(RESET)
    __main                                   0x08000131   Thumb Code     8  __main.o(!!!main)
    __scatterload                            0x08000139   Thumb Code     0  __scatter.o(!!!scatter)
    __scatterload_rt2                        0x08000139   Thumb Code    44  __scatter.o(!!!scatter)
    __scatterload_rt2_thumb_only             0x08000139   Thumb Code     0  __scatter.o(!!!scatter)
    __scatterload_null                       0x08000147   Thumb Code     0  __scatter.o(!!!scatter)
    __scatterload_copy                       0x0800016d   Thumb Code    26  __scatter_copy.o(!!handler_copy)
    __scatterload_zeroinit                   0x08000189   Thumb Code    28  __scatter_zi.o(!!handler_zi)
    _printf_percent                          0x080001a5   Thumb Code     0  _printf_percent.o(.ARM.Collect$$_printf_percent$$00000000)
    _printf_u                                0x080001a5   Thumb Code     0  _printf_u.o(.ARM.Collect$$_printf_percent$$0000000A)
    _printf_c                                0x080001ab   Thumb Code     0  _printf_c.o(.ARM.Collect$$_printf_percent$$00000013)
    _printf_percent_end                      0x080001b1   Thumb Code     0  _printf_percent_end.o(.ARM.Collect$$_printf_percent$$00000017)
    __rt_lib_init                            0x080001b5   Thumb Code     0  libinit.o(.ARM.Collect$$libinit$$00000000)
    __rt_lib_init_alloca_1                   0x080001b7   Thumb Code     0  libinit2.o(.ARM.Collect$$libinit$$0000002E)
    __rt_lib_init_argv_1                     0x080001b7   Thumb Code     0  libinit2.o(.ARM.Collect$$libinit$$0000002C)
    __rt_lib_init_atexit_1                   0x080001b7   Thumb Code     0  libinit2.o(.ARM.Collect$$libinit$$0000001B)
    __rt_lib_init_clock_1                    0x080001b7   Thumb Code     0  libinit2.o(.ARM.Collect$$libinit$$00000021)
    __rt_lib_init_cpp_1                      0x080001b7   Thumb Code     0  libinit2.o(.ARM.Collect$$libinit$$00000032)
    __rt_lib_init_exceptions_1               0x080001b7   Thumb Code     0  libinit2.o(.ARM.Collect$$libinit$$00000030)
    __rt_lib_init_fp_1                       0x080001b7   Thumb Code     0  libinit2.o(.ARM.Collect$$libinit$$00000002)
    __rt_lib_init_fp_trap_1                  0x080001b7   Thumb Code     0  libinit2.o(.ARM.Collect$$libinit$$0000001F)
    __rt_lib_init_getenv_1                   0x080001b7   Thumb Code     0  libinit2.o(.ARM.Collect$$libinit$$00000023)
    __rt_lib_init_heap_1                     0x080001b7   Thumb Code     0  libinit2.o(.ARM.Collect$$libinit$$0000000A)
    __rt_lib_init_lc_collate_1               0x080001b7   Thumb Code     0  libinit2.o(.ARM.Collect$$libinit$$00000011)
    __rt_lib_init_lc_ctype_1                 0x080001b7   Thumb Code     0  libinit2.o(.ARM.Collect$$libinit$$00000013)
    __rt_lib_init_lc_monetary_1              0x080001b7   Thumb Code     0  libinit2.o(.ARM.Collect$$libinit$$00000015)
    __rt_lib_init_lc_numeric_1               0x080001b7   Thumb Code     0  libinit2.o(.ARM.Collect$$libinit$$00000017)
    __rt_lib_init_lc_time_1                  0x080001b7   Thumb Code     0  libinit2.o(.ARM.Collect$$libinit$$00000019)
    __rt_lib_init_preinit_1                  0x080001b7   Thumb Code     0  libinit2.o(.ARM.Collect$$libinit$$00000004)
    __rt_lib_init_rand_1                     0x080001b7   Thumb Code     0  libinit2.o(.ARM.Collect$$libinit$$0000000E)
    __rt_lib_init_return                     0x080001b7   Thumb Code     0  libinit2.o(.ARM.Collect$$libinit$$00000033)
    __rt_lib_init_signal_1                   0x080001b7   Thumb Code     0  libinit2.o(.ARM.Collect$$libinit$$0000001D)
    __rt_lib_init_stdio_1                    0x080001b7   Thumb Code     0  libinit2.o(.ARM.Collect$$libinit$$00000025)
    __rt_lib_init_user_alloc_1               0x080001b7   Thumb Code     0  libinit2.o(.ARM.Collect$$libinit$$0000000C)
    __rt_lib_shutdown                        0x080001b9   Thumb Code     0  libshutdown.o(.ARM.Collect$$libshutdown$$00000000)
    __rt_lib_shutdown_cpp_1                  0x080001bb   Thumb Code     0  libshutdown2.o(.ARM.Collect$$libshutdown$$00000004)
    __rt_lib_shutdown_fini_1                 0x080001bb   Thumb Code     0  libshutdown2.o(.ARM.Collect$$libshutdown$$00000002)
    __rt_lib_shutdown_fp_trap_1              0x080001bb   Thumb Code     0  libshutdown2.o(.ARM.Collect$$libshutdown$$00000009)
    __rt_lib_shutdown_heap_1                 0x080001bb   Thumb Code     0  libshutdown2.o(.ARM.Collect$$libshutdown$$00000011)
    __rt_lib_shutdown_return                 0x080001bb   Thumb Code     0  libshutdown2.o(.ARM.Collect$$libshutdown$$00000012)
    __rt_lib_shutdown_signal_1               0x080001bb   Thumb Code     0  libshutdown2.o(.ARM.Collect$$libshutdown$$0000000C)
    __rt_lib_shutdown_stdio_1                0x080001bb   Thumb Code     0  libshutdown2.o(.ARM.Collect$$libshutdown$$00000006)
    __rt_lib_shutdown_user_alloc_1           0x080001bb   Thumb Code     0  libshutdown2.o(.ARM.Collect$$libshutdown$$0000000E)
    __rt_entry                               0x080001bd   Thumb Code     0  __rtentry.o(.ARM.Collect$$rtentry$$00000000)
    __rt_entry_presh_1                       0x080001bd   Thumb Code     0  __rtentry2.o(.ARM.Collect$$rtentry$$00000002)
    __rt_entry_sh                            0x080001bd   Thumb Code     0  __rtentry4.o(.ARM.Collect$$rtentry$$00000004)
    __rt_entry_li                            0x080001c3   Thumb Code     0  __rtentry2.o(.ARM.Collect$$rtentry$$0000000A)
    __rt_entry_postsh_1                      0x080001c3   Thumb Code     0  __rtentry2.o(.ARM.Collect$$rtentry$$00000009)
    __rt_entry_main                          0x080001c7   Thumb Code     0  __rtentry2.o(.ARM.Collect$$rtentry$$0000000D)
    __rt_entry_postli_1                      0x080001c7   Thumb Code     0  __rtentry2.o(.ARM.Collect$$rtentry$$0000000C)
    __rt_exit                                0x080001cf   Thumb Code     0  rtexit.o(.ARM.Collect$$rtexit$$00000000)
    __rt_exit_ls                             0x080001d1   Thumb Code     0  rtexit2.o(.ARM.Collect$$rtexit$$00000003)
    __rt_exit_prels_1                        0x080001d1   Thumb Code     0  rtexit2.o(.ARM.Collect$$rtexit$$00000002)
    __rt_exit_exit                           0x080001d5   Thumb Code     0  rtexit2.o(.ARM.Collect$$rtexit$$00000004)
    SVC_Handler                              0x080001dd   Thumb Code    32  port.o(.emb_text)
    __asm___6_port_c_39a90d8d__prvStartFirstTask 0x08000201   Thumb Code    28  port.o(.emb_text)
    PendSV_Handler                           0x08000221   Thumb Code    72  port.o(.emb_text)
    vPortGetIPSR                             0x0800026d   Thumb Code     6  port.o(.emb_text)
    main                                     0x08000273   Thumb Code    30  main.o(.text)
    NMI_Handler                              0x08000291   Thumb Code     2  stm32f10x_it.o(.text)
    HardFault_Handler                        0x08000293   Thumb Code     2  stm32f10x_it.o(.text)
    MemManage_Handler                        0x08000295   Thumb Code     2  stm32f10x_it.o(.text)
    BusFault_Handler                         0x08000297   Thumb Code     2  stm32f10x_it.o(.text)
    UsageFault_Handler                       0x08000299   Thumb Code     2  stm32f10x_it.o(.text)
    DebugMon_Handler                         0x0800029b   Thumb Code     2  stm32f10x_it.o(.text)
    SystemInit                               0x0800033d   Thumb Code    64  system_stm32f10x.o(.text)
    SystemCoreClockUpdate                    0x0800037d   Thumb Code    86  system_stm32f10x.o(.text)
    Led_Task                                 0x080003f5   Thumb Code    22  led_task.o(.text)
    Led_Tast_Creat                           0x0800040b   Thumb Code    26  led_task.o(.text)
    Velocity_Set_Init                        0x08000435   Thumb Code   198  zlac8015d_motor_task.o(.text)
    ZLAC8015D_Test                           0x080004fb   Thumb Code     4  zlac8015d_motor_task.o(.text)
    Save_EEPROM                              0x080004ff   Thumb Code    26  zlac8015d_motor_task.o(.text)
    Reset_Driver                             0x08000519   Thumb Code    26  zlac8015d_motor_task.o(.text)
    RPDO0_Config                             0x08000533   Thumb Code   150  zlac8015d_motor_task.o(.text)
    RPDO1_Config                             0x080005c9   Thumb Code   180  zlac8015d_motor_task.o(.text)
    RPDO2_Config                             0x0800067d   Thumb Code   182  zlac8015d_motor_task.o(.text)
    RPDO3_Config                             0x08000733   Thumb Code   184  zlac8015d_motor_task.o(.text)
    TPDO0_Config                             0x080007eb   Thumb Code   268  zlac8015d_motor_task.o(.text)
    TPDO1_Config                             0x080008f7   Thumb Code   234  zlac8015d_motor_task.o(.text)
    TPDO2_Config                             0x080009e1   Thumb Code   290  zlac8015d_motor_task.o(.text)
    TPDO3_Config                             0x08000b03   Thumb Code   234  zlac8015d_motor_task.o(.text)
    NMT_Control                              0x08000bed   Thumb Code    22  zlac8015d_motor_task.o(.text)
    Driver_Enable                            0x08000c03   Thumb Code    76  zlac8015d_motor_task.o(.text)
    Profile_Velocity_Init                    0x08000c4f   Thumb Code   312  zlac8015d_motor_task.o(.text)
    Profile_Velocity_Test                    0x08000d87   Thumb Code    84  zlac8015d_motor_task.o(.text)
    motor_forward                            0x08000ddb   Thumb Code    32  zlac8015d_motor_task.o(.text)
    Remoter_Task_Init                        0x08000e05   Thumb Code     2  remoter_task.o(.text)
    SBUS_Process                             0x08000e07   Thumb Code   300  remoter_task.o(.text)
    SWA_ch5                                  0x08000f33   Thumb Code     2  remoter_task.o(.text)
    SWB_ch6                                  0x08000f35   Thumb Code    28  remoter_task.o(.text)
    motor_set_both_speed                     0x08000f51   Thumb Code    52  remoter_task.o(.text)
    RemoteControl_Task                       0x08000f85   Thumb Code   150  remoter_task.o(.text)
    RemoteControl_Task_Creat                 0x0800101b   Thumb Code    26  remoter_task.o(.text)
    BSP_Init                                 0x08001059   Thumb Code    28  bsp.o(.text)
    SysTick_Handler                          0x08001079   Thumb Code    20  bsp_delay.o(.text)
    delay_init                               0x0800108d   Thumb Code    60  bsp_delay.o(.text)
    delay_us                                 0x080010c9   Thumb Code    48  bsp_delay.o(.text)
    delay_ms                                 0x080010f9   Thumb Code    50  bsp_delay.o(.text)
    delay_xms                                0x0800112b   Thumb Code    26  bsp_delay.o(.text)
    LED_Initializes                          0x08001151   Thumb Code    40  bsp_led.o(.text)
    TIM3_Int_Init                            0x0800117d   Thumb Code    90  bsp_timer.o(.text)
    TIM3_IRQHandler                          0x080011d7   Thumb Code    34  bsp_timer.o(.text)
    _sys_exit                                0x08001211   Thumb Code     2  bsp_usart.o(.text)
    fputc                                    0x08001213   Thumb Code    18  bsp_usart.o(.text)
    uart_init                                0x08001225   Thumb Code   156  bsp_usart.o(.text)
    USART1_IRQHandler                        0x080012c1   Thumb Code    50  bsp_usart.o(.text)
    NRF24L01_Init                            0x08001301   Thumb Code   188  bsp_nrf.o(.text)
    NRF24L01_Read_Buf                        0x080013bd   Thumb Code    54  bsp_nrf.o(.text)
    NRF24L01_Write_Buf                       0x080013f3   Thumb Code    52  bsp_nrf.o(.text)
    NRF24L01_Check                           0x08001427   Thumb Code    68  bsp_nrf.o(.text)
    NRF24L01_Write_Reg                       0x0800146b   Thumb Code    40  bsp_nrf.o(.text)
    NRF24L01_Read_Reg                        0x08001493   Thumb Code    30  bsp_nrf.o(.text)
    NRF24L01_TxPacket                        0x080014b1   Thumb Code    86  bsp_nrf.o(.text)
    NRF24L01_RxPacket                        0x08001507   Thumb Code    56  bsp_nrf.o(.text)
    NRF24L01_RX_Mode                         0x0800153f   Thumb Code    78  bsp_nrf.o(.text)
    NRF24L01_TX_Mode                         0x0800158d   Thumb Code    90  bsp_nrf.o(.text)
    CAN1_Init                                0x08001605   Thumb Code   200  bsp_can.o(.text)
    USB_LP_CAN1_RX0_IRQHandler               0x080016cd   Thumb Code    28  bsp_can.o(.text)
    Can_Send_Msg_TEXT                        0x080016e9   Thumb Code    92  bsp_can.o(.text)
    Can_Receive_Msg                          0x08001745   Thumb Code    54  bsp_can.o(.text)
    SPI1_ReadWriteByte                       0x08001785   Thumb Code    76  bsp_spi.o(.text)
    SPI1_Init                                0x080017d1   Thumb Code   110  bsp_spi.o(.text)
    SPI1_SetSpeed                            0x0800183f   Thumb Code    26  bsp_spi.o(.text)
    Reset_Handler                            0x08001865   Thumb Code     8  startup_stm32f10x_hd.o(.text)
    ADC1_2_IRQHandler                        0x0800187f   Thumb Code     0  startup_stm32f10x_hd.o(.text)
    ADC3_IRQHandler                          0x0800187f   Thumb Code     0  startup_stm32f10x_hd.o(.text)
    CAN1_RX1_IRQHandler                      0x0800187f   Thumb Code     0  startup_stm32f10x_hd.o(.text)
    CAN1_SCE_IRQHandler                      0x0800187f   Thumb Code     0  startup_stm32f10x_hd.o(.text)
    DMA1_Channel1_IRQHandler                 0x0800187f   Thumb Code     0  startup_stm32f10x_hd.o(.text)
    DMA1_Channel2_IRQHandler                 0x0800187f   Thumb Code     0  startup_stm32f10x_hd.o(.text)
    DMA1_Channel3_IRQHandler                 0x0800187f   Thumb Code     0  startup_stm32f10x_hd.o(.text)
    DMA1_Channel4_IRQHandler                 0x0800187f   Thumb Code     0  startup_stm32f10x_hd.o(.text)
    DMA1_Channel5_IRQHandler                 0x0800187f   Thumb Code     0  startup_stm32f10x_hd.o(.text)
    DMA1_Channel6_IRQHandler                 0x0800187f   Thumb Code     0  startup_stm32f10x_hd.o(.text)
    DMA1_Channel7_IRQHandler                 0x0800187f   Thumb Code     0  startup_stm32f10x_hd.o(.text)
    DMA2_Channel1_IRQHandler                 0x0800187f   Thumb Code     0  startup_stm32f10x_hd.o(.text)
    DMA2_Channel2_IRQHandler                 0x0800187f   Thumb Code     0  startup_stm32f10x_hd.o(.text)
    DMA2_Channel3_IRQHandler                 0x0800187f   Thumb Code     0  startup_stm32f10x_hd.o(.text)
    DMA2_Channel4_5_IRQHandler               0x0800187f   Thumb Code     0  startup_stm32f10x_hd.o(.text)
    EXTI0_IRQHandler                         0x0800187f   Thumb Code     0  startup_stm32f10x_hd.o(.text)
    EXTI15_10_IRQHandler                     0x0800187f   Thumb Code     0  startup_stm32f10x_hd.o(.text)
    EXTI1_IRQHandler                         0x0800187f   Thumb Code     0  startup_stm32f10x_hd.o(.text)
    EXTI2_IRQHandler                         0x0800187f   Thumb Code     0  startup_stm32f10x_hd.o(.text)
    EXTI3_IRQHandler                         0x0800187f   Thumb Code     0  startup_stm32f10x_hd.o(.text)
    EXTI4_IRQHandler                         0x0800187f   Thumb Code     0  startup_stm32f10x_hd.o(.text)
    EXTI9_5_IRQHandler                       0x0800187f   Thumb Code     0  startup_stm32f10x_hd.o(.text)
    FLASH_IRQHandler                         0x0800187f   Thumb Code     0  startup_stm32f10x_hd.o(.text)
    FSMC_IRQHandler                          0x0800187f   Thumb Code     0  startup_stm32f10x_hd.o(.text)
    I2C1_ER_IRQHandler                       0x0800187f   Thumb Code     0  startup_stm32f10x_hd.o(.text)
    I2C1_EV_IRQHandler                       0x0800187f   Thumb Code     0  startup_stm32f10x_hd.o(.text)
    I2C2_ER_IRQHandler                       0x0800187f   Thumb Code     0  startup_stm32f10x_hd.o(.text)
    I2C2_EV_IRQHandler                       0x0800187f   Thumb Code     0  startup_stm32f10x_hd.o(.text)
    PVD_IRQHandler                           0x0800187f   Thumb Code     0  startup_stm32f10x_hd.o(.text)
    RCC_IRQHandler                           0x0800187f   Thumb Code     0  startup_stm32f10x_hd.o(.text)
    RTCAlarm_IRQHandler                      0x0800187f   Thumb Code     0  startup_stm32f10x_hd.o(.text)
    RTC_IRQHandler                           0x0800187f   Thumb Code     0  startup_stm32f10x_hd.o(.text)
    SDIO_IRQHandler                          0x0800187f   Thumb Code     0  startup_stm32f10x_hd.o(.text)
    SPI1_IRQHandler                          0x0800187f   Thumb Code     0  startup_stm32f10x_hd.o(.text)
    SPI2_IRQHandler                          0x0800187f   Thumb Code     0  startup_stm32f10x_hd.o(.text)
    SPI3_IRQHandler                          0x0800187f   Thumb Code     0  startup_stm32f10x_hd.o(.text)
    TAMPER_IRQHandler                        0x0800187f   Thumb Code     0  startup_stm32f10x_hd.o(.text)
    TIM1_BRK_IRQHandler                      0x0800187f   Thumb Code     0  startup_stm32f10x_hd.o(.text)
    TIM1_CC_IRQHandler                       0x0800187f   Thumb Code     0  startup_stm32f10x_hd.o(.text)
    TIM1_TRG_COM_IRQHandler                  0x0800187f   Thumb Code     0  startup_stm32f10x_hd.o(.text)
    TIM1_UP_IRQHandler                       0x0800187f   Thumb Code     0  startup_stm32f10x_hd.o(.text)
    TIM2_IRQHandler                          0x0800187f   Thumb Code     0  startup_stm32f10x_hd.o(.text)
    TIM4_IRQHandler                          0x0800187f   Thumb Code     0  startup_stm32f10x_hd.o(.text)
    TIM5_IRQHandler                          0x0800187f   Thumb Code     0  startup_stm32f10x_hd.o(.text)
    TIM6_IRQHandler                          0x0800187f   Thumb Code     0  startup_stm32f10x_hd.o(.text)
    TIM7_IRQHandler                          0x0800187f   Thumb Code     0  startup_stm32f10x_hd.o(.text)
    TIM8_BRK_IRQHandler                      0x0800187f   Thumb Code     0  startup_stm32f10x_hd.o(.text)
    TIM8_CC_IRQHandler                       0x0800187f   Thumb Code     0  startup_stm32f10x_hd.o(.text)
    TIM8_TRG_COM_IRQHandler                  0x0800187f   Thumb Code     0  startup_stm32f10x_hd.o(.text)
    TIM8_UP_IRQHandler                       0x0800187f   Thumb Code     0  startup_stm32f10x_hd.o(.text)
    UART4_IRQHandler                         0x0800187f   Thumb Code     0  startup_stm32f10x_hd.o(.text)
    UART5_IRQHandler                         0x0800187f   Thumb Code     0  startup_stm32f10x_hd.o(.text)
    USART2_IRQHandler                        0x0800187f   Thumb Code     0  startup_stm32f10x_hd.o(.text)
    USART3_IRQHandler                        0x0800187f   Thumb Code     0  startup_stm32f10x_hd.o(.text)
    USBWakeUp_IRQHandler                     0x0800187f   Thumb Code     0  startup_stm32f10x_hd.o(.text)
    USB_HP_CAN1_TX_IRQHandler                0x0800187f   Thumb Code     0  startup_stm32f10x_hd.o(.text)
    WWDG_IRQHandler                          0x0800187f   Thumb Code     0  startup_stm32f10x_hd.o(.text)
    __user_initial_stackheap                 0x08001881   Thumb Code     0  startup_stm32f10x_hd.o(.text)
    NVIC_PriorityGroupConfig                 0x080018a5   Thumb Code    10  misc.o(.text)
    NVIC_Init                                0x080018af   Thumb Code    94  misc.o(.text)
    NVIC_SetVectorTable                      0x0800190d   Thumb Code    14  misc.o(.text)
    NVIC_SystemLPConfig                      0x0800191b   Thumb Code    20  misc.o(.text)
    SysTick_CLKSourceConfig                  0x0800192f   Thumb Code    24  misc.o(.text)
    GPIO_DeInit                              0x08001955   Thumb Code   152  stm32f10x_gpio.o(.text)
    GPIO_AFIODeInit                          0x080019ed   Thumb Code    22  stm32f10x_gpio.o(.text)
    GPIO_Init                                0x08001a03   Thumb Code   156  stm32f10x_gpio.o(.text)
    GPIO_StructInit                          0x08001a9f   Thumb Code    16  stm32f10x_gpio.o(.text)
    GPIO_ReadInputDataBit                    0x08001aaf   Thumb Code    14  stm32f10x_gpio.o(.text)
    GPIO_ReadInputData                       0x08001abd   Thumb Code     6  stm32f10x_gpio.o(.text)
    GPIO_ReadOutputDataBit                   0x08001ac3   Thumb Code    14  stm32f10x_gpio.o(.text)
    GPIO_ReadOutputData                      0x08001ad1   Thumb Code     6  stm32f10x_gpio.o(.text)
    GPIO_SetBits                             0x08001ad7   Thumb Code     4  stm32f10x_gpio.o(.text)
    GPIO_ResetBits                           0x08001adb   Thumb Code     4  stm32f10x_gpio.o(.text)
    GPIO_WriteBit                            0x08001adf   Thumb Code    10  stm32f10x_gpio.o(.text)
    GPIO_Write                               0x08001ae9   Thumb Code     4  stm32f10x_gpio.o(.text)
    GPIO_PinLockConfig                       0x08001aed   Thumb Code    16  stm32f10x_gpio.o(.text)
    GPIO_EventOutputConfig                   0x08001afd   Thumb Code    22  stm32f10x_gpio.o(.text)
    GPIO_EventOutputCmd                      0x08001b13   Thumb Code     6  stm32f10x_gpio.o(.text)
    GPIO_PinRemapConfig                      0x08001b19   Thumb Code    82  stm32f10x_gpio.o(.text)
    GPIO_EXTILineConfig                      0x08001b6b   Thumb Code    34  stm32f10x_gpio.o(.text)
    GPIO_ETH_MediaInterfaceConfig            0x08001b8d   Thumb Code     8  stm32f10x_gpio.o(.text)
    RCC_DeInit                               0x08001bb9   Thumb Code    50  stm32f10x_rcc.o(.text)
    RCC_HSEConfig                            0x08001beb   Thumb Code    48  stm32f10x_rcc.o(.text)
    RCC_GetFlagStatus                        0x08001c1b   Thumb Code    42  stm32f10x_rcc.o(.text)
    RCC_WaitForHSEStartUp                    0x08001c45   Thumb Code    44  stm32f10x_rcc.o(.text)
    RCC_AdjustHSICalibrationValue            0x08001c71   Thumb Code    16  stm32f10x_rcc.o(.text)
    RCC_HSICmd                               0x08001c81   Thumb Code     6  stm32f10x_rcc.o(.text)
    RCC_PLLConfig                            0x08001c87   Thumb Code    16  stm32f10x_rcc.o(.text)
    RCC_PLLCmd                               0x08001c97   Thumb Code     6  stm32f10x_rcc.o(.text)
    RCC_SYSCLKConfig                         0x08001c9d   Thumb Code    14  stm32f10x_rcc.o(.text)
    RCC_GetSYSCLKSource                      0x08001cab   Thumb Code    10  stm32f10x_rcc.o(.text)
    RCC_HCLKConfig                           0x08001cb5   Thumb Code    14  stm32f10x_rcc.o(.text)
    RCC_PCLK1Config                          0x08001cc3   Thumb Code    14  stm32f10x_rcc.o(.text)
    RCC_PCLK2Config                          0x08001cd1   Thumb Code    16  stm32f10x_rcc.o(.text)
    RCC_ITConfig                             0x08001ce1   Thumb Code    18  stm32f10x_rcc.o(.text)
    RCC_USBCLKConfig                         0x08001cf3   Thumb Code     8  stm32f10x_rcc.o(.text)
    RCC_ADCCLKConfig                         0x08001cfb   Thumb Code    14  stm32f10x_rcc.o(.text)
    RCC_LSEConfig                            0x08001d09   Thumb Code    28  stm32f10x_rcc.o(.text)
    RCC_LSICmd                               0x08001d25   Thumb Code     6  stm32f10x_rcc.o(.text)
    RCC_RTCCLKConfig                         0x08001d2b   Thumb Code    10  stm32f10x_rcc.o(.text)
    RCC_RTCCLKCmd                            0x08001d35   Thumb Code     8  stm32f10x_rcc.o(.text)
    RCC_GetClocksFreq                        0x08001d3d   Thumb Code   132  stm32f10x_rcc.o(.text)
    RCC_AHBPeriphClockCmd                    0x08001dc1   Thumb Code    18  stm32f10x_rcc.o(.text)
    RCC_APB2PeriphClockCmd                   0x08001dd3   Thumb Code    18  stm32f10x_rcc.o(.text)
    RCC_APB1PeriphClockCmd                   0x08001de5   Thumb Code    18  stm32f10x_rcc.o(.text)
    RCC_APB2PeriphResetCmd                   0x08001df7   Thumb Code    18  stm32f10x_rcc.o(.text)
    RCC_APB1PeriphResetCmd                   0x08001e09   Thumb Code    18  stm32f10x_rcc.o(.text)
    RCC_BackupResetCmd                       0x08001e1b   Thumb Code     8  stm32f10x_rcc.o(.text)
    RCC_ClockSecuritySystemCmd               0x08001e23   Thumb Code     6  stm32f10x_rcc.o(.text)
    RCC_MCOConfig                            0x08001e29   Thumb Code     6  stm32f10x_rcc.o(.text)
    RCC_ClearFlag                            0x08001e2f   Thumb Code    12  stm32f10x_rcc.o(.text)
    RCC_GetITStatus                          0x08001e3b   Thumb Code    16  stm32f10x_rcc.o(.text)
    RCC_ClearITPendingBit                    0x08001e4b   Thumb Code     6  stm32f10x_rcc.o(.text)
    USART_DeInit                             0x08001e71   Thumb Code    96  stm32f10x_usart.o(.text)
    USART_Init                               0x08001ed1   Thumb Code   166  stm32f10x_usart.o(.text)
    USART_StructInit                         0x08001f77   Thumb Code    22  stm32f10x_usart.o(.text)
    USART_ClockInit                          0x08001f8d   Thumb Code    30  stm32f10x_usart.o(.text)
    USART_ClockStructInit                    0x08001fab   Thumb Code    12  stm32f10x_usart.o(.text)
    USART_Cmd                                0x08001fb7   Thumb Code    20  stm32f10x_usart.o(.text)
    USART_ITConfig                           0x08001fcb   Thumb Code    48  stm32f10x_usart.o(.text)
    USART_DMACmd                             0x08001ffb   Thumb Code    16  stm32f10x_usart.o(.text)
    USART_SetAddress                         0x0800200b   Thumb Code    16  stm32f10x_usart.o(.text)
    USART_WakeUpConfig                       0x0800201b   Thumb Code    16  stm32f10x_usart.o(.text)
    USART_ReceiverWakeUpCmd                  0x0800202b   Thumb Code    20  stm32f10x_usart.o(.text)
    USART_LINBreakDetectLengthConfig         0x0800203f   Thumb Code    16  stm32f10x_usart.o(.text)
    USART_LINCmd                             0x0800204f   Thumb Code    20  stm32f10x_usart.o(.text)
    USART_SendData                           0x08002063   Thumb Code     8  stm32f10x_usart.o(.text)
    USART_ReceiveData                        0x0800206b   Thumb Code     8  stm32f10x_usart.o(.text)
    USART_SendBreak                          0x08002073   Thumb Code    10  stm32f10x_usart.o(.text)
    USART_SetGuardTime                       0x0800207d   Thumb Code    16  stm32f10x_usart.o(.text)
    USART_SetPrescaler                       0x0800208d   Thumb Code    16  stm32f10x_usart.o(.text)
    USART_SmartCardCmd                       0x0800209d   Thumb Code    20  stm32f10x_usart.o(.text)
    USART_SmartCardNACKCmd                   0x080020b1   Thumb Code    20  stm32f10x_usart.o(.text)
    USART_HalfDuplexCmd                      0x080020c5   Thumb Code    20  stm32f10x_usart.o(.text)
    USART_OverSampling8Cmd                   0x080020d9   Thumb Code    20  stm32f10x_usart.o(.text)
    USART_OneBitMethodCmd                    0x080020ed   Thumb Code    20  stm32f10x_usart.o(.text)
    USART_IrDAConfig                         0x08002101   Thumb Code    16  stm32f10x_usart.o(.text)
    USART_IrDACmd                            0x08002111   Thumb Code    20  stm32f10x_usart.o(.text)
    USART_GetFlagStatus                      0x08002125   Thumb Code    14  stm32f10x_usart.o(.text)
    USART_ClearFlag                          0x08002133   Thumb Code     6  stm32f10x_usart.o(.text)
    USART_GetITStatus                        0x08002139   Thumb Code    62  stm32f10x_usart.o(.text)
    USART_ClearITPendingBit                  0x08002177   Thumb Code    12  stm32f10x_usart.o(.text)
    TIM_DeInit                               0x08002199   Thumb Code   304  stm32f10x_tim.o(.text)
    TIM_TimeBaseInit                         0x080022c9   Thumb Code   114  stm32f10x_tim.o(.text)
    TIM_OC1Init                              0x0800233b   Thumb Code   106  stm32f10x_tim.o(.text)
    TIM_OC2Init                              0x080023a5   Thumb Code   120  stm32f10x_tim.o(.text)
    TIM_OC3Init                              0x0800241d   Thumb Code   116  stm32f10x_tim.o(.text)
    TIM_OC4Init                              0x08002491   Thumb Code    90  stm32f10x_tim.o(.text)
    TIM_SetIC4Prescaler                      0x080024eb   Thumb Code    24  stm32f10x_tim.o(.text)
    TIM_SetIC3Prescaler                      0x08002503   Thumb Code    16  stm32f10x_tim.o(.text)
    TIM_SetIC2Prescaler                      0x08002513   Thumb Code    24  stm32f10x_tim.o(.text)
    TIM_SetIC1Prescaler                      0x080025d1   Thumb Code    16  stm32f10x_tim.o(.text)
    TIM_ICInit                               0x08002639   Thumb Code   270  stm32f10x_tim.o(.text)
    TIM_PWMIConfig                           0x08002747   Thumb Code   104  stm32f10x_tim.o(.text)
    TIM_BDTRConfig                           0x080027af   Thumb Code    34  stm32f10x_tim.o(.text)
    TIM_TimeBaseStructInit                   0x080027d1   Thumb Code    18  stm32f10x_tim.o(.text)
    TIM_OCStructInit                         0x080027e3   Thumb Code    20  stm32f10x_tim.o(.text)
    TIM_ICStructInit                         0x080027f7   Thumb Code    16  stm32f10x_tim.o(.text)
    TIM_BDTRStructInit                       0x08002807   Thumb Code    18  stm32f10x_tim.o(.text)
    TIM_Cmd                                  0x08002819   Thumb Code    20  stm32f10x_tim.o(.text)
    TIM_CtrlPWMOutputs                       0x0800282d   Thumb Code    22  stm32f10x_tim.o(.text)
    TIM_ITConfig                             0x08002843   Thumb Code    16  stm32f10x_tim.o(.text)
    TIM_GenerateEvent                        0x08002853   Thumb Code     4  stm32f10x_tim.o(.text)
    TIM_DMAConfig                            0x08002857   Thumb Code     8  stm32f10x_tim.o(.text)
    TIM_DMACmd                               0x0800285f   Thumb Code    16  stm32f10x_tim.o(.text)
    TIM_InternalClockConfig                  0x0800286f   Thumb Code    10  stm32f10x_tim.o(.text)
    TIM_SelectInputTrigger                   0x08002879   Thumb Code    12  stm32f10x_tim.o(.text)
    TIM_ITRxExternalClockConfig              0x08002885   Thumb Code    18  stm32f10x_tim.o(.text)
    TIM_TIxExternalClockConfig               0x08002897   Thumb Code    46  stm32f10x_tim.o(.text)
    TIM_ETRConfig                            0x080028c5   Thumb Code    24  stm32f10x_tim.o(.text)
    TIM_ETRClockMode1Config                  0x080028dd   Thumb Code    18  stm32f10x_tim.o(.text)
    TIM_ETRClockMode2Config                  0x080028ef   Thumb Code    18  stm32f10x_tim.o(.text)
    TIM_PrescalerConfig                      0x08002901   Thumb Code     6  stm32f10x_tim.o(.text)
    TIM_CounterModeConfig                    0x08002907   Thumb Code    12  stm32f10x_tim.o(.text)
    TIM_EncoderInterfaceConfig               0x08002913   Thumb Code    50  stm32f10x_tim.o(.text)
    TIM_ForcedOC1Config                      0x08002945   Thumb Code    12  stm32f10x_tim.o(.text)
    TIM_ForcedOC2Config                      0x08002951   Thumb Code    20  stm32f10x_tim.o(.text)
    TIM_ForcedOC3Config                      0x08002965   Thumb Code    12  stm32f10x_tim.o(.text)
    TIM_ForcedOC4Config                      0x08002971   Thumb Code    20  stm32f10x_tim.o(.text)
    TIM_ARRPreloadConfig                     0x08002985   Thumb Code    20  stm32f10x_tim.o(.text)
    TIM_SelectCOM                            0x08002999   Thumb Code    20  stm32f10x_tim.o(.text)
    TIM_SelectCCDMA                          0x080029ad   Thumb Code    20  stm32f10x_tim.o(.text)
    TIM_CCPreloadControl                     0x080029c1   Thumb Code    20  stm32f10x_tim.o(.text)
    TIM_OC1PreloadConfig                     0x080029d5   Thumb Code    32  stm32f10x_tim.o(.text)
    TIM_OC2PreloadConfig                     0x080029f5   Thumb Code    20  stm32f10x_tim.o(.text)
    TIM_OC3PreloadConfig                     0x08002a09   Thumb Code    12  stm32f10x_tim.o(.text)
    TIM_OC4PreloadConfig                     0x08002a15   Thumb Code    20  stm32f10x_tim.o(.text)
    TIM_OC1FastConfig                        0x08002a29   Thumb Code    12  stm32f10x_tim.o(.text)
    TIM_OC2FastConfig                        0x08002a35   Thumb Code    20  stm32f10x_tim.o(.text)
    TIM_OC3FastConfig                        0x08002a49   Thumb Code    12  stm32f10x_tim.o(.text)
    TIM_OC4FastConfig                        0x08002a55   Thumb Code    20  stm32f10x_tim.o(.text)
    TIM_ClearOC1Ref                          0x08002a69   Thumb Code    12  stm32f10x_tim.o(.text)
    TIM_ClearOC2Ref                          0x08002a75   Thumb Code    20  stm32f10x_tim.o(.text)
    TIM_ClearOC3Ref                          0x08002a89   Thumb Code    12  stm32f10x_tim.o(.text)
    TIM_ClearOC4Ref                          0x08002a95   Thumb Code    20  stm32f10x_tim.o(.text)
    TIM_OC1PolarityConfig                    0x08002aa9   Thumb Code    12  stm32f10x_tim.o(.text)
    TIM_OC1NPolarityConfig                   0x08002ab5   Thumb Code    12  stm32f10x_tim.o(.text)
    TIM_OC2PolarityConfig                    0x08002ac1   Thumb Code    20  stm32f10x_tim.o(.text)
    TIM_OC2NPolarityConfig                   0x08002ad5   Thumb Code    20  stm32f10x_tim.o(.text)
    TIM_OC3PolarityConfig                    0x08002ae9   Thumb Code    20  stm32f10x_tim.o(.text)
    TIM_OC3NPolarityConfig                   0x08002afd   Thumb Code    20  stm32f10x_tim.o(.text)
    TIM_OC4PolarityConfig                    0x08002b11   Thumb Code    20  stm32f10x_tim.o(.text)
    TIM_CCxCmd                               0x08002b25   Thumb Code    22  stm32f10x_tim.o(.text)
    TIM_CCxNCmd                              0x08002b3b   Thumb Code    22  stm32f10x_tim.o(.text)
    TIM_SelectOCxM                           0x08002b51   Thumb Code    70  stm32f10x_tim.o(.text)
    TIM_UpdateDisableConfig                  0x08002b97   Thumb Code    20  stm32f10x_tim.o(.text)
    TIM_UpdateRequestConfig                  0x08002bab   Thumb Code    20  stm32f10x_tim.o(.text)
    TIM_SelectHallSensor                     0x08002bbf   Thumb Code    20  stm32f10x_tim.o(.text)
    TIM_SelectOnePulseMode                   0x08002bd3   Thumb Code    16  stm32f10x_tim.o(.text)
    TIM_SelectOutputTrigger                  0x08002be3   Thumb Code    16  stm32f10x_tim.o(.text)
    TIM_SelectSlaveMode                      0x08002bf3   Thumb Code    16  stm32f10x_tim.o(.text)
    TIM_SelectMasterSlaveMode                0x08002c03   Thumb Code    16  stm32f10x_tim.o(.text)
    TIM_SetCounter                           0x08002c13   Thumb Code     4  stm32f10x_tim.o(.text)
    TIM_SetAutoreload                        0x08002c17   Thumb Code     4  stm32f10x_tim.o(.text)
    TIM_SetCompare1                          0x08002c1b   Thumb Code     4  stm32f10x_tim.o(.text)
    TIM_SetCompare2                          0x08002c1f   Thumb Code     4  stm32f10x_tim.o(.text)
    TIM_SetCompare3                          0x08002c23   Thumb Code     4  stm32f10x_tim.o(.text)
    TIM_SetCompare4                          0x08002c27   Thumb Code     6  stm32f10x_tim.o(.text)
    TIM_SetClockDivision                     0x08002c2d   Thumb Code    16  stm32f10x_tim.o(.text)
    TIM_GetCapture1                          0x08002c3d   Thumb Code     4  stm32f10x_tim.o(.text)
    TIM_GetCapture2                          0x08002c41   Thumb Code     4  stm32f10x_tim.o(.text)
    TIM_GetCapture3                          0x08002c45   Thumb Code     4  stm32f10x_tim.o(.text)
    TIM_GetCapture4                          0x08002c49   Thumb Code     6  stm32f10x_tim.o(.text)
    TIM_GetCounter                           0x08002c4f   Thumb Code     4  stm32f10x_tim.o(.text)
    TIM_GetPrescaler                         0x08002c53   Thumb Code     4  stm32f10x_tim.o(.text)
    TIM_GetFlagStatus                        0x08002c57   Thumb Code    14  stm32f10x_tim.o(.text)
    TIM_ClearFlag                            0x08002c65   Thumb Code     6  stm32f10x_tim.o(.text)
    TIM_GetITStatus                          0x08002c6b   Thumb Code    24  stm32f10x_tim.o(.text)
    TIM_ClearITPendingBit                    0x08002c83   Thumb Code     6  stm32f10x_tim.o(.text)
    SPI_I2S_DeInit                           0x08002c89   Thumb Code    72  stm32f10x_spi.o(.text)
    SPI_Init                                 0x08002cd1   Thumb Code    56  stm32f10x_spi.o(.text)
    I2S_Init                                 0x08002d09   Thumb Code   150  stm32f10x_spi.o(.text)
    SPI_StructInit                           0x08002d9f   Thumb Code    24  stm32f10x_spi.o(.text)
    I2S_StructInit                           0x08002db7   Thumb Code    18  stm32f10x_spi.o(.text)
    SPI_Cmd                                  0x08002dc9   Thumb Code    20  stm32f10x_spi.o(.text)
    I2S_Cmd                                  0x08002ddd   Thumb Code    20  stm32f10x_spi.o(.text)
    SPI_I2S_ITConfig                         0x08002df1   Thumb Code    24  stm32f10x_spi.o(.text)
    SPI_I2S_DMACmd                           0x08002e09   Thumb Code    16  stm32f10x_spi.o(.text)
    SPI_I2S_SendData                         0x08002e19   Thumb Code     4  stm32f10x_spi.o(.text)
    SPI_I2S_ReceiveData                      0x08002e1d   Thumb Code     4  stm32f10x_spi.o(.text)
    SPI_NSSInternalSoftwareConfig            0x08002e21   Thumb Code    24  stm32f10x_spi.o(.text)
    SPI_SSOutputCmd                          0x08002e39   Thumb Code    20  stm32f10x_spi.o(.text)
    SPI_DataSizeConfig                       0x08002e4d   Thumb Code    16  stm32f10x_spi.o(.text)
    SPI_TransmitCRC                          0x08002e5d   Thumb Code    10  stm32f10x_spi.o(.text)
    SPI_CalculateCRC                         0x08002e67   Thumb Code    20  stm32f10x_spi.o(.text)
    SPI_GetCRC                               0x08002e7b   Thumb Code    12  stm32f10x_spi.o(.text)
    SPI_GetCRCPolynomial                     0x08002e87   Thumb Code     4  stm32f10x_spi.o(.text)
    SPI_BiDirectionalLineConfig              0x08002e8b   Thumb Code    22  stm32f10x_spi.o(.text)
    SPI_I2S_GetFlagStatus                    0x08002ea1   Thumb Code    14  stm32f10x_spi.o(.text)
    SPI_I2S_ClearFlag                        0x08002eaf   Thumb Code     6  stm32f10x_spi.o(.text)
    SPI_I2S_GetITStatus                      0x08002eb5   Thumb Code    44  stm32f10x_spi.o(.text)
    SPI_I2S_ClearITPendingBit                0x08002ee1   Thumb Code    14  stm32f10x_spi.o(.text)
    CAN_DeInit                               0x08002efd   Thumb Code    38  stm32f10x_can.o(.text)
    CAN_Init                                 0x08002f23   Thumb Code   232  stm32f10x_can.o(.text)
    CAN_FilterInit                           0x0800300b   Thumb Code   194  stm32f10x_can.o(.text)
    CAN_StructInit                           0x080030cd   Thumb Code    32  stm32f10x_can.o(.text)
    CAN_SlaveStartBank                       0x080030ed   Thumb Code    38  stm32f10x_can.o(.text)
    CAN_DBGFreeze                            0x08003113   Thumb Code    20  stm32f10x_can.o(.text)
    CAN_TTComModeCmd                         0x08003127   Thumb Code    90  stm32f10x_can.o(.text)
    CAN_Transmit                             0x08003181   Thumb Code   190  stm32f10x_can.o(.text)
    CAN_TransmitStatus                       0x0800323f   Thumb Code    88  stm32f10x_can.o(.text)
    CAN_CancelTransmit                       0x08003297   Thumb Code    36  stm32f10x_can.o(.text)
    CAN_Receive                              0x080032bb   Thumb Code   176  stm32f10x_can.o(.text)
    CAN_FIFORelease                          0x0800336b   Thumb Code    22  stm32f10x_can.o(.text)
    CAN_MessagePending                       0x08003381   Thumb Code    22  stm32f10x_can.o(.text)
    CAN_OperatingModeRequest                 0x08003397   Thumb Code   140  stm32f10x_can.o(.text)
    CAN_Sleep                                0x08003423   Thumb Code    30  stm32f10x_can.o(.text)
    CAN_WakeUp                               0x08003441   Thumb Code    40  stm32f10x_can.o(.text)
    CAN_GetLastErrorCode                     0x08003469   Thumb Code    10  stm32f10x_can.o(.text)
    CAN_GetReceiveErrorCounter               0x08003473   Thumb Code     6  stm32f10x_can.o(.text)
    CAN_GetLSBTransmitErrorCounter           0x08003479   Thumb Code     8  stm32f10x_can.o(.text)
    CAN_ITConfig                             0x08003481   Thumb Code    16  stm32f10x_can.o(.text)
    CAN_GetFlagStatus                        0x08003491   Thumb Code    52  stm32f10x_can.o(.text)
    CAN_ClearFlag                            0x080034c5   Thumb Code    44  stm32f10x_can.o(.text)
    CAN_GetITStatus                          0x080034f1   Thumb Code   162  stm32f10x_can.o(.text)
    CAN_ClearITPendingBit                    0x08003593   Thumb Code   116  stm32f10x_can.o(.text)
    vListInitialise                          0x0800361d   Thumb Code    22  list.o(.text)
    vListInitialiseItem                      0x08003633   Thumb Code     6  list.o(.text)
    vListInsertEnd                           0x08003639   Thumb Code    24  list.o(.text)
    vListInsert                              0x08003651   Thumb Code    48  list.o(.text)
    uxListRemove                             0x08003681   Thumb Code    38  list.o(.text)
    xQueueGenericReset                       0x080036a9   Thumb Code   132  queue.o(.text)
    xQueueGenericCreate                      0x0800372d   Thumb Code   130  queue.o(.text)
    xQueueGenericSend                        0x0800390f   Thumb Code   370  queue.o(.text)
    xQueueCreateMutex                        0x08003a81   Thumb Code    36  queue.o(.text)
    xQueueGiveMutexRecursive                 0x08003aa5   Thumb Code    62  queue.o(.text)
    xQueueSemaphoreTake                      0x08003ae3   Thumb Code   378  queue.o(.text)
    xQueueTakeMutexRecursive                 0x08003c5d   Thumb Code    64  queue.o(.text)
    xQueueCreateCountingSemaphore            0x08003c9d   Thumb Code    58  queue.o(.text)
    xQueueGenericSendFromISR                 0x08003cd7   Thumb Code   232  queue.o(.text)
    xQueueGiveFromISR                        0x08003dbf   Thumb Code   190  queue.o(.text)
    xQueueReceive                            0x08003ea3   Thumb Code   306  queue.o(.text)
    xQueuePeek                               0x08003fd5   Thumb Code   304  queue.o(.text)
    xQueueReceiveFromISR                     0x08004105   Thumb Code   172  queue.o(.text)
    xQueuePeekFromISR                        0x080041b1   Thumb Code   114  queue.o(.text)
    uxQueueMessagesWaiting                   0x08004223   Thumb Code    36  queue.o(.text)
    uxQueueSpacesAvailable                   0x08004247   Thumb Code    40  queue.o(.text)
    uxQueueMessagesWaitingFromISR            0x0800426f   Thumb Code    22  queue.o(.text)
    vQueueUnregisterQueue                    0x08004285   Thumb Code    36  queue.o(.text)
    vQueueDelete                             0x080042a9   Thumb Code    36  queue.o(.text)
    uxQueueGetQueueNumber                    0x080042cd   Thumb Code     4  queue.o(.text)
    vQueueSetQueueNumber                     0x080042d1   Thumb Code     4  queue.o(.text)
    ucQueueGetQueueType                      0x080042d5   Thumb Code     6  queue.o(.text)
    xQueueIsQueueEmptyFromISR                0x080042db   Thumb Code    30  queue.o(.text)
    xQueueIsQueueFullFromISR                 0x080042f9   Thumb Code    34  queue.o(.text)
    vQueueAddToRegistry                      0x0800431b   Thumb Code    32  queue.o(.text)
    pcQueueGetName                           0x0800433b   Thumb Code    34  queue.o(.text)
    vQueueWaitForMessageRestricted           0x0800435d   Thumb Code    68  queue.o(.text)
    xQueueCreateSet                          0x080043a1   Thumb Code     8  queue.o(.text)
    xQueueAddToSet                           0x080043a9   Thumb Code    34  queue.o(.text)
    xQueueRemoveFromSet                      0x080043cb   Thumb Code    34  queue.o(.text)
    xQueueSelectFromSet                      0x080043ed   Thumb Code    18  queue.o(.text)
    xQueueSelectFromSetFromISR               0x080043ff   Thumb Code    18  queue.o(.text)
    xTaskCreate                              0x080044f5   Thumb Code    86  tasks.o(.text)
    vTaskDelete                              0x0800454b   Thumb Code   158  tasks.o(.text)
    xTaskIncrementTick                       0x080045e9   Thumb Code   192  tasks.o(.text)
    xTaskResumeAll                           0x080046a9   Thumb Code   184  tasks.o(.text)
    vTaskSuspendAll                          0x080047c7   Thumb Code    10  tasks.o(.text)
    xTaskDelayUntil                          0x080047d1   Thumb Code   152  tasks.o(.text)
    vTaskDelay                               0x08004869   Thumb Code    66  tasks.o(.text)
    eTaskGetState                            0x080048ab   Thumb Code   114  tasks.o(.text)
    uxTaskPriorityGet                        0x0800491d   Thumb Code    24  tasks.o(.text)
    uxTaskPriorityGetFromISR                 0x08004935   Thumb Code    40  tasks.o(.text)
    vTaskPrioritySet                         0x0800495d   Thumb Code   182  tasks.o(.text)
    vTaskSwitchContext                       0x08004a13   Thumb Code    82  tasks.o(.text)
    vTaskSuspend                             0x08004a65   Thumb Code   178  tasks.o(.text)
    vTaskResume                              0x08004b47   Thumb Code   112  tasks.o(.text)
    xTaskResumeFromISR                       0x08004bb7   Thumb Code   150  tasks.o(.text)
    vTaskStartScheduler                      0x08004c9d   Thumb Code    94  tasks.o(.text)
    vTaskEndScheduler                        0x08004cfb   Thumb Code    24  tasks.o(.text)
    xTaskGetTickCount                        0x08004d13   Thumb Code     6  tasks.o(.text)
    xTaskGetTickCountFromISR                 0x08004d19   Thumb Code    12  tasks.o(.text)
    uxTaskGetNumberOfTasks                   0x08004d25   Thumb Code     6  tasks.o(.text)
    pcTaskGetName                            0x08004d2b   Thumb Code    28  tasks.o(.text)
    vTaskGetInfo                             0x08004d47   Thumb Code   120  tasks.o(.text)
    uxTaskGetSystemState                     0x08004e13   Thumb Code   156  tasks.o(.text)
    xTaskCatchUpTicks                        0x08004eaf   Thumb Code    44  tasks.o(.text)
    vTaskPlaceOnEventList                    0x08004edb   Thumb Code    42  tasks.o(.text)
    vTaskPlaceOnUnorderedEventList           0x08004f05   Thumb Code    70  tasks.o(.text)
    vTaskPlaceOnEventListRestricted          0x08004f4b   Thumb Code    52  tasks.o(.text)
    xTaskRemoveFromEventList                 0x08004f7f   Thumb Code   106  tasks.o(.text)
    vTaskRemoveFromUnorderedEventList        0x08004fe9   Thumb Code   136  tasks.o(.text)
    vTaskSetTimeOutState                     0x08005071   Thumb Code    44  tasks.o(.text)
    vTaskInternalSetTimeOutState             0x0800509d   Thumb Code    12  tasks.o(.text)
    xTaskCheckForTimeOut                     0x080050a9   Thumb Code   116  tasks.o(.text)
    vTaskMissedYield                         0x0800511d   Thumb Code     8  tasks.o(.text)
    uxTaskGetTaskNumber                      0x08005125   Thumb Code     8  tasks.o(.text)
    vTaskSetTaskNumber                       0x0800512d   Thumb Code     8  tasks.o(.text)
    xTaskGetCurrentTaskHandle                0x08005135   Thumb Code     6  tasks.o(.text)
    xTaskGetSchedulerState                   0x0800513b   Thumb Code    22  tasks.o(.text)
    xTaskPriorityInherit                     0x08005151   Thumb Code   132  tasks.o(.text)
    xTaskPriorityDisinherit                  0x080051d5   Thumb Code   136  tasks.o(.text)
    vTaskPriorityDisinheritAfterTimeout      0x0800525d   Thumb Code   154  tasks.o(.text)
    vTaskList                                0x080052f7   Thumb Code   176  tasks.o(.text)
    uxTaskResetEventItemValue                0x080053a7   Thumb Code    20  tasks.o(.text)
    pvTaskIncrementMutexHeldCount            0x080053bb   Thumb Code    18  tasks.o(.text)
    ulTaskGenericNotifyTake                  0x080053cd   Thumb Code   112  tasks.o(.text)
    xTaskGenericNotifyWait                   0x0800543d   Thumb Code   174  tasks.o(.text)
    xTaskGenericNotify                       0x080054eb   Thumb Code   226  tasks.o(.text)
    xTaskGenericNotifyFromISR                0x080055cd   Thumb Code   262  tasks.o(.text)
    vTaskGenericNotifyGiveFromISR            0x080056d3   Thumb Code   184  tasks.o(.text)
    xTaskGenericNotifyStateClear             0x0800578b   Thumb Code    62  tasks.o(.text)
    ulTaskGenericNotifyValueClear            0x080057c9   Thumb Code    40  tasks.o(.text)
    xTimerGenericCommand                     0x08005911   Thumb Code    94  timers.o(.text)
    xTimerCreateTimerTask                    0x08005ac7   Thumb Code    58  timers.o(.text)
    xTimerCreate                             0x08005b01   Thumb Code    98  timers.o(.text)
    xTimerGetTimerDaemonTaskHandle           0x08005b63   Thumb Code    26  timers.o(.text)
    xTimerGetPeriod                          0x08005b7d   Thumb Code    22  timers.o(.text)
    vTimerSetReloadMode                      0x08005b93   Thumb Code    54  timers.o(.text)
    uxTimerGetReloadMode                     0x08005bc9   Thumb Code    48  timers.o(.text)
    xTimerGetExpiryTime                      0x08005bf9   Thumb Code    22  timers.o(.text)
    pcTimerGetName                           0x08005c0f   Thumb Code    22  timers.o(.text)
    xTimerIsTimerActive                      0x08005c25   Thumb Code    48  timers.o(.text)
    pvTimerGetTimerID                        0x08005c55   Thumb Code    36  timers.o(.text)
    vTimerSetTimerID                         0x08005c79   Thumb Code    38  timers.o(.text)
    xTimerPendFunctionCallFromISR            0x08005c9f   Thumb Code    62  timers.o(.text)
    xTimerPendFunctionCall                   0x08005cdd   Thumb Code    52  timers.o(.text)
    uxTimerGetTimerNumber                    0x08005d11   Thumb Code     4  timers.o(.text)
    vTimerSetTimerNumber                     0x08005d15   Thumb Code     4  timers.o(.text)
    pvPortMalloc                             0x08005ead   Thumb Code   228  heap_4.o(.text)
    vPortFree                                0x08005f91   Thumb Code    96  heap_4.o(.text)
    xPortGetFreeHeapSize                     0x08005ff1   Thumb Code     8  heap_4.o(.text)
    xPortGetMinimumEverFreeHeapSize          0x08005ff9   Thumb Code     8  heap_4.o(.text)
    vPortInitialiseBlocks                    0x08006001   Thumb Code     2  heap_4.o(.text)
    vPortGetHeapStats                        0x08006003   Thumb Code   102  heap_4.o(.text)
    pxPortInitialiseStack                    0x080060d9   Thumb Code    32  port.o(.text)
    vPortSetupTimerInterrupt                 0x080060f9   Thumb Code    32  port.o(.text)
    xPortStartScheduler                      0x08006119   Thumb Code   156  port.o(.text)
    vPortEndScheduler                        0x080061b5   Thumb Code    28  port.o(.text)
    vPortEnterCritical                       0x080061d1   Thumb Code    56  port.o(.text)
    vPortExitCritical                        0x08006209   Thumb Code    34  port.o(.text)
    xPortSysTickHandler                      0x0800622b   Thumb Code    40  port.o(.text)
    vPortValidateInterruptPriority           0x08006253   Thumb Code    76  port.o(.text)
    __use_no_semihosting                     0x080062b5   Thumb Code     2  use_no_semi_2.o(.text)
    __2printf                                0x080062b9   Thumb Code    20  noretval__2printf.o(.text)
    __2sprintf                               0x080062d1   Thumb Code    34  noretval__2sprintf.o(.text)
    __printf                                 0x080062f9   Thumb Code   104  __printf.o(.text)
    _printf_str                              0x08006361   Thumb Code    82  _printf_str.o(.text)
    _printf_int_dec                          0x080063b5   Thumb Code   104  _printf_dec.o(.text)
    strcpy                                   0x0800642d   Thumb Code    72  strcpy.o(.text)
    strlen                                   0x08006475   Thumb Code    62  strlen.o(.text)
    __aeabi_memcpy                           0x080064b3   Thumb Code     0  rt_memcpy_v6.o(.text)
    __rt_memcpy                              0x080064b3   Thumb Code   138  rt_memcpy_v6.o(.text)
    _memcpy_lastbytes                        0x08006519   Thumb Code     0  rt_memcpy_v6.o(.text)
    __aeabi_memset                           0x0800653d   Thumb Code    16  aeabi_memset.o(.text)
    __aeabi_memclr4                          0x0800654d   Thumb Code     0  rt_memclr_w.o(.text)
    __aeabi_memclr8                          0x0800654d   Thumb Code     0  rt_memclr_w.o(.text)
    __rt_memclr_w                            0x0800654d   Thumb Code    78  rt_memclr_w.o(.text)
    _memset_w                                0x08006551   Thumb Code     0  rt_memclr_w.o(.text)
    __use_two_region_memory                  0x0800659b   Thumb Code     2  heapauxi.o(.text)
    __rt_heap_escrow$2region                 0x0800659d   Thumb Code     2  heapauxi.o(.text)
    __rt_heap_expand$2region                 0x0800659f   Thumb Code     2  heapauxi.o(.text)
    __I$use$semihosting                      0x080065a1   Thumb Code     0  use_no_semi.o(.text)
    __use_no_semihosting_swi                 0x080065a1   Thumb Code     2  use_no_semi.o(.text)
    _printf_int_common                       0x080065a3   Thumb Code   178  _printf_intcommon.o(.text)
    _printf_char_common                      0x0800665f   Thumb Code    32  _printf_char_common.o(.text)
    _sputc                                   0x08006685   Thumb Code    10  _sputc.o(.text)
    _printf_cs_common                        0x0800668f   Thumb Code    20  _printf_char.o(.text)
    _printf_char                             0x080066a3   Thumb Code    16  _printf_char.o(.text)
    _printf_string                           0x080066b3   Thumb Code     8  _printf_char.o(.text)
    _printf_char_file                        0x080066bd   Thumb Code    32  _printf_char_file.o(.text)
    __aeabi_memcpy4                          0x080066e1   Thumb Code     0  rt_memcpy_w.o(.text)
    __aeabi_memcpy8                          0x080066e1   Thumb Code     0  rt_memcpy_w.o(.text)
    __rt_memcpy_w                            0x080066e1   Thumb Code   100  rt_memcpy_w.o(.text)
    _memcpy_lastbytes_aligned                0x08006729   Thumb Code     0  rt_memcpy_w.o(.text)
    __aeabi_memclr                           0x08006745   Thumb Code     0  rt_memclr.o(.text)
    __rt_memclr                              0x08006745   Thumb Code    68  rt_memclr.o(.text)
    _memset                                  0x08006749   Thumb Code     0  rt_memclr.o(.text)
    ferror                                   0x08006789   Thumb Code     8  ferror.o(.text)
    __user_setup_stackheap                   0x08006791   Thumb Code    74  sys_stackheap_outer.o(.text)
    exit                                     0x080067db   Thumb Code    18  exit.o(.text)
    __user_libspace                          0x080067ed   Thumb Code     8  libspace.o(.text)
    __user_perproc_libspace                  0x080067ed   Thumb Code     0  libspace.o(.text)
    __user_perthread_libspace                0x080067ed   Thumb Code     0  libspace.o(.text)
    TX_ADDRESS                               0x080067f4   Data           5  bsp_nrf.o(.constdata)
    RX_ADDRESS                               0x080067f9   Data           5  bsp_nrf.o(.constdata)
    Region$$Table$$Base                      0x08006800   Number         0  anon$$obj.o(Region$$Table)
    Region$$Table$$Limit                     0x08006820   Number         0  anon$$obj.o(Region$$Table)
    SystemCoreClock                          0x20000000   Data           4  system_stm32f10x.o(.data)
    AHBPrescTable                            0x20000004   Data          16  system_stm32f10x.o(.data)
    CAN_TEXT                                 0x20000014   Data           8  led_task.o(.data)
    __stdout                                 0x20000024   Data           4  bsp_usart.o(.data)
    Res                                      0x20000028   Data           1  bsp_usart.o(.data)
    pxCurrentTCB                             0x20000040   Data           4  tasks.o(.data)
    uxTopUsedPriority                        0x20000070   Data           4  tasks.o(.data)
    sbus_data                                0x200000c0   Data          34  remoter_task.o(.bss)
    SPI_InitStructure                        0x200000fc   Data          18  bsp_spi.o(.bss)
    xQueueRegistry                           0x20000110   Data          64  queue.o(.bss)
    __libspace_start                         0x20002c5c   Data          96  libspace.o(.bss)
    __temporary_stack_top$libspace           0x20002cbc   Data           0  libspace.o(.bss)



==============================================================================

Memory Map of the image

  Image Entry point : 0x08000131

  Load Region LR_IROM1 (Base: 0x08000000, Size: 0x000068e0, Max: 0x00080000, ABSOLUTE)

    Execution Region ER_IROM1 (Exec base: 0x08000000, Load base: 0x08000000, Size: 0x00006820, Max: 0x00080000, ABSOLUTE)

    Exec Addr    Load Addr    Size         Type   Attr      Idx    E Section Name        Object

    0x08000000   0x08000000   0x00000130   Data   RO          491    RESET               startup_stm32f10x_hd.o
    0x08000130   0x08000130   0x00000008   Code   RO          868  * !!!main             c_w.l(__main.o)
    0x08000138   0x08000138   0x00000034   Code   RO         1046    !!!scatter          c_w.l(__scatter.o)
    0x0800016c   0x0800016c   0x0000001a   Code   RO         1048    !!handler_copy      c_w.l(__scatter_copy.o)
    0x08000186   0x08000186   0x00000002   PAD
    0x08000188   0x08000188   0x0000001c   Code   RO         1050    !!handler_zi        c_w.l(__scatter_zi.o)
    0x080001a4   0x080001a4   0x00000000   Code   RO          853    .ARM.Collect$$_printf_percent$$00000000  c_w.l(_printf_percent.o)
    0x080001a4   0x080001a4   0x00000006   Code   RO          852    .ARM.Collect$$_printf_percent$$0000000A  c_w.l(_printf_u.o)
    0x080001aa   0x080001aa   0x00000006   Code   RO          851    .ARM.Collect$$_printf_percent$$00000013  c_w.l(_printf_c.o)
    0x080001b0   0x080001b0   0x00000004   Code   RO          883    .ARM.Collect$$_printf_percent$$00000017  c_w.l(_printf_percent_end.o)
    0x080001b4   0x080001b4   0x00000002   Code   RO          918    .ARM.Collect$$libinit$$00000000  c_w.l(libinit.o)
    0x080001b6   0x080001b6   0x00000000   Code   RO          925    .ARM.Collect$$libinit$$00000002  c_w.l(libinit2.o)
    0x080001b6   0x080001b6   0x00000000   Code   RO          927    .ARM.Collect$$libinit$$00000004  c_w.l(libinit2.o)
    0x080001b6   0x080001b6   0x00000000   Code   RO          930    .ARM.Collect$$libinit$$0000000A  c_w.l(libinit2.o)
    0x080001b6   0x080001b6   0x00000000   Code   RO          932    .ARM.Collect$$libinit$$0000000C  c_w.l(libinit2.o)
    0x080001b6   0x080001b6   0x00000000   Code   RO          934    .ARM.Collect$$libinit$$0000000E  c_w.l(libinit2.o)
    0x080001b6   0x080001b6   0x00000000   Code   RO          937    .ARM.Collect$$libinit$$00000011  c_w.l(libinit2.o)
    0x080001b6   0x080001b6   0x00000000   Code   RO          939    .ARM.Collect$$libinit$$00000013  c_w.l(libinit2.o)
    0x080001b6   0x080001b6   0x00000000   Code   RO          941    .ARM.Collect$$libinit$$00000015  c_w.l(libinit2.o)
    0x080001b6   0x080001b6   0x00000000   Code   RO          943    .ARM.Collect$$libinit$$00000017  c_w.l(libinit2.o)
    0x080001b6   0x080001b6   0x00000000   Code   RO          945    .ARM.Collect$$libinit$$00000019  c_w.l(libinit2.o)
    0x080001b6   0x080001b6   0x00000000   Code   RO          947    .ARM.Collect$$libinit$$0000001B  c_w.l(libinit2.o)
    0x080001b6   0x080001b6   0x00000000   Code   RO          949    .ARM.Collect$$libinit$$0000001D  c_w.l(libinit2.o)
    0x080001b6   0x080001b6   0x00000000   Code   RO          951    .ARM.Collect$$libinit$$0000001F  c_w.l(libinit2.o)
    0x080001b6   0x080001b6   0x00000000   Code   RO          953    .ARM.Collect$$libinit$$00000021  c_w.l(libinit2.o)
    0x080001b6   0x080001b6   0x00000000   Code   RO          955    .ARM.Collect$$libinit$$00000023  c_w.l(libinit2.o)
    0x080001b6   0x080001b6   0x00000000   Code   RO          957    .ARM.Collect$$libinit$$00000025  c_w.l(libinit2.o)
    0x080001b6   0x080001b6   0x00000000   Code   RO          961    .ARM.Collect$$libinit$$0000002C  c_w.l(libinit2.o)
    0x080001b6   0x080001b6   0x00000000   Code   RO          963    .ARM.Collect$$libinit$$0000002E  c_w.l(libinit2.o)
    0x080001b6   0x080001b6   0x00000000   Code   RO          965    .ARM.Collect$$libinit$$00000030  c_w.l(libinit2.o)
    0x080001b6   0x080001b6   0x00000000   Code   RO          967    .ARM.Collect$$libinit$$00000032  c_w.l(libinit2.o)
    0x080001b6   0x080001b6   0x00000002   Code   RO          968    .ARM.Collect$$libinit$$00000033  c_w.l(libinit2.o)
    0x080001b8   0x080001b8   0x00000002   Code   RO          986    .ARM.Collect$$libshutdown$$00000000  c_w.l(libshutdown.o)
    0x080001ba   0x080001ba   0x00000000   Code   RO          996    .ARM.Collect$$libshutdown$$00000002  c_w.l(libshutdown2.o)
    0x080001ba   0x080001ba   0x00000000   Code   RO          998    .ARM.Collect$$libshutdown$$00000004  c_w.l(libshutdown2.o)
    0x080001ba   0x080001ba   0x00000000   Code   RO         1000    .ARM.Collect$$libshutdown$$00000006  c_w.l(libshutdown2.o)
    0x080001ba   0x080001ba   0x00000000   Code   RO         1003    .ARM.Collect$$libshutdown$$00000009  c_w.l(libshutdown2.o)
    0x080001ba   0x080001ba   0x00000000   Code   RO         1006    .ARM.Collect$$libshutdown$$0000000C  c_w.l(libshutdown2.o)
    0x080001ba   0x080001ba   0x00000000   Code   RO         1008    .ARM.Collect$$libshutdown$$0000000E  c_w.l(libshutdown2.o)
    0x080001ba   0x080001ba   0x00000000   Code   RO         1011    .ARM.Collect$$libshutdown$$00000011  c_w.l(libshutdown2.o)
    0x080001ba   0x080001ba   0x00000002   Code   RO         1012    .ARM.Collect$$libshutdown$$00000012  c_w.l(libshutdown2.o)
    0x080001bc   0x080001bc   0x00000000   Code   RO          872    .ARM.Collect$$rtentry$$00000000  c_w.l(__rtentry.o)
    0x080001bc   0x080001bc   0x00000000   Code   RO          889    .ARM.Collect$$rtentry$$00000002  c_w.l(__rtentry2.o)
    0x080001bc   0x080001bc   0x00000006   Code   RO          901    .ARM.Collect$$rtentry$$00000004  c_w.l(__rtentry4.o)
    0x080001c2   0x080001c2   0x00000000   Code   RO          891    .ARM.Collect$$rtentry$$00000009  c_w.l(__rtentry2.o)
    0x080001c2   0x080001c2   0x00000004   Code   RO          892    .ARM.Collect$$rtentry$$0000000A  c_w.l(__rtentry2.o)
    0x080001c6   0x080001c6   0x00000000   Code   RO          894    .ARM.Collect$$rtentry$$0000000C  c_w.l(__rtentry2.o)
    0x080001c6   0x080001c6   0x00000008   Code   RO          895    .ARM.Collect$$rtentry$$0000000D  c_w.l(__rtentry2.o)
    0x080001ce   0x080001ce   0x00000002   Code   RO          922    .ARM.Collect$$rtexit$$00000000  c_w.l(rtexit.o)
    0x080001d0   0x080001d0   0x00000000   Code   RO          970    .ARM.Collect$$rtexit$$00000002  c_w.l(rtexit2.o)
    0x080001d0   0x080001d0   0x00000004   Code   RO          971    .ARM.Collect$$rtexit$$00000003  c_w.l(rtexit2.o)
    0x080001d4   0x080001d4   0x00000006   Code   RO          972    .ARM.Collect$$rtexit$$00000004  c_w.l(rtexit2.o)
    0x080001da   0x080001da   0x00000002   PAD
    0x080001dc   0x080001dc   0x00000096   Code   RO          783    .emb_text           port.o
    0x08000272   0x08000272   0x0000001e   Code   RO            1    .text               main.o
    0x08000290   0x08000290   0x0000000c   Code   RO          178    .text               stm32f10x_it.o
    0x0800029c   0x0800029c   0x00000158   Code   RO          219    .text               system_stm32f10x.o
    0x080003f4   0x080003f4   0x00000040   Code   RO          237    .text               led_task.o
    0x08000434   0x08000434   0x000009d0   Code   RO          284    .text               zlac8015d_motor_task.o
    0x08000e04   0x08000e04   0x00000254   Code   RO          302    .text               remoter_task.o
    0x08001058   0x08001058   0x00000020   Code   RO          322    .text               bsp.o
    0x08001078   0x08001078   0x000000d8   Code   RO          334    .text               bsp_delay.o
    0x08001150   0x08001150   0x0000002c   Code   RO          348    .text               bsp_led.o
    0x0800117c   0x0800117c   0x00000094   Code   RO          377    .text               bsp_timer.o
    0x08001210   0x08001210   0x000000f0   Code   RO          392    .text               bsp_usart.o
    0x08001300   0x08001300   0x00000304   Code   RO          433    .text               bsp_nrf.o
    0x08001604   0x08001604   0x00000180   Code   RO          452    .text               bsp_can.o
    0x08001784   0x08001784   0x000000e0   Code   RO          464    .text               bsp_spi.o
    0x08001864   0x08001864   0x00000040   Code   RO          492    .text               startup_stm32f10x_hd.o
    0x080018a4   0x080018a4   0x000000b0   Code   RO          496    .text               misc.o
    0x08001954   0x08001954   0x00000264   Code   RO          508    .text               stm32f10x_gpio.o
    0x08001bb8   0x08001bb8   0x000002b8   Code   RO          520    .text               stm32f10x_rcc.o
    0x08001e70   0x08001e70   0x00000328   Code   RO          534    .text               stm32f10x_usart.o
    0x08002198   0x08002198   0x00000af0   Code   RO          546    .text               stm32f10x_tim.o
    0x08002c88   0x08002c88   0x00000274   Code   RO          571    .text               stm32f10x_spi.o
    0x08002efc   0x08002efc   0x00000720   Code   RO          583    .text               stm32f10x_can.o
    0x0800361c   0x0800361c   0x0000008a   Code   RO          643    .text               list.o
    0x080036a6   0x080036a6   0x00000002   PAD
    0x080036a8   0x080036a8   0x00000d8c   Code   RO          658    .text               queue.o
    0x08004434   0x08004434   0x000014a8   Code   RO          708    .text               tasks.o
    0x080058dc   0x080058dc   0x00000588   Code   RO          735    .text               timers.o
    0x08005e64   0x08005e64   0x00000250   Code   RO          768    .text               heap_4.o
    0x080060b4   0x080060b4   0x00000200   Code   RO          784    .text               port.o
    0x080062b4   0x080062b4   0x00000002   Code   RO          815    .text               c_w.l(use_no_semi_2.o)
    0x080062b6   0x080062b6   0x00000002   PAD
    0x080062b8   0x080062b8   0x00000018   Code   RO          821    .text               c_w.l(noretval__2printf.o)
    0x080062d0   0x080062d0   0x00000028   Code   RO          823    .text               c_w.l(noretval__2sprintf.o)
    0x080062f8   0x080062f8   0x00000068   Code   RO          825    .text               c_w.l(__printf.o)
    0x08006360   0x08006360   0x00000052   Code   RO          827    .text               c_w.l(_printf_str.o)
    0x080063b2   0x080063b2   0x00000002   PAD
    0x080063b4   0x080063b4   0x00000078   Code   RO          829    .text               c_w.l(_printf_dec.o)
    0x0800642c   0x0800642c   0x00000048   Code   RO          854    .text               c_w.l(strcpy.o)
    0x08006474   0x08006474   0x0000003e   Code   RO          856    .text               c_w.l(strlen.o)
    0x080064b2   0x080064b2   0x0000008a   Code   RO          858    .text               c_w.l(rt_memcpy_v6.o)
    0x0800653c   0x0800653c   0x00000010   Code   RO          862    .text               c_w.l(aeabi_memset.o)
    0x0800654c   0x0800654c   0x0000004e   Code   RO          864    .text               c_w.l(rt_memclr_w.o)
    0x0800659a   0x0800659a   0x00000006   Code   RO          866    .text               c_w.l(heapauxi.o)
    0x080065a0   0x080065a0   0x00000002   Code   RO          870    .text               c_w.l(use_no_semi.o)
    0x080065a2   0x080065a2   0x000000b2   Code   RO          873    .text               c_w.l(_printf_intcommon.o)
    0x08006654   0x08006654   0x00000030   Code   RO          875    .text               c_w.l(_printf_char_common.o)
    0x08006684   0x08006684   0x0000000a   Code   RO          877    .text               c_w.l(_sputc.o)
    0x0800668e   0x0800668e   0x0000002c   Code   RO          879    .text               c_w.l(_printf_char.o)
    0x080066ba   0x080066ba   0x00000002   PAD
    0x080066bc   0x080066bc   0x00000024   Code   RO          881    .text               c_w.l(_printf_char_file.o)
    0x080066e0   0x080066e0   0x00000064   Code   RO          884    .text               c_w.l(rt_memcpy_w.o)
    0x08006744   0x08006744   0x00000044   Code   RO          886    .text               c_w.l(rt_memclr.o)
    0x08006788   0x08006788   0x00000008   Code   RO          905    .text               c_w.l(ferror.o)
    0x08006790   0x08006790   0x0000004a   Code   RO          909    .text               c_w.l(sys_stackheap_outer.o)
    0x080067da   0x080067da   0x00000012   Code   RO          911    .text               c_w.l(exit.o)
    0x080067ec   0x080067ec   0x00000008   Code   RO          919    .text               c_w.l(libspace.o)
    0x080067f4   0x080067f4   0x0000000a   Data   RO          434    .constdata          bsp_nrf.o
    0x080067fe   0x080067fe   0x00000002   PAD
    0x08006800   0x08006800   0x00000020   Data   RO         1044    Region$$Table       anon$$obj.o


    Execution Region RW_IRAM1 (Exec base: 0x20000000, Load base: 0x08006820, Size: 0x000032c0, Max: 0x00010000, ABSOLUTE)

    Exec Addr    Load Addr    Size         Type   Attr      Idx    E Section Name        Object

    0x20000000   0x08006820   0x00000014   Data   RW          220    .data               system_stm32f10x.o
    0x20000014   0x08006834   0x00000008   Data   RW          238    .data               led_task.o
    0x2000001c   0x0800683c   0x00000003   Data   RW          304    .data               remoter_task.o
    0x2000001f   0x0800683f   0x00000001   PAD
    0x20000020   0x08006840   0x00000004   Data   RW          335    .data               bsp_delay.o
    0x20000024   0x08006844   0x00000004   Data   RW          395    .data               bsp_usart.o
    0x20000028   0x08006848   0x00000001   Data   RW          396    .data               bsp_usart.o
    0x20000029   0x08006849   0x00000014   Data   RW          521    .data               stm32f10x_rcc.o
    0x2000003d   0x0800685d   0x00000003   PAD
    0x20000040   0x08006860   0x00000040   Data   RW          710    .data               tasks.o
    0x20000080   0x080068a0   0x00000014   Data   RW          737    .data               timers.o
    0x20000094   0x080068b4   0x00000020   Data   RW          770    .data               heap_4.o
    0x200000b4   0x080068d4   0x0000000c   Data   RW          785    .data               port.o
    0x200000c0        -       0x0000003b   Zero   RW          303    .bss                remoter_task.o
    0x200000fb   0x080068e0   0x00000001   PAD
    0x200000fc        -       0x00000012   Zero   RW          465    .bss                bsp_spi.o
    0x2000010e   0x080068e0   0x00000002   PAD
    0x20000110        -       0x00000040   Zero   RW          659    .bss                queue.o
    0x20000150        -       0x000002e4   Zero   RW          709    .bss                tasks.o
    0x20000434        -       0x00000028   Zero   RW          736    .bss                timers.o
    0x2000045c        -       0x00002800   Zero   RW          769    .bss                heap_4.o
    0x20002c5c        -       0x00000060   Zero   RW          920    .bss                c_w.l(libspace.o)
    0x20002cbc   0x080068e0   0x00000004   PAD
    0x20002cc0        -       0x00000200   Zero   RW          490    HEAP                startup_stm32f10x_hd.o
    0x20002ec0        -       0x00000400   Zero   RW          489    STACK               startup_stm32f10x_hd.o


==============================================================================

Image component sizes


      Code (inc. data)   RO Data    RW Data    ZI Data      Debug   Object Name

        32          4          0          0          0        447   bsp.o
       384         10          0          0          0       2417   bsp_can.o
       216         12          0          4          0       1621   bsp_delay.o
        44          4          0          0          0        482   bsp_led.o
       772         30         10          0          0       3829   bsp_nrf.o
       224         12          0          0         18       1313   bsp_spi.o
         0          0          0          0          0         32   bsp_sys.o
       148         24          0          0          0        796   bsp_timer.o
       240         14          0          5          0       3198   bsp_usart.o
         0          0          0          0          0      13564   event_groups.o
       592         10          0         32      10240       4314   heap_4.o
        64         16          0          8          0       1101   led_task.o
       138          0          0          0          0       1894   list.o
        30          0          0          0          0     275643   main.o
       176         14          0          0          0       1909   misc.o
       662         34          0         12          0       8095   port.o
      3468         16          0          0         64      24408   queue.o
       596         36          0          3         59       3316   remoter_task.o
        64         26        304          0       1536        796   startup_stm32f10x_hd.o
      1824         42          0          0          0       8724   stm32f10x_can.o
       612         36          0          0          0       6037   stm32f10x_gpio.o
        12          0          0          0          0        891   stm32f10x_it.o
       696         32          0         20          0       9020   stm32f10x_rcc.o
       628         14          0          0          0       7062   stm32f10x_spi.o
      2800         84          0          0          0      23974   stm32f10x_tim.o
       808         22          0          0          0       8900   stm32f10x_usart.o
       344         34          0         20          0       1795   system_stm32f10x.o
      5288        128          0         64        740      36161   tasks.o
      1416         48          0         20         40      27456   timers.o
      2512         42          0          0          0       5700   zlac8015d_motor_task.o

    ----------------------------------------------------------------------
     24792        744        348        192      12700     484895   Object Totals
         0          0         32          0          0          0   (incl. Generated)
         2          0          2          4          3          0   (incl. Padding)

    ----------------------------------------------------------------------

      Code (inc. data)   RO Data    RW Data    ZI Data      Debug   Library Member Name

         8          0          0          0          0         68   __main.o
       104          0          0          0          0         84   __printf.o
         0          0          0          0          0          0   __rtentry.o
        12          0          0          0          0          0   __rtentry2.o
         6          0          0          0          0          0   __rtentry4.o
        52          8          0          0          0          0   __scatter.o
        26          0          0          0          0          0   __scatter_copy.o
        28          0          0          0          0          0   __scatter_zi.o
         6          0          0          0          0          0   _printf_c.o
        44          0          0          0          0        108   _printf_char.o
        48          6          0          0          0         96   _printf_char_common.o
        36          4          0          0          0         80   _printf_char_file.o
       120         16          0          0          0         92   _printf_dec.o
       178          0          0          0          0         88   _printf_intcommon.o
         0          0          0          0          0          0   _printf_percent.o
         4          0          0          0          0          0   _printf_percent_end.o
        82          0          0          0          0         80   _printf_str.o
         6          0          0          0          0          0   _printf_u.o
        10          0          0          0          0         68   _sputc.o
        16          0          0          0          0         68   aeabi_memset.o
        18          0          0          0          0         80   exit.o
         8          0          0          0          0         68   ferror.o
         6          0          0          0          0        152   heapauxi.o
         2          0          0          0          0          0   libinit.o
         2          0          0          0          0          0   libinit2.o
         2          0          0          0          0          0   libshutdown.o
         2          0          0          0          0          0   libshutdown2.o
         8          4          0          0         96         68   libspace.o
        24          4          0          0          0         84   noretval__2printf.o
        40          6          0          0          0         84   noretval__2sprintf.o
        68          0          0          0          0         68   rt_memclr.o
        78          0          0          0          0         80   rt_memclr_w.o
       138          0          0          0          0         68   rt_memcpy_v6.o
       100          0          0          0          0         80   rt_memcpy_w.o
         2          0          0          0          0          0   rtexit.o
        10          0          0          0          0          0   rtexit2.o
        72          0          0          0          0         80   strcpy.o
        62          0          0          0          0         76   strlen.o
        74          0          0          0          0         80   sys_stackheap_outer.o
         2          0          0          0          0         68   use_no_semi.o
         2          0          0          0          0         68   use_no_semi_2.o

    ----------------------------------------------------------------------
      1516         48          0          0        100       2036   Library Totals
        10          0          0          0          4          0   (incl. Padding)

    ----------------------------------------------------------------------

      Code (inc. data)   RO Data    RW Data    ZI Data      Debug   Library Name

      1506         48          0          0         96       2036   c_w.l

    ----------------------------------------------------------------------
      1516         48          0          0        100       2036   Library Totals

    ----------------------------------------------------------------------

==============================================================================


      Code (inc. data)   RO Data    RW Data    ZI Data      Debug   

     26308        792        348        192      12800     482091   Grand Totals
     26308        792        348        192      12800     482091   ELF Image Totals
     26308        792        348        192          0          0   ROM Totals

==============================================================================

    Total RO  Size (Code + RO Data)                26656 (  26.03kB)
    Total RW  Size (RW Data + ZI Data)             12992 (  12.69kB)
    Total ROM Size (Code + RO Data + RW Data)      26848 (  26.22kB)

==============================================================================

