Component: ARM Compiler 5.06 update 7 (build 960) Tool: armlink [4d3601]

==============================================================================

Section Cross References

    main.o(.text) refers to misc.o(.text) for NVIC_PriorityGroupConfig
    main.o(.text) refers to bsp.o(.text) for BSP_Init
    main.o(.text) refers to led_task.o(.text) for Led_Tast_Creat
    main.o(.text) refers to remoter_task.o(.text) for RemoteControl_Task_Creat
    main.o(.text) refers to tx2_task.o(.text) for TX2_Tast_Creat
    main.o(.text) refers to tasks.o(.text) for vTaskStartScheduler
    system_stm32f10x.o(.text) refers to system_stm32f10x.o(.data) for .data
    led_task.o(.text) refers to tasks.o(.text) for vTaskDelay
    zlac8015d_motor_task.o(.text) refers to bsp_can.o(.text) for Can_Send_Msg_TEXT
    zlac8015d_motor_task.o(.text) refers to bsp_delay.o(.text) for delay_ms
    remoter_task.o(.text) refers to bsp_can.o(.text) for Can_Send_Msg_TEXT
    remoter_task.o(.text) refers to bsp_delay.o(.text) for delay_ms
    remoter_task.o(.text) refers to zlac8015d_motor_task.o(.text) for ZLAC8015D_Test
    remoter_task.o(.text) refers to tasks.o(.text) for vTaskDelay
    remoter_task.o(.text) refers to remoter_task.o(.data) for .data
    remoter_task.o(.text) refers to remoter_task.o(.bss) for .bss
    tx2_task.o(.text) refers to scanf1.o(x$fpl$scanf1) for _scanf_real
    tx2_task.o(.text) refers to _printf_percent.o(.ARM.Collect$$_printf_percent$$00000000) for _printf_percent
    tx2_task.o(.text) refers to _printf_f.o(.ARM.Collect$$_printf_percent$$00000003) for _printf_f
    tx2_task.o(.text) refers to printf1.o(x$fpl$printf1) for _printf_fp_dec
    tx2_task.o(.text) refers to _printf_s.o(.ARM.Collect$$_printf_percent$$00000014) for _printf_s
    tx2_task.o(.text) refers to _printf_str.o(.text) for _printf_str
    tx2_task.o(.text) refers to strncpy.o(.text) for strncpy
    tx2_task.o(.text) refers to strpbrk.o(.text) for strpbrk
    tx2_task.o(.text) refers to __0sscanf.o(.text) for __0sscanf
    tx2_task.o(.text) refers to noretval__2printf.o(.text) for __2printf
    tx2_task.o(.text) refers to tasks.o(.text) for vTaskDelay
    tx2_task.o(.text) refers to f2d.o(x$fpl$f2d) for __aeabi_f2d
    tx2_task.o(.text) refers to bsp_usart.o(.data) for uart2_rx_flag
    tx2_task.o(.text) refers to tx2_task.o(.bss) for .bss
    tx2_task.o(.text) refers to bsp_usart.o(.bss) for uart2_rx_buf
    bsp.o(.text) refers to bsp_nrf.o(.text) for NRF24L01_Init
    bsp.o(.text) refers to bsp_delay.o(.text) for delay_init
    bsp.o(.text) refers to bsp_usart.o(.text) for uart_init
    bsp.o(.text) refers to bsp_led.o(.text) for LED_Initializes
    bsp.o(.text) refers to bsp_can.o(.text) for CAN1_Init
    bsp_delay.o(.text) refers to tasks.o(.text) for xTaskGetSchedulerState
    bsp_delay.o(.text) refers to port.o(.text) for xPortSysTickHandler
    bsp_delay.o(.text) refers to misc.o(.text) for SysTick_CLKSourceConfig
    bsp_delay.o(.text) refers to system_stm32f10x.o(.data) for SystemCoreClock
    bsp_delay.o(.text) refers to bsp_delay.o(.data) for .data
    bsp_led.o(.text) refers to stm32f10x_rcc.o(.text) for RCC_APB2PeriphClockCmd
    bsp_led.o(.text) refers to stm32f10x_gpio.o(.text) for GPIO_Init
    bsp_timer.o(.text) refers to stm32f10x_rcc.o(.text) for RCC_APB1PeriphClockCmd
    bsp_timer.o(.text) refers to stm32f10x_tim.o(.text) for TIM_TimeBaseInit
    bsp_timer.o(.text) refers to misc.o(.text) for NVIC_Init
    bsp_timer.o(.text) refers to noretval__2printf.o(.text) for __2printf
    bsp_usart.o(.text) refers (Special) to use_no_semi_2.o(.text) for __use_no_semihosting
    bsp_usart.o(.text) refers to stm32f10x_rcc.o(.text) for RCC_APB2PeriphClockCmd
    bsp_usart.o(.text) refers to stm32f10x_gpio.o(.text) for GPIO_Init
    bsp_usart.o(.text) refers to misc.o(.text) for NVIC_Init
    bsp_usart.o(.text) refers to stm32f10x_usart.o(.text) for USART_Init
    bsp_usart.o(.text) refers to remoter_task.o(.text) for SBUS_Process
    bsp_usart.o(.text) refers to bsp_usart.o(.data) for .data
    bsp_usart.o(.text) refers to bsp_usart.o(.bss) for .bss
    bsp_usart.o(.bss) refers (Special) to use_no_semi_2.o(.text) for __use_no_semihosting
    bsp_usart.o(.bss) refers (Special) to use_no_semi_2.o(.text) for __use_no_semihosting
    bsp_usart.o(.data) refers (Special) to use_no_semi_2.o(.text) for __use_no_semihosting
    bsp_usart.o(.data) refers (Special) to use_no_semi_2.o(.text) for __use_no_semihosting
    bsp_usart.o(.data) refers (Special) to use_no_semi_2.o(.text) for __use_no_semihosting
    bsp_nrf.o(.text) refers to stm32f10x_rcc.o(.text) for RCC_APB2PeriphClockCmd
    bsp_nrf.o(.text) refers to stm32f10x_gpio.o(.text) for GPIO_Init
    bsp_nrf.o(.text) refers to bsp_spi.o(.text) for SPI1_Init
    bsp_nrf.o(.text) refers to stm32f10x_spi.o(.text) for SPI_Cmd
    bsp_nrf.o(.text) refers to bsp_nrf.o(.constdata) for .constdata
    bsp_can.o(.text) refers to stm32f10x_rcc.o(.text) for RCC_APB2PeriphClockCmd
[...]
    Request_Right_Temperature                0x0800063d   Thumb Code    26  zlac8015d_motor_task.o(.text)
    Stop_Drive                               0x08000657   Thumb Code    26  zlac8015d_motor_task.o(.text)
    Remove_Stop                              0x08000671   Thumb Code    26  zlac8015d_motor_task.o(.text)
    RPDO0_Config                             0x0800068b   Thumb Code   150  zlac8015d_motor_task.o(.text)
    RPDO1_Config                             0x08000721   Thumb Code   180  zlac8015d_motor_task.o(.text)
    RPDO2_Config                             0x080007d5   Thumb Code   314  zlac8015d_motor_task.o(.text)
    RPDO3_Config                             0x0800090f   Thumb Code   184  zlac8015d_motor_task.o(.text)
    TPDO0_Config                             0x080009c7   Thumb Code   234  zlac8015d_motor_task.o(.text)
    TPDO1_Config                             0x08000ab1   Thumb Code   234  zlac8015d_motor_task.o(.text)
    TPDO2_Config                             0x08000b9b   Thumb Code   290  zlac8015d_motor_task.o(.text)
    TPDO3_Config                             0x08000cbd   Thumb Code   234  zlac8015d_motor_task.o(.text)
    NMT_Control                              0x08000da7   Thumb Code    22  zlac8015d_motor_task.o(.text)
    Driver_Enable                            0x08000dbd   Thumb Code    76  zlac8015d_motor_task.o(.text)
    Profile_Velocity_Test                    0x08000e09   Thumb Code    84  zlac8015d_motor_task.o(.text)
    motor_forward                            0x08000e5d   Thumb Code    32  zlac8015d_motor_task.o(.text)
    Relative_Position_Set_Init               0x08000e7d   Thumb Code   514  zlac8015d_motor_task.o(.text)
    Absolute_position_Set_Init               0x0800107f   Thumb Code   532  zlac8015d_motor_task.o(.text)
    Moment_Set_Init                          0x08001293   Thumb Code   408  zlac8015d_motor_task.o(.text)
    Remoter_Task_Init                        0x08001435   Thumb Code     2  remoter_task.o(.text)
    SBUS_Process                             0x08001437   Thumb Code   300  remoter_task.o(.text)
    SWA_ch5                                  0x08001563   Thumb Code     2  remoter_task.o(.text)
    SWB_ch6                                  0x08001565   Thumb Code    28  remoter_task.o(.text)
    motor_set_both_speed                     0x08001581   Thumb Code    52  remoter_task.o(.text)
    RemoteControl_Task                       0x080015b5   Thumb Code   202  remoter_task.o(.text)
    RemoteControl_Task_Creat                 0x0800167f   Thumb Code    26  remoter_task.o(.text)
    parse_pose_line                          0x080016bd   Thumb Code    94  tx2_task.o(.text)
    loop                                     0x0800171b   Thumb Code    98  tx2_task.o(.text)
    TX2_Tast_Creat                           0x0800177d   Thumb Code    26  tx2_task.o(.text)
    BSP_Init                                 0x0800182d   Thumb Code    36  bsp.o(.text)
    SysTick_Handler                          0x08001855   Thumb Code    20  bsp_delay.o(.text)
    delay_init                               0x08001869   Thumb Code    60  bsp_delay.o(.text)
    delay_us                                 0x080018a5   Thumb Code    48  bsp_delay.o(.text)
    delay_ms                                 0x080018d5   Thumb Code    50  bsp_delay.o(.text)
    delay_xms                                0x08001907   Thumb Code    26  bsp_delay.o(.text)
    LED_Initializes                          0x0800192d   Thumb Code    40  bsp_led.o(.text)
    TIM3_Int_Init                            0x08001959   Thumb Code    90  bsp_timer.o(.text)
    TIM3_IRQHandler                          0x080019b3   Thumb Code    34  bsp_timer.o(.text)
    _sys_exit                                0x080019ed   Thumb Code     2  bsp_usart.o(.text)
    fputc                                    0x080019ef   Thumb Code    18  bsp_usart.o(.text)
    uart_init                                0x08001a01   Thumb Code   156  bsp_usart.o(.text)
    uart2_init                               0x08001a9d   Thumb Code   152  bsp_usart.o(.text)
    USART1_IRQHandler                        0x08001b35   Thumb Code    50  bsp_usart.o(.text)
    USART2_IRQHandler                        0x08001b67   Thumb Code    92  bsp_usart.o(.text)
    NRF24L01_Init                            0x08001bd9   Thumb Code   188  bsp_nrf.o(.text)
    NRF24L01_Read_Buf                        0x08001c95   Thumb Code    54  bsp_nrf.o(.text)
    NRF24L01_Write_Buf                       0x08001ccb   Thumb Code    52  bsp_nrf.o(.text)
    NRF24L01_Check                           0x08001cff   Thumb Code    68  bsp_nrf.o(.text)
    NRF24L01_Write_Reg                       0x08001d43   Thumb Code    40  bsp_nrf.o(.text)
    NRF24L01_Read_Reg                        0x08001d6b   Thumb Code    30  bsp_nrf.o(.text)
    NRF24L01_TxPacket                        0x08001d89   Thumb Code    86  bsp_nrf.o(.text)
    NRF24L01_RxPacket                        0x08001ddf   Thumb Code    56  bsp_nrf.o(.text)
    NRF24L01_RX_Mode                         0x08001e17   Thumb Code    78  bsp_nrf.o(.text)
    NRF24L01_TX_Mode                         0x08001e65   Thumb Code    90  bsp_nrf.o(.text)
    CAN1_Init                                0x08001edd   Thumb Code   200  bsp_can.o(.text)
    USB_LP_CAN1_RX0_IRQHandler               0x08001fa5   Thumb Code    80  bsp_can.o(.text)
    Can_Send_Msg_TEXT                        0x08001ff5   Thumb Code    92  bsp_can.o(.text)
    Can_Receive_Msg                          0x08002051   Thumb Code    54  bsp_can.o(.text)
    SPI1_ReadWriteByte                       0x08002095   Thumb Code    76  bsp_spi.o(.text)
    SPI1_Init                                0x080020e1   Thumb Code   110  bsp_spi.o(.text)
    SPI1_SetSpeed                            0x0800214f   Thumb Code    26  bsp_spi.o(.text)
    Reset_Handler                            0x08002175   Thumb Code     8  startup_stm32f10x_hd.o(.text)
    ADC1_2_IRQHandler                        0x0800218f   Thumb Code     0  startup_stm32f10x_hd.o(.text)
    ADC3_IRQHandler                          0x0800218f   Thumb Code     0  startup_stm32f10x_hd.o(.text)
    CAN1_RX1_IRQHandler                      0x0800218f   Thumb Code     0  startup_stm32f10x_hd.o(.text)
    CAN1_SCE_IRQHandler                      0x0800218f   Thumb Code     0  startup_stm32f10x_hd.o(.text)
    DMA1_Channel1_IRQHandler                 0x0800218f   Thumb Code     0  startup_stm32f10x_hd.o(.text)
    DMA1_Channel2_IRQHandler                 0x0800218f   Thumb Code     0  startup_stm32f10x_hd.o(.text)
    DMA1_Channel3_IRQHandler                 0x0800218f   Thumb Code     0  startup_stm32f10x_hd.o(.text)
    DMA1_Channel4_IRQHandler                 0x0800218f   Thumb Code     0  startup_stm32f10x_hd.o(.text)
    DMA1_Channel5_IRQHandler                 0x0800218f   Thumb Code     0  startup_stm32f10x_hd.o(.text)
    DMA1_Channel6_IRQHandler                 0x0800218f   Thumb Code     0  startup_stm32f10x_hd.o(.text)
    DMA1_Channel7_IRQHandler                 0x0800218f   Thumb Code     0  startup_stm32f10x_hd.o(.text)
    DMA2_Channel1_IRQHandler                 0x0800218f   Thumb Code     0  startup_stm32f10x_hd.o(.text)
    DMA2_Channel2_IRQHandler                 0x0800218f   Thumb Code     0  startup_stm32f10x_hd.o(.text)
    DMA2_Channel3_IRQHandler                 0x0800218f   Thumb Code     0  startup_stm32f10x_hd.o(.text)
    DMA2_Channel4_5_IRQHandler               0x0800218f   Thumb Code     0  startup_stm32f10x_hd.o(.text)
    EXTI0_IRQHandler                         0x0800218f   Thumb Code     0  startup_stm32f10x_hd.o(.text)
    EXTI15_10_IRQHandler                     0x0800218f   Thumb Code     0  startup_stm32f10x_hd.o(.text)
    EXTI1_IRQHandler                         0x0800218f   Thumb Code     0  startup_stm32f10x_hd.o(.text)
    EXTI2_IRQHandler                         0x0800218f   Thumb Code     0  startup_stm32f10x_hd.o(.text)
    EXTI3_IRQHandler                         0x0800218f   Thumb Code     0  startup_stm32f10x_hd.o(.text)
    EXTI4_IRQHandler                         0x0800218f   Thumb Code     0  startup_stm32f10x_hd.o(.text)
    EXTI9_5_IRQHandler                       0x0800218f   Thumb Code     0  startup_stm32f10x_hd.o(.text)
    FLASH_IRQHandler                         0x0800218f   Thumb Code     0  startup_stm32f10x_hd.o(.text)
    FSMC_IRQHandler                          0x0800218f   Thumb Code     0  startup_stm32f10x_hd.o(.text)
    I2C1_ER_IRQHandler                       0x0800218f   Thumb Code     0  startup_stm32f10x_hd.o(.text)
    I2C1_EV_IRQHandler                       0x0800218f   Thumb Code     0  startup_stm32f10x_hd.o(.text)
    I2C2_ER_IRQHandler                       0x0800218f   Thumb Code     0  startup_stm32f10x_hd.o(.text)
    I2C2_EV_IRQHandler                       0x0800218f   Thumb Code     0  startup_stm32f10x_hd.o(.text)
    PVD_IRQHandler                           0x0800218f   Thumb Code     0  startup_stm32f10x_hd.o(.text)
    RCC_IRQHandler                           0x0800218f   Thumb Code     0  startup_stm32f10x_hd.o(.text)
    RTCAlarm_IRQHandler                      0x0800218f   Thumb Code     0  startup_stm32f10x_hd.o(.text)
    RTC_IRQHandler                           0x0800218f   Thumb Code     0  startup_stm32f10x_hd.o(.text)
    SDIO_IRQHandler                          0x0800218f   Thumb Code     0  startup_stm32f10x_hd.o(.text)
    SPI1_IRQHandler                          0x0800218f   Thumb Code     0  startup_stm32f10x_hd.o(.text)
    SPI2_IRQHandler                          0x0800218f   Thumb Code     0  startup_stm32f10x_hd.o(.text)
    SPI3_IRQHandler                          0x0800218f   Thumb Code     0  startup_stm32f10x_hd.o(.text)
    TAMPER_IRQHandler                        0x0800218f   Thumb Code     0  startup_stm32f10x_hd.o(.text)
    TIM1_BRK_IRQHandler                      0x0800218f   Thumb Code     0  startup_stm32f10x_hd.o(.text)
    TIM1_CC_IRQHandler                       0x0800218f   Thumb Code     0  startup_stm32f10x_hd.o(.text)
    TIM1_TRG_COM_IRQHandler                  0x0800218f   Thumb Code     0  startup_stm32f10x_hd.o(.text)
    TIM1_UP_IRQHandler                       0x0800218f   Thumb Code     0  startup_stm32f10x_hd.o(.text)
    TIM2_IRQHandler                          0x0800218f   Thumb Code     0  startup_stm32f10x_hd.o(.text)
    TIM4_IRQHandler                          0x0800218f   Thumb Code     0  startup_stm32f10x_hd.o(.text)
    TIM5_IRQHandler                          0x0800218f   Thumb Code     0  startup_stm32f10x_hd.o(.text)
    TIM6_IRQHandler                          0x0800218f   Thumb Code     0  startup_stm32f10x_hd.o(.text)
    TIM7_IRQHandler                          0x0800218f   Thumb Code     0  startup_stm32f10x_hd.o(.text)
    TIM8_BRK_IRQHandler                      0x0800218f   Thumb Code     0  startup_stm32f10x_hd.o(.text)
    TIM8_CC_IRQHandler                       0x0800218f   Thumb Code     0  startup_stm32f10x_hd.o(.text)
    TIM8_TRG_COM_IRQHandler                  0x0800218f   Thumb Code     0  startup_stm32f10x_hd.o(.text)
    TIM8_UP_IRQHandler                       0x0800218f   Thumb Code     0  startup_stm32f10x_hd.o(.text)
    UART4_IRQHandler                         0x0800218f   Thumb Code     0  startup_stm32f10x_hd.o(.text)
    UART5_IRQHandler                         0x0800218f   Thumb Code     0  startup_stm32f10x_hd.o(.text)
    USART3_IRQHandler                        0x0800218f   Thumb Code     0  startup_stm32f10x_hd.o(.text)
    USBWakeUp_IRQHandler                     0x0800218f   Thumb Code     0  startup_stm32f10x_hd.o(.text)
    USB_HP_CAN1_TX_IRQHandler                0x0800218f   Thumb Code     0  startup_stm32f10x_hd.o(.text)
    WWDG_IRQHandler                          0x0800218f   Thumb Code     0  startup_stm32f10x_hd.o(.text)
    __user_initial_stackheap                 0x08002191   Thumb Code     0  startup_stm32f10x_hd.o(.text)
    NVIC_PriorityGroupConfig                 0x080021b5   Thumb Code    10  misc.o(.text)
    NVIC_Init                                0x080021bf   Thumb Code    94  misc.o(.text)
    NVIC_SetVectorTable                      0x0800221d   Thumb Code    14  misc.o(.text)
    NVIC_SystemLPConfig                      0x0800222b   Thumb Code    20  misc.o(.text)
    SysTick_CLKSourceConfig                  0x0800223f   Thumb Code    24  misc.o(.text)
    GPIO_DeInit                              0x08002265   Thumb Code   152  stm32f10x_gpio.o(.text)
    GPIO_AFIODeInit                          0x080022fd   Thumb Code    22  stm32f10x_gpio.o(.text)
    GPIO_Init                                0x08002313   Thumb Code   156  stm32f10x_gpio.o(.text)
    GPIO_StructInit                          0x080023af   Thumb Code    16  stm32f10x_gpio.o(.text)
    GPIO_ReadInputDataBit                    0x080023bf   Thumb Code    14  stm32f10x_gpio.o(.text)
    GPIO_ReadInputData                       0x080023cd   Thumb Code     6  stm32f10x_gpio.o(.text)
    GPIO_ReadOutputDataBit                   0x080023d3   Thumb Code    14  stm32f10x_gpio.o(.text)
    GPIO_ReadOutputData                      0x080023e1   Thumb Code     6  stm32f10x_gpio.o(.text)
    GPIO_SetBits                             0x080023e7   Thumb Code     4  stm32f10x_gpio.o(.text)
    GPIO_ResetBits                           0x080023eb   Thumb Code     4  stm32f10x_gpio.o(.text)
    GPIO_WriteBit                            0x080023ef   Thumb Code    10  stm32f10x_gpio.o(.text)
    GPIO_Write                               0x080023f9   Thumb Code     4  stm32f10x_gpio.o(.text)
    GPIO_PinLockConfig                       0x080023fd   Thumb Code    16  stm32f10x_gpio.o(.text)
    GPIO_EventOutputConfig                   0x0800240d   Thumb Code    22  stm32f10x_gpio.o(.text)
    GPIO_EventOutputCmd                      0x08002423   Thumb Code     6  stm32f10x_gpio.o(.text)
    GPIO_PinRemapConfig                      0x08002429   Thumb Code    82  stm32f10x_gpio.o(.text)
    GPIO_EXTILineConfig                      0x0800247b   Thumb Code    34  stm32f10x_gpio.o(.text)
    GPIO_ETH_MediaInterfaceConfig            0x0800249d   Thumb Code     8  stm32f10x_gpio.o(.text)
    RCC_DeInit                               0x080024c9   Thumb Code    50  stm32f10x_rcc.o(.text)
    RCC_HSEConfig                            0x080024fb   Thumb Code    48  stm32f10x_rcc.o(.text)
    RCC_GetFlagStatus                        0x0800252b   Thumb Code    42  stm32f10x_rcc.o(.text)
    RCC_WaitForHSEStartUp                    0x08002555   Thumb Code    44  stm32f10x_rcc.o(.text)
    RCC_AdjustHSICalibrationValue            0x08002581   Thumb Code    16  stm32f10x_rcc.o(.text)
    RCC_HSICmd                               0x08002591   Thumb Code     6  stm32f10x_rcc.o(.text)
    RCC_PLLConfig                            0x08002597   Thumb Code    16  stm32f10x_rcc.o(.text)
    RCC_PLLCmd                               0x080025a7   Thumb Code     6  stm32f10x_rcc.o(.text)
    RCC_SYSCLKConfig                         0x080025ad   Thumb Code    14  stm32f10x_rcc.o(.text)
    RCC_GetSYSCLKSource                      0x080025bb   Thumb Code    10  stm32f10x_rcc.o(.text)
    RCC_HCLKConfig                           0x080025c5   Thumb Code    14  stm32f10x_rcc.o(.text)
    RCC_PCLK1Config                          0x080025d3   Thumb Code    14  stm32f10x_rcc.o(.text)
    RCC_PCLK2Config                          0x080025e1   Thumb Code    16  stm32f10x_rcc.o(.text)
    RCC_ITConfig                             0x080025f1   Thumb Code    18  stm32f10x_rcc.o(.text)
    RCC_USBCLKConfig                         0x08002603   Thumb Code     8  stm32f10x_rcc.o(.text)
    RCC_ADCCLKConfig                         0x0800260b   Thumb Code    14  stm32f10x_rcc.o(.text)
    RCC_LSEConfig                            0x08002619   Thumb Code    28  stm32f10x_rcc.o(.text)
    RCC_LSICmd                               0x08002635   Thumb Code     6  stm32f10x_rcc.o(.text)
    RCC_RTCCLKConfig                         0x0800263b   Thumb Code    10  stm32f10x_rcc.o(.text)
    RCC_RTCCLKCmd                            0x08002645   Thumb Code     8  stm32f10x_rcc.o(.text)
    RCC_GetClocksFreq                        0x0800264d   Thumb Code   132  stm32f10x_rcc.o(.text)
    RCC_AHBPeriphClockCmd                    0x080026d1   Thumb Code    18  stm32f10x_rcc.o(.text)
    RCC_APB2PeriphClockCmd                   0x080026e3   Thumb Code    18  stm32f10x_rcc.o(.text)
    RCC_APB1PeriphClockCmd                   0x080026f5   Thumb Code    18  stm32f10x_rcc.o(.text)
    RCC_APB2PeriphResetCmd                   0x08002707   Thumb Code    18  stm32f10x_rcc.o(.text)
    RCC_APB1PeriphResetCmd                   0x08002719   Thumb Code    18  stm32f10x_rcc.o(.text)
    RCC_BackupResetCmd                       0x0800272b   Thumb Code     8  stm32f10x_rcc.o(.text)
    RCC_ClockSecuritySystemCmd               0x08002733   Thumb Code     6  stm32f10x_rcc.o(.text)
    RCC_MCOConfig                            0x08002739   Thumb Code     6  stm32f10x_rcc.o(.text)
    RCC_ClearFlag                            0x0800273f   Thumb Code    12  stm32f10x_rcc.o(.text)
    RCC_GetITStatus                          0x0800274b   Thumb Code    16  stm32f10x_rcc.o(.text)
    RCC_ClearITPendingBit                    0x0800275b   Thumb Code     6  stm32f10x_rcc.o(.text)
    USART_DeInit                             0x08002781   Thumb Code    96  stm32f10x_usart.o(.text)
    USART_Init                               0x080027e1   Thumb Code   166  stm32f10x_usart.o(.text)
    USART_StructInit                         0x08002887   Thumb Code    22  stm32f10x_usart.o(.text)
    USART_ClockInit                          0x0800289d   Thumb Code    30  stm32f10x_usart.o(.text)
    USART_ClockStructInit                    0x080028bb   Thumb Code    12  stm32f10x_usart.o(.text)
    USART_Cmd                                0x080028c7   Thumb Code    20  stm32f10x_usart.o(.text)
    USART_ITConfig                           0x080028db   Thumb Code    48  stm32f10x_usart.o(.text)
    USART_DMACmd                             0x0800290b   Thumb Code    16  stm32f10x_usart.o(.text)
    USART_SetAddress                         0x0800291b   Thumb Code    16  stm32f10x_usart.o(.text)
    USART_WakeUpConfig                       0x0800292b   Thumb Code    16  stm32f10x_usart.o(.text)
    USART_ReceiverWakeUpCmd                  0x0800293b   Thumb Code    20  stm32f10x_usart.o(.text)
    USART_LINBreakDetectLengthConfig         0x0800294f   Thumb Code    16  stm32f10x_usart.o(.text)
    USART_LINCmd                             0x0800295f   Thumb Code    20  stm32f10x_usart.o(.text)
    USART_SendData                           0x08002973   Thumb Code     8  stm32f10x_usart.o(.text)
    USART_ReceiveData                        0x0800297b   Thumb Code     8  stm32f10x_usart.o(.text)
    USART_SendBreak                          0x08002983   Thumb Code    10  stm32f10x_usart.o(.text)
    USART_SetGuardTime                       0x0800298d   Thumb Code    16  stm32f10x_usart.o(.text)
    USART_SetPrescaler                       0x0800299d   Thumb Code    16  stm32f10x_usart.o(.text)
    USART_SmartCardCmd                       0x080029ad   Thumb Code    20  stm32f10x_usart.o(.text)
    USART_SmartCardNACKCmd                   0x080029c1   Thumb Code    20  stm32f10x_usart.o(.text)
    USART_HalfDuplexCmd                      0x080029d5   Thumb Code    20  stm32f10x_usart.o(.text)
    USART_OverSampling8Cmd                   0x080029e9   Thumb Code    20  stm32f10x_usart.o(.text)
    USART_OneBitMethodCmd                    0x080029fd   Thumb Code    20  stm32f10x_usart.o(.text)
    USART_IrDAConfig                         0x08002a11   Thumb Code    16  stm32f10x_usart.o(.text)
    USART_IrDACmd                            0x08002a21   Thumb Code    20  stm32f10x_usart.o(.text)
    USART_GetFlagStatus                      0x08002a35   Thumb Code    14  stm32f10x_usart.o(.text)
    USART_ClearFlag                          0x08002a43   Thumb Code     6  stm32f10x_usart.o(.text)
    USART_GetITStatus                        0x08002a49   Thumb Code    62  stm32f10x_usart.o(.text)
    USART_ClearITPendingBit                  0x08002a87   Thumb Code    12  stm32f10x_usart.o(.text)
    TIM_DeInit                               0x08002aa9   Thumb Code   304  stm32f10x_tim.o(.text)
    TIM_TimeBaseInit                         0x08002bd9   Thumb Code   114  stm32f10x_tim.o(.text)
    TIM_OC1Init                              0x08002c4b   Thumb Code   106  stm32f10x_tim.o(.text)
    TIM_OC2Init                              0x08002cb5   Thumb Code   120  stm32f10x_tim.o(.text)
    TIM_OC3Init                              0x08002d2d   Thumb Code   116  stm32f10x_tim.o(.text)
    TIM_OC4Init                              0x08002da1   Thumb Code    90  stm32f10x_tim.o(.text)
    TIM_SetIC4Prescaler                      0x08002dfb   Thumb Code    24  stm32f10x_tim.o(.text)
    TIM_SetIC3Prescaler                      0x08002e13   Thumb Code    16  stm32f10x_tim.o(.text)
    TIM_SetIC2Prescaler                      0x08002e23   Thumb Code    24  stm32f10x_tim.o(.text)
    TIM_SetIC1Prescaler                      0x08002ee1   Thumb Code    16  stm32f10x_tim.o(.text)
    TIM_ICInit                               0x08002f49   Thumb Code   270  stm32f10x_tim.o(.text)
    TIM_PWMIConfig                           0x08003057   Thumb Code   104  stm32f10x_tim.o(.text)
    TIM_BDTRConfig                           0x080030bf   Thumb Code    34  stm32f10x_tim.o(.text)
    TIM_TimeBaseStructInit                   0x080030e1   Thumb Code    18  stm32f10x_tim.o(.text)
    TIM_OCStructInit                         0x080030f3   Thumb Code    20  stm32f10x_tim.o(.text)
    TIM_ICStructInit                         0x08003107   Thumb Code    16  stm32f10x_tim.o(.text)
    TIM_BDTRStructInit                       0x08003117   Thumb Code    18  stm32f10x_tim.o(.text)
    TIM_Cmd                                  0x08003129   Thumb Code    20  stm32f10x_tim.o(.text)
    TIM_CtrlPWMOutputs                       0x0800313d   Thumb Code    22  stm32f10x_tim.o(.text)
    TIM_ITConfig                             0x08003153   Thumb Code    16  stm32f10x_tim.o(.text)
    TIM_GenerateEvent                        0x08003163   Thumb Code     4  stm32f10x_tim.o(.text)
    TIM_DMAConfig                            0x08003167   Thumb Code     8  stm32f10x_tim.o(.text)
    TIM_DMACmd                               0x0800316f   Thumb Code    16  stm32f10x_tim.o(.text)
    TIM_InternalClockConfig                  0x0800317f   Thumb Code    10  stm32f10x_tim.o(.text)
    TIM_SelectInputTrigger                   0x08003189   Thumb Code    12  stm32f10x_tim.o(.text)
    TIM_ITRxExternalClockConfig              0x08003195   Thumb Code    18  stm32f10x_tim.o(.text)
    TIM_TIxExternalClockConfig               0x080031a7   Thumb Code    46  stm32f10x_tim.o(.text)
    TIM_ETRConfig                            0x080031d5   Thumb Code    24  stm32f10x_tim.o(.text)
    TIM_ETRClockMode1Config                  0x080031ed   Thumb Code    18  stm32f10x_tim.o(.text)
    TIM_ETRClockMode2Config                  0x080031ff   Thumb Code    18  stm32f10x_tim.o(.text)
    TIM_PrescalerConfig                      0x08003211   Thumb Code     6  stm32f10x_tim.o(.text)
    TIM_CounterModeConfig                    0x08003217   Thumb Code    12  stm32f10x_tim.o(.text)
    TIM_EncoderInterfaceConfig               0x08003223   Thumb Code    50  stm32f10x_tim.o(.text)
    TIM_ForcedOC1Config                      0x08003255   Thumb Code    12  stm32f10x_tim.o(.text)
    TIM_ForcedOC2Config                      0x08003261   Thumb Code    20  stm32f10x_tim.o(.text)
    TIM_ForcedOC3Config                      0x08003275   Thumb Code    12  stm32f10x_tim.o(.text)
    TIM_ForcedOC4Config                      0x08003281   Thumb Code    20  stm32f10x_tim.o(.text)
    TIM_ARRPreloadConfig                     0x08003295   Thumb Code    20  stm32f10x_tim.o(.text)
    TIM_SelectCOM                            0x080032a9   Thumb Code    20  stm32f10x_tim.o(.text)
    TIM_SelectCCDMA                          0x080032bd   Thumb Code    20  stm32f10x_tim.o(.text)
    TIM_CCPreloadControl                     0x080032d1   Thumb Code    20  stm32f10x_tim.o(.text)
    TIM_OC1PreloadConfig                     0x080032e5   Thumb Code    32  stm32f10x_tim.o(.text)
    TIM_OC2PreloadConfig                     0x08003305   Thumb Code    20  stm32f10x_tim.o(.text)
    TIM_OC3PreloadConfig                     0x08003319   Thumb Code    12  stm32f10x_tim.o(.text)
    TIM_OC4PreloadConfig                     0x08003325   Thumb Code    20  stm32f10x_tim.o(.text)
    TIM_OC1FastConfig                        0x08003339   Thumb Code    12  stm32f10x_tim.o(.text)
    TIM_OC2FastConfig                        0x08003345   Thumb Code    20  stm32f10x_tim.o(.text)
    TIM_OC3FastConfig                        0x08003359   Thumb Code    12  stm32f10x_tim.o(.text)
    TIM_OC4FastConfig                        0x08003365   Thumb Code    20  stm32f10x_tim.o(.text)
    TIM_ClearOC1Ref                          0x08003379   Thumb Code    12  stm32f10x_tim.o(.text)
    TIM_ClearOC2Ref                          0x08003385   Thumb Code    20  stm32f10x_tim.o(.text)
    TIM_ClearOC3Ref                          0x08003399   Thumb Code    12  stm32f10x_tim.o(.text)
    TIM_ClearOC4Ref                          0x080033a5   Thumb Code    20  stm32f10x_tim.o(.text)
    TIM_OC1PolarityConfig                    0x080033b9   Thumb Code    12  stm32f10x_tim.o(.text)
    TIM_OC1NPolarityConfig                   0x080033c5   Thumb Code    12  stm32f10x_tim.o(.text)
    TIM_OC2PolarityConfig                    0x080033d1   Thumb Code    20  stm32f10x_tim.o(.text)
    TIM_OC2NPolarityConfig                   0x080033e5   Thumb Code    20  stm32f10x_tim.o(.text)
    TIM_OC3PolarityConfig                    0x080033f9   Thumb Code    20  stm32f10x_tim.o(.text)
    TIM_OC3NPolarityConfig                   0x0800340d   Thumb Code    20  stm32f10x_tim.o(.text)
    TIM_OC4PolarityConfig                    0x08003421   Thumb Code    20  stm32f10x_tim.o(.text)
    TIM_CCxCmd                               0x08003435   Thumb Code    22  stm32f10x_tim.o(.text)
    TIM_CCxNCmd                              0x0800344b   Thumb Code    22  stm32f10x_tim.o(.text)
    TIM_SelectOCxM                           0x08003461   Thumb Code    70  stm32f10x_tim.o(.text)
    TIM_UpdateDisableConfig                  0x080034a7   Thumb Code    20  stm32f10x_tim.o(.text)
    TIM_UpdateRequestConfig                  0x080034bb   Thumb Code    20  stm32f10x_tim.o(.text)
    TIM_SelectHallSensor                     0x080034cf   Thumb Code    20  stm32f10x_tim.o(.text)
    TIM_SelectOnePulseMode                   0x080034e3   Thumb Code    16  stm32f10x_tim.o(.text)
    TIM_SelectOutputTrigger                  0x080034f3   Thumb Code    16  stm32f10x_tim.o(.text)
    TIM_SelectSlaveMode                      0x08003503   Thumb Code    16  stm32f10x_tim.o(.text)
    TIM_SelectMasterSlaveMode                0x08003513   Thumb Code    16  stm32f10x_tim.o(.text)
    TIM_SetCounter                           0x08003523   Thumb Code     4  stm32f10x_tim.o(.text)
    TIM_SetAutoreload                        0x08003527   Thumb Code     4  stm32f10x_tim.o(.text)
    TIM_SetCompare1                          0x0800352b   Thumb Code     4  stm32f10x_tim.o(.text)
    TIM_SetCompare2                          0x0800352f   Thumb Code     4  stm32f10x_tim.o(.text)
    TIM_SetCompare3                          0x08003533   Thumb Code     4  stm32f10x_tim.o(.text)
    TIM_SetCompare4                          0x08003537   Thumb Code     6  stm32f10x_tim.o(.text)
    TIM_SetClockDivision                     0x0800353d   Thumb Code    16  stm32f10x_tim.o(.text)
    TIM_GetCapture1                          0x0800354d   Thumb Code     4  stm32f10x_tim.o(.text)
    TIM_GetCapture2                          0x08003551   Thumb Code     4  stm32f10x_tim.o(.text)
    TIM_GetCapture3                          0x08003555   Thumb Code     4  stm32f10x_tim.o(.text)
    TIM_GetCapture4                          0x08003559   Thumb Code     6  stm32f10x_tim.o(.text)
    TIM_GetCounter                           0x0800355f   Thumb Code     4  stm32f10x_tim.o(.text)
    TIM_GetPrescaler                         0x08003563   Thumb Code     4  stm32f10x_tim.o(.text)
    TIM_GetFlagStatus                        0x08003567   Thumb Code    14  stm32f10x_tim.o(.text)
    TIM_ClearFlag                            0x08003575   Thumb Code     6  stm32f10x_tim.o(.text)
    TIM_GetITStatus                          0x0800357b   Thumb Code    24  stm32f10x_tim.o(.text)
    TIM_ClearITPendingBit                    0x08003593   Thumb Code     6  stm32f10x_tim.o(.text)
    SPI_I2S_DeInit                           0x08003599   Thumb Code    72  stm32f10x_spi.o(.text)
    SPI_Init                                 0x080035e1   Thumb Code    56  stm32f10x_spi.o(.text)
    I2S_Init                                 0x08003619   Thumb Code   150  stm32f10x_spi.o(.text)
    SPI_StructInit                           0x080036af   Thumb Code    24  stm32f10x_spi.o(.text)
    I2S_StructInit                           0x080036c7   Thumb Code    18  stm32f10x_spi.o(.text)
    SPI_Cmd                                  0x080036d9   Thumb Code    20  stm32f10x_spi.o(.text)
    I2S_Cmd                                  0x080036ed   Thumb Code    20  stm32f10x_spi.o(.text)
    SPI_I2S_ITConfig                         0x08003701   Thumb Code    24  stm32f10x_spi.o(.text)
    SPI_I2S_DMACmd                           0x08003719   Thumb Code    16  stm32f10x_spi.o(.text)
    SPI_I2S_SendData                         0x08003729   Thumb Code     4  stm32f10x_spi.o(.text)
    SPI_I2S_ReceiveData                      0x0800372d   Thumb Code     4  stm32f10x_spi.o(.text)
    SPI_NSSInternalSoftwareConfig            0x08003731   Thumb Code    24  stm32f10x_spi.o(.text)
    SPI_SSOutputCmd                          0x08003749   Thumb Code    20  stm32f10x_spi.o(.text)
    SPI_DataSizeConfig                       0x0800375d   Thumb Code    16  stm32f10x_spi.o(.text)
    SPI_TransmitCRC                          0x0800376d   Thumb Code    10  stm32f10x_spi.o(.text)
    SPI_CalculateCRC                         0x08003777   Thumb Code    20  stm32f10x_spi.o(.text)
    SPI_GetCRC                               0x0800378b   Thumb Code    12  stm32f10x_spi.o(.text)
    SPI_GetCRCPolynomial                     0x08003797   Thumb Code     4  stm32f10x_spi.o(.text)
    SPI_BiDirectionalLineConfig              0x0800379b   Thumb Code    22  stm32f10x_spi.o(.text)
    SPI_I2S_GetFlagStatus                    0x080037b1   Thumb Code    14  stm32f10x_spi.o(.text)
    SPI_I2S_ClearFlag                        0x080037bf   Thumb Code     6  stm32f10x_spi.o(.text)
    SPI_I2S_GetITStatus                      0x080037c5   Thumb Code    44  stm32f10x_spi.o(.text)
    SPI_I2S_ClearITPendingBit                0x080037f1   Thumb Code    14  stm32f10x_spi.o(.text)
    CAN_DeInit                               0x0800380d   Thumb Code    38  stm32f10x_can.o(.text)
    CAN_Init                                 0x08003833   Thumb Code   232  stm32f10x_can.o(.text)
    CAN_FilterInit                           0x0800391b   Thumb Code   194  stm32f10x_can.o(.text)
    CAN_StructInit                           0x080039dd   Thumb Code    32  stm32f10x_can.o(.text)
    CAN_SlaveStartBank                       0x080039fd   Thumb Code    38  stm32f10x_can.o(.text)
    CAN_DBGFreeze                            0x08003a23   Thumb Code    20  stm32f10x_can.o(.text)
    CAN_TTComModeCmd                         0x08003a37   Thumb Code    90  stm32f10x_can.o(.text)
    CAN_Transmit                             0x08003a91   Thumb Code   190  stm32f10x_can.o(.text)
    CAN_TransmitStatus                       0x08003b4f   Thumb Code    88  stm32f10x_can.o(.text)
    CAN_CancelTransmit                       0x08003ba7   Thumb Code    36  stm32f10x_can.o(.text)
    CAN_Receive                              0x08003bcb   Thumb Code   176  stm32f10x_can.o(.text)
    CAN_FIFORelease                          0x08003c7b   Thumb Code    22  stm32f10x_can.o(.text)
    CAN_MessagePending                       0x08003c91   Thumb Code    22  stm32f10x_can.o(.text)
    CAN_OperatingModeRequest                 0x08003ca7   Thumb Code   140  stm32f10x_can.o(.text)
    CAN_Sleep                                0x08003d33   Thumb Code    30  stm32f10x_can.o(.text)
    CAN_WakeUp                               0x08003d51   Thumb Code    40  stm32f10x_can.o(.text)
    CAN_GetLastErrorCode                     0x08003d79   Thumb Code    10  stm32f10x_can.o(.text)
    CAN_GetReceiveErrorCounter               0x08003d83   Thumb Code     6  stm32f10x_can.o(.text)
    CAN_GetLSBTransmitErrorCounter           0x08003d89   Thumb Code     8  stm32f10x_can.o(.text)
    CAN_ITConfig                             0x08003d91   Thumb Code    16  stm32f10x_can.o(.text)
    CAN_GetFlagStatus                        0x08003da1   Thumb Code    52  stm32f10x_can.o(.text)
    CAN_ClearFlag                            0x08003dd5   Thumb Code    44  stm32f10x_can.o(.text)
    CAN_GetITStatus                          0x08003e01   Thumb Code   162  stm32f10x_can.o(.text)
    CAN_ClearITPendingBit                    0x08003ea3   Thumb Code   116  stm32f10x_can.o(.text)
    vListInitialise                          0x08003f2d   Thumb Code    22  list.o(.text)
    vListInitialiseItem                      0x08003f43   Thumb Code     6  list.o(.text)
    vListInsertEnd                           0x08003f49   Thumb Code    24  list.o(.text)
    vListInsert                              0x08003f61   Thumb Code    48  list.o(.text)
    uxListRemove                             0x08003f91   Thumb Code    38  list.o(.text)
    xQueueGenericReset                       0x08003fb9   Thumb Code   132  queue.o(.text)
    xQueueGenericCreate                      0x0800403d   Thumb Code   130  queue.o(.text)
    xQueueGenericSend                        0x0800421f   Thumb Code   370  queue.o(.text)
    xQueueCreateMutex                        0x08004391   Thumb Code    36  queue.o(.text)
    xQueueGiveMutexRecursive                 0x080043b5   Thumb Code    62  queue.o(.text)
    xQueueSemaphoreTake                      0x080043f3   Thumb Code   378  queue.o(.text)
    xQueueTakeMutexRecursive                 0x0800456d   Thumb Code    64  queue.o(.text)
    xQueueCreateCountingSemaphore            0x080045ad   Thumb Code    58  queue.o(.text)
    xQueueGenericSendFromISR                 0x080045e7   Thumb Code   232  queue.o(.text)
    xQueueGiveFromISR                        0x080046cf   Thumb Code   190  queue.o(.text)
    xQueueReceive                            0x080047b3   Thumb Code   306  queue.o(.text)
    xQueuePeek                               0x080048e5   Thumb Code   304  queue.o(.text)
    xQueueReceiveFromISR                     0x08004a15   Thumb Code   172  queue.o(.text)
    xQueuePeekFromISR                        0x08004ac1   Thumb Code   114  queue.o(.text)
    uxQueueMessagesWaiting                   0x08004b33   Thumb Code    36  queue.o(.text)
    uxQueueSpacesAvailable                   0x08004b57   Thumb Code    40  queue.o(.text)
    uxQueueMessagesWaitingFromISR            0x08004b7f   Thumb Code    22  queue.o(.text)
    vQueueUnregisterQueue                    0x08004b95   Thumb Code    36  queue.o(.text)
    vQueueDelete                             0x08004bb9   Thumb Code    36  queue.o(.text)
    uxQueueGetQueueNumber                    0x08004bdd   Thumb Code     4  queue.o(.text)
    vQueueSetQueueNumber                     0x08004be1   Thumb Code     4  queue.o(.text)
    ucQueueGetQueueType                      0x08004be5   Thumb Code     6  queue.o(.text)
    xQueueIsQueueEmptyFromISR                0x08004beb   Thumb Code    30  queue.o(.text)
    xQueueIsQueueFullFromISR                 0x08004c09   Thumb Code    34  queue.o(.text)
    vQueueAddToRegistry                      0x08004c2b   Thumb Code    32  queue.o(.text)
    pcQueueGetName                           0x08004c4b   Thumb Code    34  queue.o(.text)
    vQueueWaitForMessageRestricted           0x08004c6d   Thumb Code    68  queue.o(.text)
    xQueueCreateSet                          0x08004cb1   Thumb Code     8  queue.o(.text)
    xQueueAddToSet                           0x08004cb9   Thumb Code    34  queue.o(.text)
    xQueueRemoveFromSet                      0x08004cdb   Thumb Code    34  queue.o(.text)
    xQueueSelectFromSet                      0x08004cfd   Thumb Code    18  queue.o(.text)
    xQueueSelectFromSetFromISR               0x08004d0f   Thumb Code    18  queue.o(.text)
    xTaskCreate                              0x08004e05   Thumb Code    86  tasks.o(.text)
    vTaskDelete                              0x08004e5b   Thumb Code   158  tasks.o(.text)
    xTaskIncrementTick                       0x08004ef9   Thumb Code   192  tasks.o(.text)
    xTaskResumeAll                           0x08004fb9   Thumb Code   184  tasks.o(.text)
    vTaskSuspendAll                          0x080050d7   Thumb Code    10  tasks.o(.text)
    xTaskDelayUntil                          0x080050e1   Thumb Code   152  tasks.o(.text)
    vTaskDelay                               0x08005179   Thumb Code    66  tasks.o(.text)
    eTaskGetState                            0x080051bb   Thumb Code   114  tasks.o(.text)
    uxTaskPriorityGet                        0x0800522d   Thumb Code    24  tasks.o(.text)
    uxTaskPriorityGetFromISR                 0x08005245   Thumb Code    40  tasks.o(.text)
    vTaskPrioritySet                         0x0800526d   Thumb Code   182  tasks.o(.text)
    vTaskSwitchContext                       0x08005323   Thumb Code    82  tasks.o(.text)
    vTaskSuspend                             0x08005375   Thumb Code   178  tasks.o(.text)
    vTaskResume                              0x08005457   Thumb Code   112  tasks.o(.text)
    xTaskResumeFromISR                       0x080054c7   Thumb Code   150  tasks.o(.text)
    vTaskStartScheduler                      0x080055ad   Thumb Code    94  tasks.o(.text)
    vTaskEndScheduler                        0x0800560b   Thumb Code    24  tasks.o(.text)
    xTaskGetTickCount                        0x08005623   Thumb Code     6  tasks.o(.text)
    xTaskGetTickCountFromISR                 0x08005629   Thumb Code    12  tasks.o(.text)
    uxTaskGetNumberOfTasks                   0x08005635   Thumb Code     6  tasks.o(.text)
    pcTaskGetName                            0x0800563b   Thumb Code    28  tasks.o(.text)
    vTaskGetInfo                             0x08005657   Thumb Code   120  tasks.o(.text)
    uxTaskGetSystemState                     0x08005723   Thumb Code   156  tasks.o(.text)
    xTaskCatchUpTicks                        0x080057bf   Thumb Code    44  tasks.o(.text)
    vTaskPlaceOnEventList                    0x080057eb   Thumb Code    42  tasks.o(.text)
    vTaskPlaceOnUnorderedEventList           0x08005815   Thumb Code    70  tasks.o(.text)
    vTaskPlaceOnEventListRestricted          0x0800585b   Thumb Code    52  tasks.o(.text)
    xTaskRemoveFromEventList                 0x0800588f   Thumb Code   106  tasks.o(.text)
    vTaskRemoveFromUnorderedEventList        0x080058f9   Thumb Code   136  tasks.o(.text)
    vTaskSetTimeOutState                     0x08005981   Thumb Code    44  tasks.o(.text)
    vTaskInternalSetTimeOutState             0x080059ad   Thumb Code    12  tasks.o(.text)
    xTaskCheckForTimeOut                     0x080059b9   Thumb Code   116  tasks.o(.text)
    vTaskMissedYield                         0x08005a2d   Thumb Code     8  tasks.o(.text)
    uxTaskGetTaskNumber                      0x08005a35   Thumb Code     8  tasks.o(.text)
    vTaskSetTaskNumber                       0x08005a3d   Thumb Code     8  tasks.o(.text)
    xTaskGetCurrentTaskHandle                0x08005a45   Thumb Code     6  tasks.o(.text)
    xTaskGetSchedulerState                   0x08005a4b   Thumb Code    22  tasks.o(.text)
    xTaskPriorityInherit                     0x08005a61   Thumb Code   132  tasks.o(.text)
    xTaskPriorityDisinherit                  0x08005ae5   Thumb Code   136  tasks.o(.text)
    vTaskPriorityDisinheritAfterTimeout      0x08005b6d   Thumb Code   154  tasks.o(.text)
    vTaskList                                0x08005c07   Thumb Code   176  tasks.o(.text)
    uxTaskResetEventItemValue                0x08005cb7   Thumb Code    20  tasks.o(.text)
    pvTaskIncrementMutexHeldCount            0x08005ccb   Thumb Code    18  tasks.o(.text)
    ulTaskGenericNotifyTake                  0x08005cdd   Thumb Code   112  tasks.o(.text)
    xTaskGenericNotifyWait                   0x08005d4d   Thumb Code   174  tasks.o(.text)
    xTaskGenericNotify                       0x08005dfb   Thumb Code   226  tasks.o(.text)
    xTaskGenericNotifyFromISR                0x08005edd   Thumb Code   262  tasks.o(.text)
    vTaskGenericNotifyGiveFromISR            0x08005fe3   Thumb Code   184  tasks.o(.text)
    xTaskGenericNotifyStateClear             0x0800609b   Thumb Code    62  tasks.o(.text)
    ulTaskGenericNotifyValueClear            0x080060d9   Thumb Code    40  tasks.o(.text)
    xTimerGenericCommand                     0x08006221   Thumb Code    94  timers.o(.text)
    xTimerCreateTimerTask                    0x080063d7   Thumb Code    58  timers.o(.text)
    xTimerCreate                             0x08006411   Thumb Code    98  timers.o(.text)
    xTimerGetTimerDaemonTaskHandle           0x08006473   Thumb Code    26  timers.o(.text)
    xTimerGetPeriod                          0x0800648d   Thumb Code    22  timers.o(.text)
    vTimerSetReloadMode                      0x080064a3   Thumb Code    54  timers.o(.text)
    uxTimerGetReloadMode                     0x080064d9   Thumb Code    48  timers.o(.text)
    xTimerGetExpiryTime                      0x08006509   Thumb Code    22  timers.o(.text)
    pcTimerGetName                           0x0800651f   Thumb Code    22  timers.o(.text)
    xTimerIsTimerActive                      0x08006535   Thumb Code    48  timers.o(.text)
    pvTimerGetTimerID                        0x08006565   Thumb Code    36  timers.o(.text)
    vTimerSetTimerID                         0x08006589   Thumb Code    38  timers.o(.text)
    xTimerPendFunctionCallFromISR            0x080065af   Thumb Code    62  timers.o(.text)
    xTimerPendFunctionCall                   0x080065ed   Thumb Code    52  timers.o(.text)
    uxTimerGetTimerNumber                    0x08006621   Thumb Code     4  timers.o(.text)
    vTimerSetTimerNumber                     0x08006625   Thumb Code     4  timers.o(.text)
    pvPortMalloc                             0x080067bd   Thumb Code   228  heap_4.o(.text)
    vPortFree                                0x080068a1   Thumb Code    96  heap_4.o(.text)
    xPortGetFreeHeapSize                     0x08006901   Thumb Code     8  heap_4.o(.text)
    xPortGetMinimumEverFreeHeapSize          0x08006909   Thumb Code     8  heap_4.o(.text)
    vPortInitialiseBlocks                    0x08006911   Thumb Code     2  heap_4.o(.text)
    vPortGetHeapStats                        0x08006913   Thumb Code   102  heap_4.o(.text)
    pxPortInitialiseStack                    0x080069e9   Thumb Code    32  port.o(.text)
    vPortSetupTimerInterrupt                 0x08006a09   Thumb Code    32  port.o(.text)
    xPortStartScheduler                      0x08006a29   Thumb Code   156  port.o(.text)
    vPortEndScheduler                        0x08006ac5   Thumb Code    28  port.o(.text)
    vPortEnterCritical                       0x08006ae1   Thumb Code    56  port.o(.text)
    vPortExitCritical                        0x08006b19   Thumb Code    34  port.o(.text)
    xPortSysTickHandler                      0x08006b3b   Thumb Code    40  port.o(.text)
    vPortValidateInterruptPriority           0x08006b63   Thumb Code    76  port.o(.text)
    __use_no_semihosting                     0x08006bc5   Thumb Code     2  use_no_semi_2.o(.text)
    __2printf                                0x08006bc9   Thumb Code    20  noretval__2printf.o(.text)
    __2sprintf                               0x08006be1   Thumb Code    34  noretval__2sprintf.o(.text)
    _printf_str                              0x08006c09   Thumb Code    82  _printf_str.o(.text)
    _printf_int_dec                          0x08006c5d   Thumb Code   104  _printf_dec.o(.text)
    __printf                                 0x08006cd5   Thumb Code   270  __printf_wp.o(.text)
    __0sscanf                                0x08006de5   Thumb Code    52  __0sscanf.o(.text)
    strpbrk                                  0x08006e21   Thumb Code    30  strpbrk.o(.text)
    strcpy                                   0x08006e3f   Thumb Code    72  strcpy.o(.text)
    strlen                                   0x08006e87   Thumb Code    62  strlen.o(.text)
    __aeabi_memcpy                           0x08006ec5   Thumb Code     0  rt_memcpy_v6.o(.text)
    __rt_memcpy                              0x08006ec5   Thumb Code   138  rt_memcpy_v6.o(.text)
    _memcpy_lastbytes                        0x08006f2b   Thumb Code     0  rt_memcpy_v6.o(.text)
    __aeabi_memset                           0x08006f4f   Thumb Code    16  aeabi_memset.o(.text)
    __aeabi_memclr4                          0x08006f5f   Thumb Code     0  rt_memclr_w.o(.text)
    __aeabi_memclr8                          0x08006f5f   Thumb Code     0  rt_memclr_w.o(.text)
    __rt_memclr_w                            0x08006f5f   Thumb Code    78  rt_memclr_w.o(.text)
    _memset_w                                0x08006f63   Thumb Code     0  rt_memclr_w.o(.text)
    strncpy                                  0x08006fad   Thumb Code    86  strncpy.o(.text)
    __use_two_region_memory                  0x08007003   Thumb Code     2  heapauxi.o(.text)
    __rt_heap_escrow$2region                 0x08007005   Thumb Code     2  heapauxi.o(.text)
    __rt_heap_expand$2region                 0x08007007   Thumb Code     2  heapauxi.o(.text)
    __I$use$semihosting                      0x08007009   Thumb Code     0  use_no_semi.o(.text)
    __use_no_semihosting_swi                 0x08007009   Thumb Code     2  use_no_semi.o(.text)
    _printf_int_common                       0x0800700b   Thumb Code   178  _printf_intcommon.o(.text)
    __lib_sel_fp_printf                      0x080070bd   Thumb Code     2  _printf_fp_dec.o(.text)
    _printf_fp_dec_real                      0x0800726f   Thumb Code   620  _printf_fp_dec.o(.text)
    _printf_char_common                      0x080074e7   Thumb Code    32  _printf_char_common.o(.text)
    _sputc                                   0x0800750d   Thumb Code    10  _sputc.o(.text)
    _printf_cs_common                        0x08007517   Thumb Code    20  _printf_char.o(.text)
    _printf_char                             0x0800752b   Thumb Code    16  _printf_char.o(.text)
    _printf_string                           0x0800753b   Thumb Code     8  _printf_char.o(.text)
    _printf_char_file                        0x08007545   Thumb Code    32  _printf_char_file.o(.text)
    _scanf_really_real                       0x080077b5   Thumb Code   684  scanf_fp.o(.text)
    __vfscanf_char                           0x08007a6d   Thumb Code    24  scanf_char.o(.text)
    _sgetc                                   0x08007a8d   Thumb Code    30  _sgetc.o(.text)
    _sbackspace                              0x08007aab   Thumb Code    34  _sgetc.o(.text)
    __aeabi_memcpy4                          0x08007acd   Thumb Code     0  rt_memcpy_w.o(.text)
    __aeabi_memcpy8                          0x08007acd   Thumb Code     0  rt_memcpy_w.o(.text)
    __rt_memcpy_w                            0x08007acd   Thumb Code   100  rt_memcpy_w.o(.text)
    _memcpy_lastbytes_aligned                0x08007b15   Thumb Code     0  rt_memcpy_w.o(.text)
    __aeabi_memclr                           0x08007b31   Thumb Code     0  rt_memclr.o(.text)
    __rt_memclr                              0x08007b31   Thumb Code    68  rt_memclr.o(.text)
    _memset                                  0x08007b35   Thumb Code     0  rt_memclr.o(.text)
    __rt_locale                              0x08007b75   Thumb Code     8  rt_locale_intlibspace.o(.text)
    __aeabi_errno_addr                       0x08007b7d   Thumb Code     8  rt_errno_addr_intlibspace.o(.text)
    __errno$intlibspace                      0x08007b7d   Thumb Code     0  rt_errno_addr_intlibspace.o(.text)
    __rt_errno_addr$intlibspace              0x08007b7d   Thumb Code     0  rt_errno_addr_intlibspace.o(.text)
    _ll_udiv10                               0x08007b85   Thumb Code   138  lludiv10.o(.text)
    isspace                                  0x08007c0f   Thumb Code    18  isspace.o(.text)
    _printf_fp_infnan                        0x08007c21   Thumb Code   112  _printf_fp_infnan.o(.text)
    __vfscanf                                0x08007ca1   Thumb Code   880  _scanf.o(.text)
    _btod_etento                             0x08008015   Thumb Code   224  bigflt0.o(.text)
    ferror                                   0x080080f9   Thumb Code     8  ferror.o(.text)
    __user_libspace                          0x08008101   Thumb Code     8  libspace.o(.text)
    __user_perproc_libspace                  0x08008101   Thumb Code     0  libspace.o(.text)
    __user_perthread_libspace                0x08008101   Thumb Code     0  libspace.o(.text)
    __user_setup_stackheap                   0x08008109   Thumb Code    74  sys_stackheap_outer.o(.text)
    __rt_ctype_table                         0x08008155   Thumb Code    16  rt_ctype_table.o(.text)
    __read_errno                             0x08008165   Thumb Code    10  _rserrno.o(.text)
    __set_errno                              0x0800816f   Thumb Code    12  _rserrno.o(.text)
    _scanf_really_hex_real                   0x0800817d   Thumb Code   786  scanf_hexfp.o(.text)
    _scanf_really_infnan                     0x0800849d   Thumb Code   292  scanf_infnan.o(.text)
    exit                                     0x080085d1   Thumb Code    18  exit.o(.text)
    strcmp                                   0x080085e5   Thumb Code   128  strcmpv7m.o(.text)
    __aeabi_llsl                             0x08008665   Thumb Code     0  llshl.o(.text)
    _ll_shift_l                              0x08008665   Thumb Code    38  llshl.o(.text)
    _chval                                   0x0800868b   Thumb Code    28  _chval.o(.text)
    _btod_d2e                                0x080086a7   Thumb Code    62  btod.o(CL$$btod_d2e)
    _d2e_denorm_low                          0x080086e5   Thumb Code    70  btod.o(CL$$btod_d2e_denorm_low)
    _d2e_norm_op1                            0x0800872b   Thumb Code    96  btod.o(CL$$btod_d2e_norm_op1)
    __btod_div_common                        0x0800878b   Thumb Code   696  btod.o(CL$$btod_div_common)
    _e2d                                     0x08008ac5   Thumb Code   122  btod.o(CL$$btod_e2d)
    _e2e                                     0x08008b49   Thumb Code   220  btod.o(CL$$btod_e2e)
    _btod_ediv                               0x08008c25   Thumb Code    42  btod.o(CL$$btod_ediv)
    _btod_edivd                              0x08008c4f   Thumb Code    42  btod.o(CL$$btod_edivd)
    _btod_emul                               0x08008c79   Thumb Code    42  btod.o(CL$$btod_emul)
    _btod_emuld                              0x08008ca3   Thumb Code    42  btod.o(CL$$btod_emuld)
    __btod_mult_common                       0x08008ccd   Thumb Code   580  btod.o(CL$$btod_mult_common)
    __ARM_fpclassify                         0x08008f11   Thumb Code    40  fpclassify.o(i.__ARM_fpclassify)
    __mathlib_dbl_overflow                   0x08008f39   Thumb Code    14  dunder.o(i.__mathlib_dbl_overflow)
    __mathlib_dbl_underflow                  0x08008f49   Thumb Code    10  dunder.o(i.__mathlib_dbl_underflow)
    __mathlib_narrow                         0x08008f59   Thumb Code    16  narrow.o(i.__mathlib_narrow)
    __mathlib_tofloat                        0x08008f69   Thumb Code   184  narrow.o(i.__mathlib_tofloat)
    __support_ldexp                          0x08009025   Thumb Code    22  ldexp.o(i.__support_ldexp)
    _is_digit                                0x0800903b   Thumb Code    14  __printf_wp.o(i._is_digit)
    frexp                                    0x08009049   Thumb Code    80  frexp.o(i.frexp)
    ldexp                                    0x080090a1   Thumb Code   116  ldexp.o(i.ldexp)
    _get_lc_numeric                          0x08009115   Thumb Code    44  lc_numeric_c.o(locale$$code)
    _get_lc_ctype                            0x08009141   Thumb Code    44  lc_ctype_c.o(locale$$code)
    __aeabi_d2f                              0x0800916d   Thumb Code     0  d2f.o(x$fpl$d2f)
    _d2f                                     0x0800916d   Thumb Code    98  d2f.o(x$fpl$d2f)
    __fpl_dcheck_NaN1                        0x080091d1   Thumb Code    10  dcheck1.o(x$fpl$dcheck1)
    __fpl_dcmp_Inf                           0x080091e1   Thumb Code    24  dcmpi.o(x$fpl$dcmpinf)
    __aeabi_cdcmpeq                          0x080091f9   Thumb Code     0  deqf.o(x$fpl$deqf)
    _dcmpeq                                  0x080091f9   Thumb Code   120  deqf.o(x$fpl$deqf)
    __aeabi_cdcmple                          0x08009271   Thumb Code     0  dleqf.o(x$fpl$dleqf)
    _dcmple                                  0x08009271   Thumb Code   120  dleqf.o(x$fpl$dleqf)
    __fpl_dcmple_InfNaN                      0x080092d3   Thumb Code     0  dleqf.o(x$fpl$dleqf)
    __fpl_dnaninf                            0x080092e9   Thumb Code   156  dnaninf.o(x$fpl$dnaninf)
    __fpl_dretinf                            0x08009385   Thumb Code    12  dretinf.o(x$fpl$dretinf)
    __aeabi_cdrcmple                         0x08009391   Thumb Code     0  drleqf.o(x$fpl$drleqf)
    _drcmple                                 0x08009391   Thumb Code   108  drleqf.o(x$fpl$drleqf)
    __aeabi_f2d                              0x080093fd   Thumb Code     0  f2d.o(x$fpl$f2d)
    _f2d                                     0x080093fd   Thumb Code    86  f2d.o(x$fpl$f2d)
    __fpl_fnaninf                            0x08009453   Thumb Code   140  fnaninf.o(x$fpl$fnaninf)
    __fpl_fretinf                            0x080094df   Thumb Code    10  fretinf.o(x$fpl$fretinf)
    __ieee_status                            0x080094e9   Thumb Code     6  istatus.o(x$fpl$ieeestatus)
    _printf_fp_dec                           0x080094ef   Thumb Code     4  printf1.o(x$fpl$printf1)
    __fpl_return_NaN                         0x080094f3   Thumb Code   100  retnan.o(x$fpl$retnan)
    __ARM_scalbn                             0x08009557   Thumb Code    92  scalbn.o(x$fpl$scalbn)
    _scanf_real                              0x080095b3   Thumb Code     4  scanf1.o(x$fpl$scanf1)
    _scanf_hex_real                          0x080095b7   Thumb Code     4  scanf2.o(x$fpl$scanf2)
    _scanf_infnan                            0x080095bb   Thumb Code     4  scanf2.o(x$fpl$scanf2)
    __fpl_cmpreturn                          0x080095bf   Thumb Code    48  trapv.o(x$fpl$trapveneer)
    TX_ADDRESS                               0x080095ee   Data           5  bsp_nrf.o(.constdata)
    __I$use$fp                               0x080095ee   Number         0  usenofp.o(x$fpl$usenofp)
    RX_ADDRESS                               0x080095f3   Data           5  bsp_nrf.o(.constdata)
    Region$$Table$$Base                      0x0800968c   Number         0  anon$$obj.o(Region$$Table)
    Region$$Table$$Limit                     0x080096ac   Number         0  anon$$obj.o(Region$$Table)
    __aeabi_HUGE_VAL                         0x080096ac   Data           0  fpconst.o(c$$dinf)
    __aeabi_HUGE_VALL                        0x080096ac   Data           0  fpconst.o(c$$dinf)
    __aeabi_INFINITY                         0x080096ac   Data           0  fpconst.o(c$$dinf)
    __dInf                                   0x080096ac   Data           0  fpconst.o(c$$dinf)
    __huge_val                               0x080096ac   Data           0  fpconst.o(c$$dinf)
    __dbl_max                                0x080096b4   Data           0  fpconst.o(c$$dmax)
    __ctype                                  0x080096e5   Data           0  lc_ctype_c.o(locale$$data)
    SystemCoreClock                          0x20000000   Data           4  system_stm32f10x.o(.data)
    AHBPrescTable                            0x20000004   Data          16  system_stm32f10x.o(.data)
    g_ch1                                    0x20000018   Data           2  remoter_task.o(.data)
    g_ch3                                    0x2000001a   Data           2  remoter_task.o(.data)
    g_steering                               0x2000001c   Data           2  remoter_task.o(.data)
    g_throttle                               0x2000001e   Data           2  remoter_task.o(.data)
    g_left_wheel_speed                       0x20000020   Data           2  remoter_task.o(.data)
    g_right_wheel_speed                      0x20000022   Data           2  remoter_task.o(.data)
    uart2_rx_flag                            0x20000028   Data           1  bsp_usart.o(.data)
    uart1_rx_data                            0x20000029   Data           1  bsp_usart.o(.data)
    uart2_rx_data                            0x2000002a   Data           1  bsp_usart.o(.data)
    uart2_rx_index                           0x2000002c   Data           2  bsp_usart.o(.data)
    __stdout                                 0x20000030   Data           4  bsp_usart.o(.data)
    motor_left_vel                           0x20000034   Data           4  bsp_can.o(.data)
    motor_right_vel                          0x20000038   Data           4  bsp_can.o(.data)
    pxCurrentTCB                             0x20000050   Data           4  tasks.o(.data)
    uxTopUsedPriority                        0x20000080   Data           4  tasks.o(.data)
    sbus_data                                0x200000d0   Data          34  remoter_task.o(.bss)
    position                                 0x2000010c   Data          16  tx2_task.o(.bss)
    uart2_rx_buf                             0x2000011c   Data         128  bsp_usart.o(.bss)
    SPI_InitStructure                        0x2000019c   Data          18  bsp_spi.o(.bss)
    xQueueRegistry                           0x200001b0   Data          64  queue.o(.bss)
    __libspace_start                         0x20002cfc   Data          96  libspace.o(.bss)
    __temporary_stack_top$libspace           0x20002d5c   Data           0  libspace.o(.bss)



==============================================================================

Memory Map of the image

  Image Entry point : 0x08000131

  Load Region LR_IROM1 (Base: 0x08000000, Size: 0x000098b8, Max: 0x00080000, ABSOLUTE)

    Execution Region ER_IROM1 (Exec base: 0x08000000, Load base: 0x08000000, Size: 0x000097e8, Max: 0x00080000, ABSOLUTE)

    Exec Addr    Load Addr    Size         Type   Attr      Idx    E Section Name        Object

    0x08000000   0x08000000   0x00000130   Data   RO          513    RESET               startup_stm32f10x_hd.o
    0x08000130   0x08000130   0x00000008   Code   RO          898  * !!!main             c_w.l(__main.o)
    0x08000138   0x08000138   0x00000034   Code   RO         1243    !!!scatter          c_w.l(__scatter.o)
    0x0800016c   0x0800016c   0x0000001a   Code   RO         1245    !!handler_copy      c_w.l(__scatter_copy.o)
    0x08000186   0x08000186   0x00000002   PAD
    0x08000188   0x08000188   0x0000001c   Code   RO         1247    !!handler_zi        c_w.l(__scatter_zi.o)
    0x080001a4   0x080001a4   0x00000000   Code   RO          877    .ARM.Collect$$_printf_percent$$00000000  c_w.l(_printf_percent.o)
    0x080001a4   0x080001a4   0x00000006   Code   RO          876    .ARM.Collect$$_printf_percent$$00000003  c_w.l(_printf_f.o)
    0x080001aa   0x080001aa   0x00000006   Code   RO          875    .ARM.Collect$$_printf_percent$$0000000A  c_w.l(_printf_u.o)
    0x080001b0   0x080001b0   0x00000006   Code   RO          873    .ARM.Collect$$_printf_percent$$00000013  c_w.l(_printf_c.o)
    0x080001b6   0x080001b6   0x00000006   Code   RO          874    .ARM.Collect$$_printf_percent$$00000014  c_w.l(_printf_s.o)
    0x080001bc   0x080001bc   0x00000004   Code   RO          921    .ARM.Collect$$_printf_percent$$00000017  c_w.l(_printf_percent_end.o)
    0x080001c0   0x080001c0   0x00000002   Code   RO         1046    .ARM.Collect$$libinit$$00000000  c_w.l(libinit.o)
    0x080001c2   0x080001c2   0x00000000   Code   RO         1048    .ARM.Collect$$libinit$$00000002  c_w.l(libinit2.o)
    0x080001c2   0x080001c2   0x00000000   Code   RO         1050    .ARM.Collect$$libinit$$00000004  c_w.l(libinit2.o)
    0x080001c2   0x080001c2   0x00000000   Code   RO         1053    .ARM.Collect$$libinit$$0000000A  c_w.l(libinit2.o)
    0x080001c2   0x080001c2   0x00000000   Code   RO         1055    .ARM.Collect$$libinit$$0000000C  c_w.l(libinit2.o)
    0x080001c2   0x080001c2   0x00000000   Code   RO         1057    .ARM.Collect$$libinit$$0000000E  c_w.l(libinit2.o)
    0x080001c2   0x080001c2   0x00000006   Code   RO         1058    .ARM.Collect$$libinit$$0000000F  c_w.l(libinit2.o)
    0x080001c8   0x080001c8   0x00000000   Code   RO         1060    .ARM.Collect$$libinit$$00000011  c_w.l(libinit2.o)
    0x080001c8   0x080001c8   0x0000000c   Code   RO         1061    .ARM.Collect$$libinit$$00000012  c_w.l(libinit2.o)
    0x080001d4   0x080001d4   0x00000000   Code   RO         1062    .ARM.Collect$$libinit$$00000013  c_w.l(libinit2.o)
    0x080001d4   0x080001d4   0x00000000   Code   RO         1064    .ARM.Collect$$libinit$$00000015  c_w.l(libinit2.o)
    0x080001d4   0x080001d4   0x0000000a   Code   RO         1065    .ARM.Collect$$libinit$$00000016  c_w.l(libinit2.o)
    0x080001de   0x080001de   0x00000000   Code   RO         1066    .ARM.Collect$$libinit$$00000017  c_w.l(libinit2.o)
    0x080001de   0x080001de   0x00000000   Code   RO         1068    .ARM.Collect$$libinit$$00000019  c_w.l(libinit2.o)
    0x080001de   0x080001de   0x00000000   Code   RO         1070    .ARM.Collect$$libinit$$0000001B  c_w.l(libinit2.o)
    0x080001de   0x080001de   0x00000000   Code   RO         1072    .ARM.Collect$$libinit$$0000001D  c_w.l(libinit2.o)
    0x080001de   0x080001de   0x00000000   Code   RO         1074    .ARM.Collect$$libinit$$0000001F  c_w.l(libinit2.o)
    0x080001de   0x080001de   0x00000000   Code   RO         1076    .ARM.Collect$$libinit$$00000021  c_w.l(libinit2.o)
    0x080001de   0x080001de   0x00000000   Code   RO         1078    .ARM.Collect$$libinit$$00000023  c_w.l(libinit2.o)
    0x080001de   0x080001de   0x00000000   Code   RO         1080    .ARM.Collect$$libinit$$00000025  c_w.l(libinit2.o)
    0x080001de   0x080001de   0x00000000   Code   RO         1084    .ARM.Collect$$libinit$$0000002C  c_w.l(libinit2.o)
    0x080001de   0x080001de   0x00000000   Code   RO         1086    .ARM.Collect$$libinit$$0000002E  c_w.l(libinit2.o)
    0x080001de   0x080001de   0x00000000   Code   RO         1088    .ARM.Collect$$libinit$$00000030  c_w.l(libinit2.o)
    0x080001de   0x080001de   0x00000000   Code   RO         1090    .ARM.Collect$$libinit$$00000032  c_w.l(libinit2.o)
    0x080001de   0x080001de   0x00000002   Code   RO         1091    .ARM.Collect$$libinit$$00000033  c_w.l(libinit2.o)
    0x080001e0   0x080001e0   0x00000002   Code   RO         1175    .ARM.Collect$$libshutdown$$00000000  c_w.l(libshutdown.o)
    0x080001e2   0x080001e2   0x00000000   Code   RO         1198    .ARM.Collect$$libshutdown$$00000002  c_w.l(libshutdown2.o)
    0x080001e2   0x080001e2   0x00000000   Code   RO         1200    .ARM.Collect$$libshutdown$$00000004  c_w.l(libshutdown2.o)
    0x080001e2   0x080001e2   0x00000000   Code   RO         1202    .ARM.Collect$$libshutdown$$00000006  c_w.l(libshutdown2.o)
    0x080001e2   0x080001e2   0x00000000   Code   RO         1205    .ARM.Collect$$libshutdown$$00000009  c_w.l(libshutdown2.o)
    0x080001e2   0x080001e2   0x00000000   Code   RO         1208    .ARM.Collect$$libshutdown$$0000000C  c_w.l(libshutdown2.o)
    0x080001e2   0x080001e2   0x00000000   Code   RO         1210    .ARM.Collect$$libshutdown$$0000000E  c_w.l(libshutdown2.o)
    0x080001e2   0x080001e2   0x00000000   Code   RO         1213    .ARM.Collect$$libshutdown$$00000011  c_w.l(libshutdown2.o)
    0x080001e2   0x080001e2   0x00000002   Code   RO         1214    .ARM.Collect$$libshutdown$$00000012  c_w.l(libshutdown2.o)
    0x080001e4   0x080001e4   0x00000000   Code   RO          908    .ARM.Collect$$rtentry$$00000000  c_w.l(__rtentry.o)
    0x080001e4   0x080001e4   0x00000000   Code   RO          938    .ARM.Collect$$rtentry$$00000002  c_w.l(__rtentry2.o)
    0x080001e4   0x080001e4   0x00000006   Code   RO          950    .ARM.Collect$$rtentry$$00000004  c_w.l(__rtentry4.o)
    0x080001ea   0x080001ea   0x00000000   Code   RO          940    .ARM.Collect$$rtentry$$00000009  c_w.l(__rtentry2.o)
    0x080001ea   0x080001ea   0x00000004   Code   RO          941    .ARM.Collect$$rtentry$$0000000A  c_w.l(__rtentry2.o)
    0x080001ee   0x080001ee   0x00000000   Code   RO          943    .ARM.Collect$$rtentry$$0000000C  c_w.l(__rtentry2.o)
    0x080001ee   0x080001ee   0x00000008   Code   RO          944    .ARM.Collect$$rtentry$$0000000D  c_w.l(__rtentry2.o)
    0x080001f6   0x080001f6   0x00000002   Code   RO         1102    .ARM.Collect$$rtexit$$00000000  c_w.l(rtexit.o)
    0x080001f8   0x080001f8   0x00000000   Code   RO         1138    .ARM.Collect$$rtexit$$00000002  c_w.l(rtexit2.o)
    0x080001f8   0x080001f8   0x00000004   Code   RO         1139    .ARM.Collect$$rtexit$$00000003  c_w.l(rtexit2.o)
    0x080001fc   0x080001fc   0x00000006   Code   RO         1140    .ARM.Collect$$rtexit$$00000004  c_w.l(rtexit2.o)
    0x08000202   0x08000202   0x00000002   PAD
    0x08000204   0x08000204   0x00000096   Code   RO          805    .emb_text           port.o
    0x0800029a   0x0800029a   0x00000022   Code   RO            1    .text               main.o
    0x080002bc   0x080002bc   0x0000000c   Code   RO          182    .text               stm32f10x_it.o
    0x080002c8   0x080002c8   0x00000158   Code   RO          223    .text               system_stm32f10x.o
    0x08000420   0x08000420   0x00000034   Code   RO          241    .text               led_task.o
    0x08000454   0x08000454   0x00000fe0   Code   RO          288    .text               zlac8015d_motor_task.o
    0x08001434   0x08001434   0x00000288   Code   RO          307    .text               remoter_task.o
    0x080016bc   0x080016bc   0x00000170   Code   RO          326    .text               tx2_task.o
    0x0800182c   0x0800182c   0x00000028   Code   RO          344    .text               bsp.o
    0x08001854   0x08001854   0x000000d8   Code   RO          356    .text               bsp_delay.o
    0x0800192c   0x0800192c   0x0000002c   Code   RO          370    .text               bsp_led.o
    0x08001958   0x08001958   0x00000094   Code   RO          399    .text               bsp_timer.o
    0x080019ec   0x080019ec   0x000001ec   Code   RO          414    .text               bsp_usart.o
    0x08001bd8   0x08001bd8   0x00000304   Code   RO          452    .text               bsp_nrf.o
    0x08001edc   0x08001edc   0x000001b8   Code   RO          471    .text               bsp_can.o
    0x08002094   0x08002094   0x000000e0   Code   RO          486    .text               bsp_spi.o
    0x08002174   0x08002174   0x00000040   Code   RO          514    .text               startup_stm32f10x_hd.o
    0x080021b4   0x080021b4   0x000000b0   Code   RO          518    .text               misc.o
    0x08002264   0x08002264   0x00000264   Code   RO          530    .text               stm32f10x_gpio.o
    0x080024c8   0x080024c8   0x000002b8   Code   RO          542    .text               stm32f10x_rcc.o
    0x08002780   0x08002780   0x00000328   Code   RO          556    .text               stm32f10x_usart.o
    0x08002aa8   0x08002aa8   0x00000af0   Code   RO          568    .text               stm32f10x_tim.o
    0x08003598   0x08003598   0x00000274   Code   RO          593    .text               stm32f10x_spi.o
    0x0800380c   0x0800380c   0x00000720   Code   RO          605    .text               stm32f10x_can.o
    0x08003f2c   0x08003f2c   0x0000008a   Code   RO          665    .text               list.o
    0x08003fb6   0x08003fb6   0x00000002   PAD
    0x08003fb8   0x08003fb8   0x00000d8c   Code   RO          680    .text               queue.o
    0x08004d44   0x08004d44   0x000014a8   Code   RO          730    .text               tasks.o
    0x080061ec   0x080061ec   0x00000588   Code   RO          757    .text               timers.o
    0x08006774   0x08006774   0x00000250   Code   RO          790    .text               heap_4.o
    0x080069c4   0x080069c4   0x00000200   Code   RO          806    .text               port.o
    0x08006bc4   0x08006bc4   0x00000002   Code   RO          837    .text               c_w.l(use_no_semi_2.o)
    0x08006bc6   0x08006bc6   0x00000002   PAD
    0x08006bc8   0x08006bc8   0x00000018   Code   RO          843    .text               c_w.l(noretval__2printf.o)
    0x08006be0   0x08006be0   0x00000028   Code   RO          845    .text               c_w.l(noretval__2sprintf.o)
    0x08006c08   0x08006c08   0x00000052   Code   RO          849    .text               c_w.l(_printf_str.o)
    0x08006c5a   0x08006c5a   0x00000002   PAD
    0x08006c5c   0x08006c5c   0x00000078   Code   RO          851    .text               c_w.l(_printf_dec.o)
    0x08006cd4   0x08006cd4   0x0000010e   Code   RO          861    .text               c_w.l(__printf_wp.o)
    0x08006de2   0x08006de2   0x00000002   PAD
    0x08006de4   0x08006de4   0x0000003c   Code   RO          878    .text               c_w.l(__0sscanf.o)
    0x08006e20   0x08006e20   0x0000001e   Code   RO          880    .text               c_w.l(strpbrk.o)
    0x08006e3e   0x08006e3e   0x00000048   Code   RO          882    .text               c_w.l(strcpy.o)
    0x08006e86   0x08006e86   0x0000003e   Code   RO          884    .text               c_w.l(strlen.o)
    0x08006ec4   0x08006ec4   0x0000008a   Code   RO          886    .text               c_w.l(rt_memcpy_v6.o)
    0x08006f4e   0x08006f4e   0x00000010   Code   RO          890    .text               c_w.l(aeabi_memset.o)
    0x08006f5e   0x08006f5e   0x0000004e   Code   RO          892    .text               c_w.l(rt_memclr_w.o)
    0x08006fac   0x08006fac   0x00000056   Code   RO          894    .text               c_w.l(strncpy.o)
    0x08007002   0x08007002   0x00000006   Code   RO          896    .text               c_w.l(heapauxi.o)
    0x08007008   0x08007008   0x00000002   Code   RO          906    .text               c_w.l(use_no_semi.o)
    0x0800700a   0x0800700a   0x000000b2   Code   RO          909    .text               c_w.l(_printf_intcommon.o)
    0x080070bc   0x080070bc   0x0000041e   Code   RO          911    .text               c_w.l(_printf_fp_dec.o)
    0x080074da   0x080074da   0x00000002   PAD
    0x080074dc   0x080074dc   0x00000030   Code   RO          913    .text               c_w.l(_printf_char_common.o)
    0x0800750c   0x0800750c   0x0000000a   Code   RO          915    .text               c_w.l(_sputc.o)
    0x08007516   0x08007516   0x0000002c   Code   RO          917    .text               c_w.l(_printf_char.o)
    0x08007542   0x08007542   0x00000002   PAD
    0x08007544   0x08007544   0x00000024   Code   RO          919    .text               c_w.l(_printf_char_file.o)
    0x08007568   0x08007568   0x000004f8   Code   RO          922    .text               c_w.l(scanf_fp.o)
    0x08007a60   0x08007a60   0x0000002c   Code   RO          924    .text               c_w.l(scanf_char.o)
    0x08007a8c   0x08007a8c   0x00000040   Code   RO          926    .text               c_w.l(_sgetc.o)
    0x08007acc   0x08007acc   0x00000064   Code   RO          928    .text               c_w.l(rt_memcpy_w.o)
    0x08007b30   0x08007b30   0x00000044   Code   RO          930    .text               c_w.l(rt_memclr.o)
    0x08007b74   0x08007b74   0x00000008   Code   RO          955    .text               c_w.l(rt_locale_intlibspace.o)
    0x08007b7c   0x08007b7c   0x00000008   Code   RO          960    .text               c_w.l(rt_errno_addr_intlibspace.o)
    0x08007b84   0x08007b84   0x0000008a   Code   RO          962    .text               c_w.l(lludiv10.o)
    0x08007c0e   0x08007c0e   0x00000012   Code   RO          964    .text               c_w.l(isspace.o)
    0x08007c20   0x08007c20   0x00000080   Code   RO          966    .text               c_w.l(_printf_fp_infnan.o)
    0x08007ca0   0x08007ca0   0x00000374   Code   RO          970    .text               c_w.l(_scanf.o)
    0x08008014   0x08008014   0x000000e4   Code   RO          972    .text               c_w.l(bigflt0.o)
    0x080080f8   0x080080f8   0x00000008   Code   RO          997    .text               c_w.l(ferror.o)
    0x08008100   0x08008100   0x00000008   Code   RO         1024    .text               c_w.l(libspace.o)
    0x08008108   0x08008108   0x0000004a   Code   RO         1027    .text               c_w.l(sys_stackheap_outer.o)
    0x08008152   0x08008152   0x00000002   PAD
    0x08008154   0x08008154   0x00000010   Code   RO         1029    .text               c_w.l(rt_ctype_table.o)
    0x08008164   0x08008164   0x00000016   Code   RO         1031    .text               c_w.l(_rserrno.o)
    0x0800817a   0x0800817a   0x00000002   PAD
    0x0800817c   0x0800817c   0x00000320   Code   RO         1033    .text               c_w.l(scanf_hexfp.o)
    0x0800849c   0x0800849c   0x00000134   Code   RO         1035    .text               c_w.l(scanf_infnan.o)
    0x080085d0   0x080085d0   0x00000012   Code   RO         1037    .text               c_w.l(exit.o)
    0x080085e2   0x080085e2   0x00000002   PAD
    0x080085e4   0x080085e4   0x00000080   Code   RO         1039    .text               c_w.l(strcmpv7m.o)
    0x08008664   0x08008664   0x00000026   Code   RO         1104    .text               c_w.l(llshl.o)
    0x0800868a   0x0800868a   0x0000001c   Code   RO         1106    .text               c_w.l(_chval.o)
    0x080086a6   0x080086a6   0x0000003e   Code   RO          975    CL$$btod_d2e        c_w.l(btod.o)
    0x080086e4   0x080086e4   0x00000046   Code   RO          977    CL$$btod_d2e_denorm_low  c_w.l(btod.o)
    0x0800872a   0x0800872a   0x00000060   Code   RO          976    CL$$btod_d2e_norm_op1  c_w.l(btod.o)
    0x0800878a   0x0800878a   0x00000338   Code   RO          985    CL$$btod_div_common  c_w.l(btod.o)
    0x08008ac2   0x08008ac2   0x00000002   PAD
    0x08008ac4   0x08008ac4   0x00000084   Code   RO          983    CL$$btod_e2d        c_w.l(btod.o)
    0x08008b48   0x08008b48   0x000000dc   Code   RO          982    CL$$btod_e2e        c_w.l(btod.o)
    0x08008c24   0x08008c24   0x0000002a   Code   RO          979    CL$$btod_ediv       c_w.l(btod.o)
    0x08008c4e   0x08008c4e   0x0000002a   Code   RO          981    CL$$btod_edivd      c_w.l(btod.o)
    0x08008c78   0x08008c78   0x0000002a   Code   RO          978    CL$$btod_emul       c_w.l(btod.o)
    0x08008ca2   0x08008ca2   0x0000002a   Code   RO          980    CL$$btod_emuld      c_w.l(btod.o)
    0x08008ccc   0x08008ccc   0x00000244   Code   RO          984    CL$$btod_mult_common  c_w.l(btod.o)
    0x08008f10   0x08008f10   0x00000028   Code   RO         1016    i.__ARM_fpclassify  m_ws.l(fpclassify.o)
    0x08008f38   0x08008f38   0x0000000e   Code   RO         1154    i.__mathlib_dbl_overflow  m_ws.l(dunder.o)
    0x08008f46   0x08008f46   0x00000002   PAD
    0x08008f48   0x08008f48   0x00000010   Code   RO         1156    i.__mathlib_dbl_underflow  m_ws.l(dunder.o)
    0x08008f58   0x08008f58   0x00000010   Code   RO         1018    i.__mathlib_narrow  m_ws.l(narrow.o)
    0x08008f68   0x08008f68   0x000000bc   Code   RO         1019    i.__mathlib_tofloat  m_ws.l(narrow.o)
    0x08009024   0x08009024   0x00000016   Code   RO         1126    i.__support_ldexp   m_ws.l(ldexp.o)
    0x0800903a   0x0800903a   0x0000000e   Code   RO          863    i._is_digit         c_w.l(__printf_wp.o)
    0x08009048   0x08009048   0x00000058   Code   RO         1099    i.frexp             m_ws.l(frexp.o)
    0x080090a0   0x080090a0   0x00000074   Code   RO         1127    i.ldexp             m_ws.l(ldexp.o)
    0x08009114   0x08009114   0x0000002c   Code   RO         1002    locale$$code        c_w.l(lc_numeric_c.o)
    0x08009140   0x08009140   0x0000002c   Code   RO         1109    locale$$code        c_w.l(lc_ctype_c.o)
    0x0800916c   0x0800916c   0x00000062   Code   RO         1092    x$fpl$d2f           fz_ws.l(d2f.o)
    0x080091ce   0x080091ce   0x00000002   PAD
    0x080091d0   0x080091d0   0x00000010   Code   RO         1148    x$fpl$dcheck1       fz_ws.l(dcheck1.o)
    0x080091e0   0x080091e0   0x00000018   Code   RO         1113    x$fpl$dcmpinf       fz_ws.l(dcmpi.o)
    0x080091f8   0x080091f8   0x00000078   Code   RO         1094    x$fpl$deqf          fz_ws.l(deqf.o)
    0x08009270   0x08009270   0x00000078   Code   RO         1115    x$fpl$dleqf         fz_ws.l(dleqf.o)
    0x080092e8   0x080092e8   0x0000009c   Code   RO         1117    x$fpl$dnaninf       fz_ws.l(dnaninf.o)
    0x08009384   0x08009384   0x0000000c   Code   RO          932    x$fpl$dretinf       fz_ws.l(dretinf.o)
    0x08009390   0x08009390   0x0000006c   Code   RO         1096    x$fpl$drleqf        fz_ws.l(drleqf.o)
    0x080093fc   0x080093fc   0x00000056   Code   RO          900    x$fpl$f2d           fz_ws.l(f2d.o)
    0x08009452   0x08009452   0x0000008c   Code   RO          934    x$fpl$fnaninf       fz_ws.l(fnaninf.o)
    0x080094de   0x080094de   0x0000000a   Code   RO         1121    x$fpl$fretinf       fz_ws.l(fretinf.o)
    0x080094e8   0x080094e8   0x00000006   Code   RO         1008    x$fpl$ieeestatus    fz_ws.l(istatus.o)
    0x080094ee   0x080094ee   0x00000004   Code   RO          902    x$fpl$printf1       fz_ws.l(printf1.o)
    0x080094f2   0x080094f2   0x00000064   Code   RO         1188    x$fpl$retnan        fz_ws.l(retnan.o)
    0x08009556   0x08009556   0x0000005c   Code   RO         1123    x$fpl$scalbn        fz_ws.l(scalbn.o)
    0x080095b2   0x080095b2   0x00000004   Code   RO          904    x$fpl$scanf1        fz_ws.l(scanf1.o)
    0x080095b6   0x080095b6   0x00000008   Code   RO         1010    x$fpl$scanf2        fz_ws.l(scanf2.o)
    0x080095be   0x080095be   0x00000030   Code   RO         1215    x$fpl$trapveneer    fz_ws.l(trapv.o)
    0x080095ee   0x080095ee   0x00000000   Code   RO          936    x$fpl$usenofp       fz_ws.l(usenofp.o)
    0x080095ee   0x080095ee   0x0000000a   Data   RO          453    .constdata          bsp_nrf.o
    0x080095f8   0x080095f8   0x00000094   Data   RO          973    .constdata          c_w.l(bigflt0.o)
    0x0800968c   0x0800968c   0x00000020   Data   RO         1241    Region$$Table       anon$$obj.o
    0x080096ac   0x080096ac   0x00000008   Data   RO         1004    c$$dinf             fz_ws.l(fpconst.o)
    0x080096b4   0x080096b4   0x00000008   Data   RO         1007    c$$dmax             fz_ws.l(fpconst.o)
    0x080096bc   0x080096bc   0x0000001c   Data   RO         1001    locale$$data        c_w.l(lc_numeric_c.o)
    0x080096d8   0x080096d8   0x00000110   Data   RO         1108    locale$$data        c_w.l(lc_ctype_c.o)


    Execution Region RW_IRAM1 (Exec base: 0x20000000, Load base: 0x080097e8, Size: 0x00003360, Max: 0x00010000, ABSOLUTE)

    Exec Addr    Load Addr    Size         Type   Attr      Idx    E Section Name        Object

    0x20000000   0x080097e8   0x00000014   Data   RW          224    .data               system_stm32f10x.o
    0x20000014   0x080097fc   0x00000010   Data   RW          309    .data               remoter_task.o
    0x20000024   0x0800980c   0x00000004   Data   RW          357    .data               bsp_delay.o
    0x20000028   0x08009810   0x00000006   Data   RW          418    .data               bsp_usart.o
    0x2000002e   0x08009816   0x00000002   PAD
    0x20000030   0x08009818   0x00000004   Data   RW          419    .data               bsp_usart.o
    0x20000034   0x0800981c   0x00000008   Data   RW          472    .data               bsp_can.o
    0x2000003c   0x08009824   0x00000014   Data   RW          543    .data               stm32f10x_rcc.o
    0x20000050   0x08009838   0x00000040   Data   RW          732    .data               tasks.o
    0x20000090   0x08009878   0x00000014   Data   RW          759    .data               timers.o
    0x200000a4   0x0800988c   0x00000020   Data   RW          792    .data               heap_4.o
    0x200000c4   0x080098ac   0x0000000c   Data   RW          807    .data               port.o
    0x200000d0        -       0x0000003b   Zero   RW          308    .bss                remoter_task.o
    0x2000010b   0x080098b8   0x00000001   PAD
    0x2000010c        -       0x00000010   Zero   RW          327    .bss                tx2_task.o
    0x2000011c        -       0x00000080   Zero   RW          416    .bss                bsp_usart.o
    0x2000019c        -       0x00000012   Zero   RW          487    .bss                bsp_spi.o
    0x200001ae   0x080098b8   0x00000002   PAD
    0x200001b0        -       0x00000040   Zero   RW          681    .bss                queue.o
    0x200001f0        -       0x000002e4   Zero   RW          731    .bss                tasks.o
    0x200004d4        -       0x00000028   Zero   RW          758    .bss                timers.o
    0x200004fc        -       0x00002800   Zero   RW          791    .bss                heap_4.o
    0x20002cfc        -       0x00000060   Zero   RW         1025    .bss                c_w.l(libspace.o)
    0x20002d5c   0x080098b8   0x00000004   PAD
    0x20002d60        -       0x00000200   Zero   RW          512    HEAP                startup_stm32f10x_hd.o
    0x20002f60        -       0x00000400   Zero   RW          511    STACK               startup_stm32f10x_hd.o


==============================================================================

Image component sizes


      Code (inc. data)   RO Data    RW Data    ZI Data      Debug   Object Name

        40          4          0          0          0        447   bsp.o
       440         14          0          8          0       2810   bsp_can.o
       216         12          0          4          0       1609   bsp_delay.o
        44          4          0          0          0        478   bsp_led.o
       772         30         10          0          0       3809   bsp_nrf.o
       224         12          0          0         18       1301   bsp_spi.o
         0          0          0          0          0         32   bsp_sys.o
       148         24          0          0          0        792   bsp_timer.o
       492         22          0         10        128       3961   bsp_usart.o
         0          0          0          0          0      13548   event_groups.o
       592         10          0         32      10240       4302   heap_4.o
        52         14          0          0          0        570   led_task.o
       138          0          0          0          0       1882   list.o
        34          0          0          0          0     276088   main.o
       176         14          0          0          0       1897   misc.o
       662         34          0         12          0       8075   port.o
      3468         16          0          0         64      24388   queue.o
       648         36          0         16         59       3295   remoter_task.o
        64         26        304          0       1536        792   startup_stm32f10x_hd.o
      1824         42          0          0          0       8716   stm32f10x_can.o
       612         36          0          0          0       6029   stm32f10x_gpio.o
        12          0          0          0          0        887   stm32f10x_it.o
       696         32          0         20          0       9008   stm32f10x_rcc.o
       628         14          0          0          0       7046   stm32f10x_spi.o
      2800         84          0          0          0      23962   stm32f10x_tim.o
       808         22          0          0          0       8892   stm32f10x_usart.o
       344         34          0         20          0       1779   system_stm32f10x.o
      5288        128          0         64        740      36137   tasks.o
      1416         48          0         20         40      27416   timers.o
       368        150          0          0         16       1685   tx2_task.o
      4064        156          0          0          0       9900   zlac8015d_motor_task.o

    ----------------------------------------------------------------------
     27072       1018        346        208      12844     491533   Object Totals
         0          0         32          0          0          0   (incl. Generated)
         2          0          0          2          3          0   (incl. Padding)

    ----------------------------------------------------------------------

      Code (inc. data)   RO Data    RW Data    ZI Data      Debug   Library Member Name

        60          8          0          0          0         84   __0sscanf.o
         8          0          0          0          0         68   __main.o
       284          0          0          0          0        156   __printf_wp.o
         0          0          0          0          0          0   __rtentry.o
        12          0          0          0          0          0   __rtentry2.o
         6          0          0          0          0          0   __rtentry4.o
        52          8          0          0          0          0   __scatter.o
        26          0          0          0          0          0   __scatter_copy.o
        28          0          0          0          0          0   __scatter_zi.o
        28          0          0          0          0         68   _chval.o
         6          0          0          0          0          0   _printf_c.o
        44          0          0          0          0        108   _printf_char.o
        48          6          0          0          0         96   _printf_char_common.o
        36          4          0          0          0         80   _printf_char_file.o
       120         16          0          0          0         92   _printf_dec.o
         6          0          0          0          0          0   _printf_f.o
      1054          0          0          0          0        216   _printf_fp_dec.o
       128         16          0          0          0         84   _printf_fp_infnan.o
       178          0          0          0          0         88   _printf_intcommon.o
         0          0          0          0          0          0   _printf_percent.o
         4          0          0          0          0          0   _printf_percent_end.o
         6          0          0          0          0          0   _printf_s.o
        82          0          0          0          0         80   _printf_str.o
         6          0          0          0          0          0   _printf_u.o
        22          0          0          0          0        100   _rserrno.o
       884          4          0          0          0        100   _scanf.o
        64          0          0          0          0         84   _sgetc.o
        10          0          0          0          0         68   _sputc.o
        16          0          0          0          0         68   aeabi_memset.o
       228          4        148          0          0         96   bigflt0.o
      2152        136          0          0          0        960   btod.o
        18          0          0          0          0         80   exit.o
         8          0          0          0          0         68   ferror.o
         6          0          0          0          0        152   heapauxi.o
        18          0          0          0          0         76   isspace.o
        44         10        272          0          0         76   lc_ctype_c.o
        44         10         28          0          0         76   lc_numeric_c.o
         2          0          0          0          0          0   libinit.o
        30          0          0          0          0          0   libinit2.o
         2          0          0          0          0          0   libshutdown.o
         2          0          0          0          0          0   libshutdown2.o
         8          4          0          0         96         68   libspace.o
        38          0          0          0          0         68   llshl.o
       138          0          0          0          0         80   lludiv10.o
        24          4          0          0          0         84   noretval__2printf.o
        40          6          0          0          0         84   noretval__2sprintf.o
        16          4          0          0          0         76   rt_ctype_table.o
         8          4          0          0          0         68   rt_errno_addr_intlibspace.o
         8          4          0          0          0         68   rt_locale_intlibspace.o
        68          0          0          0          0         68   rt_memclr.o
        78          0          0          0          0         80   rt_memclr_w.o
       138          0          0          0          0         68   rt_memcpy_v6.o
       100          0          0          0          0         80   rt_memcpy_w.o
         2          0          0          0          0          0   rtexit.o
        10          0          0          0          0          0   rtexit2.o
        44          8          0          0          0         84   scanf_char.o
      1272         16          0          0          0        168   scanf_fp.o
       800         14          0          0          0        100   scanf_hexfp.o
       308         16          0          0          0        100   scanf_infnan.o
       128          0          0          0          0         68   strcmpv7m.o
        72          0          0          0          0         80   strcpy.o
        62          0          0          0          0         76   strlen.o
        86          0          0          0          0         76   strncpy.o
        30          0          0          0          0         76   strpbrk.o
        74          0          0          0          0         80   sys_stackheap_outer.o
         2          0          0          0          0         68   use_no_semi.o
         2          0          0          0          0         68   use_no_semi_2.o
        98          4          0          0          0         92   d2f.o
        16          4          0          0          0         68   dcheck1.o
        24          0          0          0          0         68   dcmpi.o
       120          4          0          0          0         92   deqf.o
       120          4          0          0          0         92   dleqf.o
       156          4          0          0          0         92   dnaninf.o
        12          0          0          0          0         68   dretinf.o
       108          0          0          0          0         80   drleqf.o
        86          4          0          0          0         84   f2d.o
       140          4          0          0          0         84   fnaninf.o
         0          0         16          0          0          0   fpconst.o
        10          0          0          0          0         68   fretinf.o
         6          0          0          0          0         68   istatus.o
         4          0          0          0          0         68   printf1.o
       100          0          0          0          0         68   retnan.o
        92          0          0          0          0         68   scalbn.o
         4          0          0          0          0         68   scanf1.o
         8          0          0          0          0         84   scanf2.o
        48          0          0          0          0         68   trapv.o
         0          0          0          0          0          0   usenofp.o
        30          6          0          0          0        136   dunder.o
        40          0          0          0          0         68   fpclassify.o
        88          8          0          0          0         76   frexp.o
       138          0          0          0          0        160   ldexp.o
       204          4          0          0          0        168   narrow.o

    ----------------------------------------------------------------------
     11006        350        464          0        100       7148   Library Totals
        26          2          0          0          4          0   (incl. Padding)

    ----------------------------------------------------------------------

      Code (inc. data)   RO Data    RW Data    ZI Data      Debug   Library Name

      9328        302        448          0         96       5160   c_w.l
      1152         28         16          0          0       1380   fz_ws.l
       500         18          0          0          0        608   m_ws.l

    ----------------------------------------------------------------------
     11006        350        464          0        100       7148   Library Totals

    ----------------------------------------------------------------------

==============================================================================


      Code (inc. data)   RO Data    RW Data    ZI Data      Debug   

     38078       1368        810        208      12944     490565   Grand Totals
     38078       1368        810        208      12944     490565   ELF Image Totals
     38078       1368        810        208          0          0   ROM Totals

==============================================================================

    Total RO  Size (Code + RO Data)                38888 (  37.98kB)
    Total RW  Size (RW Data + ZI Data)             13152 (  12.84kB)
    Total ROM Size (Code + RO Data + RW Data)      39096 (  38.18kB)

==============================================================================

